Component: ARM Compiler 5.05 update 2 (build 169) Tool: armlink [4d0f33]

==============================================================================

Section Cross References

    main.o(i.main) refers to segger_rtt_printf.o(i.SEGGER_RTT_printf) for SEGGER_RTT_printf
    main.o(i.main) refers to main.o(i.test_quad_read) for test_quad_read
    main.o(i.test_dual_read) refers to _printf_percent.o(.ARM.Collect$$_printf_percent$$00000000) for _printf_percent
    main.o(i.test_dual_read) refers to _printf_d.o(.ARM.Collect$$_printf_percent$$00000009) for _printf_d
    main.o(i.test_dual_read) refers to _printf_dec.o(.text) for _printf_int_dec
    main.o(i.test_dual_read) refers to gpio.o(i.HAL_GPIO_Init) for HAL_GPIO_Init
    main.o(i.test_dual_read) refers to flash.o(i.FLASH_Init) for FLASH_Init
    main.o(i.test_dual_read) refers to flash.o(i.FLASH_Erase_Block) for FLASH_Erase_Block
    main.o(i.test_dual_read) refers to flash.o(i.FLASH_Program) for FLASH_Program
    main.o(i.test_dual_read) refers to noretval__2printf.o(.text) for __2printf
    main.o(i.test_dual_read) refers to flash.o(i.FLASH_Dual_Read) for FLASH_Dual_Read
    main.o(i.test_dual_read) refers to gpio.o(i.HAL_GPIO_WritePin) for HAL_GPIO_WritePin
    main.o(i.test_quad_read) refers to _printf_percent.o(.ARM.Collect$$_printf_percent$$00000000) for _printf_percent
    main.o(i.test_quad_read) refers to _printf_d.o(.ARM.Collect$$_printf_percent$$00000009) for _printf_d
    main.o(i.test_quad_read) refers to _printf_dec.o(.text) for _printf_int_dec
    main.o(i.test_quad_read) refers to gpio.o(i.HAL_GPIO_Init) for HAL_GPIO_Init
    main.o(i.test_quad_read) refers to flash.o(i.FLASH_Init) for FLASH_Init
    main.o(i.test_quad_read) refers to flash.o(i.FLASH_Erase_Block) for FLASH_Erase_Block
    main.o(i.test_quad_read) refers to flash.o(i.FLASH_Program) for FLASH_Program
    main.o(i.test_quad_read) refers to noretval__2printf.o(.text) for __2printf
    main.o(i.test_quad_read) refers to flash.o(i.FLASH_Quad_Enable) for FLASH_Quad_Enable
    main.o(i.test_quad_read) refers to flash.o(i.FLASH_Quad_Read) for FLASH_Quad_Read
    main.o(i.test_quad_read) refers to gpio.o(i.HAL_GPIO_WritePin) for HAL_GPIO_WritePin
    main.o(i.test_read) refers to _printf_percent.o(.ARM.Collect$$_printf_percent$$00000000) for _printf_percent
    main.o(i.test_read) refers to _printf_d.o(.ARM.Collect$$_printf_percent$$00000009) for _printf_d
    main.o(i.test_read) refers to _printf_dec.o(.text) for _printf_int_dec
    main.o(i.test_read) refers to gpio.o(i.HAL_GPIO_Init) for HAL_GPIO_Init
    main.o(i.test_read) refers to flash.o(i.FLASH_Init) for FLASH_Init
    main.o(i.test_read) refers to flash.o(i.FLASH_Erase_Block) for FLASH_Erase_Block
    main.o(i.test_read) refers to flash.o(i.FLASH_Program) for FLASH_Program
    main.o(i.test_read) refers to noretval__2printf.o(.text) for __2printf
    main.o(i.test_read) refers to flash.o(i.FLASH_Read) for FLASH_Read
    main.o(i.test_read) refers to gpio.o(i.HAL_GPIO_WritePin) for HAL_GPIO_WritePin
    int_register.o(i.ADCC0_Int_Register) refers to debug.o(i.__aeabi_assert) for __aeabi_assert
    int_register.o(i.ADCC0_Int_Register) refers to int_register.o(i.int_callback_register) for int_callback_register
    int_register.o(i.ADCC1_Int_Register) refers to debug.o(i.__aeabi_assert) for __aeabi_assert
    int_register.o(i.ADCC1_Int_Register) refers to int_register.o(i.int_callback_register) for int_callback_register
    int_register.o(i.ADCC2_Int_Register) refers to debug.o(i.__aeabi_assert) for __aeabi_assert
    int_register.o(i.ADCC2_Int_Register) refers to int_register.o(i.int_callback_register) for int_callback_register
    int_register.o(i.ADCC3_Int_Register) refers to debug.o(i.__aeabi_assert) for __aeabi_assert
    int_register.o(i.ADCC3_Int_Register) refers to int_register.o(i.int_callback_register) for int_callback_register
    int_register.o(i.ADCC4_Int_Register) refers to debug.o(i.__aeabi_assert) for __aeabi_assert
    int_register.o(i.ADCC4_Int_Register) refers to int_register.o(i.int_callback_register) for int_callback_register
    int_register.o(i.ADCC5_Int_Register) refers to debug.o(i.__aeabi_assert) for __aeabi_assert
    int_register.o(i.ADCC5_Int_Register) refers to int_register.o(i.int_callback_register) for int_callback_register
    int_register.o(i.DMAC_Int_Register) refers to debug.o(i.__aeabi_assert) for __aeabi_assert
    int_register.o(i.DMAC_Int_Register) refers to int_register.o(i.int_callback_register) for int_callback_register
    int_register.o(i.EXTINT_Int_Register) refers to debug.o(i.__aeabi_assert) for __aeabi_assert
    int_register.o(i.EXTINT_Int_Register) refers to int_register.o(i.int_callback_register) for int_callback_register
    int_register.o(i.GPIO_Int_Register) refers to debug.o(i.__aeabi_assert) for __aeabi_assert
    int_register.o(i.GPIO_Int_Register) refers to int_register.o(i.int_callback_register) for int_callback_register
[...]
    __rtentry2.o(.ARM.exidx) refers to __rtentry2.o(.ARM.Collect$$rtentry$$00000008) for .ARM.Collect$$rtentry$$00000008
    __rtentry2.o(.ARM.exidx) refers to __rtentry2.o(.ARM.Collect$$rtentry$$0000000A) for .ARM.Collect$$rtentry$$0000000A
    __rtentry2.o(.ARM.exidx) refers to __rtentry2.o(.ARM.Collect$$rtentry$$0000000B) for .ARM.Collect$$rtentry$$0000000B
    __rtentry2.o(.ARM.exidx) refers to __rtentry2.o(.ARM.Collect$$rtentry$$0000000D) for .ARM.Collect$$rtentry$$0000000D
    __rtentry4.o(.ARM.Collect$$rtentry$$00000004) refers to sys_stackheap_outer.o(.text) for __user_setup_stackheap
    __rtentry4.o(.ARM.exidx) refers to __rtentry4.o(.ARM.Collect$$rtentry$$00000004) for .ARM.Collect$$rtentry$$00000004
    _printf_char_common.o(.text) refers to __printf.o(.text) for __printf
    sys_stackheap_outer.o(.text) refers to libspace.o(.text) for __user_perproc_libspace
    sys_stackheap_outer.o(.text) refers to startup_elf2.o(.text) for __user_initial_stackheap
    exit.o(.text) refers to rtexit.o(.ARM.Collect$$rtexit$$00000000) for __rt_exit
    libinit.o(.ARM.Collect$$libinit$$00000000) refers (Special) to libinit2.o(.ARM.Collect$$libinit$$0000002E) for __rt_lib_init_alloca_1
    libinit.o(.ARM.Collect$$libinit$$00000000) refers (Special) to libinit2.o(.ARM.Collect$$libinit$$0000002C) for __rt_lib_init_argv_1
    libinit.o(.ARM.Collect$$libinit$$00000000) refers (Special) to libinit2.o(.ARM.Collect$$libinit$$0000001B) for __rt_lib_init_atexit_1
    libinit.o(.ARM.Collect$$libinit$$00000000) refers (Special) to libinit2.o(.ARM.Collect$$libinit$$00000021) for __rt_lib_init_clock_1
    libinit.o(.ARM.Collect$$libinit$$00000000) refers (Special) to libinit2.o(.ARM.Collect$$libinit$$00000032) for __rt_lib_init_cpp_1
    libinit.o(.ARM.Collect$$libinit$$00000000) refers (Special) to libinit2.o(.ARM.Collect$$libinit$$00000030) for __rt_lib_init_exceptions_1
    libinit.o(.ARM.Collect$$libinit$$00000000) refers (Special) to libinit2.o(.ARM.Collect$$libinit$$00000002) for __rt_lib_init_fp_1
    libinit.o(.ARM.Collect$$libinit$$00000000) refers (Special) to libinit2.o(.ARM.Collect$$libinit$$0000001F) for __rt_lib_init_fp_trap_1
    libinit.o(.ARM.Collect$$libinit$$00000000) refers (Special) to libinit2.o(.ARM.Collect$$libinit$$00000023) for __rt_lib_init_getenv_1
    libinit.o(.ARM.Collect$$libinit$$00000000) refers (Special) to libinit2.o(.ARM.Collect$$libinit$$0000000A) for __rt_lib_init_heap_1
    libinit.o(.ARM.Collect$$libinit$$00000000) refers (Special) to libinit2.o(.ARM.Collect$$libinit$$00000011) for __rt_lib_init_lc_collate_1
    libinit.o(.ARM.Collect$$libinit$$00000000) refers (Special) to libinit2.o(.ARM.Collect$$libinit$$00000013) for __rt_lib_init_lc_ctype_1
    libinit.o(.ARM.Collect$$libinit$$00000000) refers (Special) to libinit2.o(.ARM.Collect$$libinit$$00000015) for __rt_lib_init_lc_monetary_1
    libinit.o(.ARM.Collect$$libinit$$00000000) refers (Special) to libinit2.o(.ARM.Collect$$libinit$$00000017) for __rt_lib_init_lc_numeric_1
    libinit.o(.ARM.Collect$$libinit$$00000000) refers (Special) to libinit2.o(.ARM.Collect$$libinit$$00000019) for __rt_lib_init_lc_time_1
    libinit.o(.ARM.Collect$$libinit$$00000000) refers (Special) to libinit2.o(.ARM.Collect$$libinit$$00000004) for __rt_lib_init_preinit_1
    libinit.o(.ARM.Collect$$libinit$$00000000) refers (Special) to libinit2.o(.ARM.Collect$$libinit$$0000000E) for __rt_lib_init_rand_1
    libinit.o(.ARM.Collect$$libinit$$00000000) refers (Special) to libinit2.o(.ARM.Collect$$libinit$$00000033) for __rt_lib_init_return
    libinit.o(.ARM.Collect$$libinit$$00000000) refers (Special) to libinit2.o(.ARM.Collect$$libinit$$0000001D) for __rt_lib_init_signal_1
    libinit.o(.ARM.Collect$$libinit$$00000000) refers (Special) to libinit2.o(.ARM.Collect$$libinit$$00000025) for __rt_lib_init_stdio_1
    libinit.o(.ARM.Collect$$libinit$$00000000) refers (Special) to libinit2.o(.ARM.Collect$$libinit$$0000000C) for __rt_lib_init_user_alloc_1
    libspace.o(.text) refers to libspace.o(.bss) for __libspace_start
    rtexit.o(.ARM.Collect$$rtexit$$00000000) refers (Special) to rtexit2.o(.ARM.Collect$$rtexit$$00000004) for __rt_exit_exit
    rtexit.o(.ARM.Collect$$rtexit$$00000000) refers (Special) to rtexit2.o(.ARM.Collect$$rtexit$$00000003) for __rt_exit_ls
    rtexit.o(.ARM.Collect$$rtexit$$00000000) refers (Special) to rtexit2.o(.ARM.Collect$$rtexit$$00000002) for __rt_exit_prels_1
    rtexit.o(.ARM.exidx) refers (Special) to rtexit2.o(.ARM.Collect$$rtexit$$00000004) for __rt_exit_exit
    rtexit.o(.ARM.exidx) refers (Special) to rtexit2.o(.ARM.Collect$$rtexit$$00000003) for __rt_exit_ls
    rtexit.o(.ARM.exidx) refers (Special) to rtexit2.o(.ARM.Collect$$rtexit$$00000002) for __rt_exit_prels_1
    rtexit.o(.ARM.exidx) refers to rtexit.o(.ARM.Collect$$rtexit$$00000000) for .ARM.Collect$$rtexit$$00000000
    libinit2.o(.ARM.Collect$$libinit$$00000010) refers to libinit2.o(.ARM.Collect$$libinit$$0000000F) for .ARM.Collect$$libinit$$0000000F
    libinit2.o(.ARM.Collect$$libinit$$00000012) refers to libinit2.o(.ARM.Collect$$libinit$$0000000F) for .ARM.Collect$$libinit$$0000000F
    libinit2.o(.ARM.Collect$$libinit$$00000014) refers to libinit2.o(.ARM.Collect$$libinit$$0000000F) for .ARM.Collect$$libinit$$0000000F
    libinit2.o(.ARM.Collect$$libinit$$00000016) refers to libinit2.o(.ARM.Collect$$libinit$$0000000F) for .ARM.Collect$$libinit$$0000000F
    libinit2.o(.ARM.Collect$$libinit$$00000018) refers to libinit2.o(.ARM.Collect$$libinit$$0000000F) for .ARM.Collect$$libinit$$0000000F
    libinit2.o(.ARM.Collect$$libinit$$00000026) refers to argv_veneer.o(.emb_text) for __ARM_argv_veneer
    libinit2.o(.ARM.Collect$$libinit$$00000027) refers to argv_veneer.o(.emb_text) for __ARM_argv_veneer
    rtexit2.o(.ARM.Collect$$rtexit$$00000003) refers to libshutdown.o(.ARM.Collect$$libshutdown$$00000000) for __rt_lib_shutdown
    rtexit2.o(.ARM.Collect$$rtexit$$00000004) refers to sys_exit.o(.text) for _sys_exit
    rtexit2.o(.ARM.exidx) refers to rtexit2.o(.ARM.Collect$$rtexit$$00000001) for .ARM.Collect$$rtexit$$00000001
    rtexit2.o(.ARM.exidx) refers to rtexit2.o(.ARM.Collect$$rtexit$$00000003) for .ARM.Collect$$rtexit$$00000003
    rtexit2.o(.ARM.exidx) refers to rtexit2.o(.ARM.Collect$$rtexit$$00000004) for .ARM.Collect$$rtexit$$00000004
    argv_veneer.o(.emb_text) refers to no_argv.o(.text) for __ARM_get_argv
    sys_exit.o(.text) refers (Special) to use_no_semi.o(.text) for __I$use$semihosting
    sys_exit.o(.text) refers (Special) to indicate_semi.o(.text) for __semihosting_library_function
    _get_argv_nomalloc.o(.text) refers (Special) to hrguard.o(.text) for __heap_region$guard
    _get_argv_nomalloc.o(.text) refers to defsig_rtmem_outer.o(.text) for __rt_SIGRTMEM
    _get_argv_nomalloc.o(.text) refers to sys_command.o(.text) for _sys_command_string
    libshutdown.o(.ARM.Collect$$libshutdown$$00000000) refers (Special) to libshutdown2.o(.ARM.Collect$$libshutdown$$00000006) for __rt_lib_shutdown_fp_trap_1
    libshutdown.o(.ARM.Collect$$libshutdown$$00000000) refers (Special) to libshutdown2.o(.ARM.Collect$$libshutdown$$0000000E) for __rt_lib_shutdown_heap_1
    libshutdown.o(.ARM.Collect$$libshutdown$$00000000) refers (Special) to libshutdown2.o(.ARM.Collect$$libshutdown$$0000000F) for __rt_lib_shutdown_return
    libshutdown.o(.ARM.Collect$$libshutdown$$00000000) refers (Special) to libshutdown2.o(.ARM.Collect$$libshutdown$$00000009) for __rt_lib_shutdown_signal_1
    libshutdown.o(.ARM.Collect$$libshutdown$$00000000) refers (Special) to libshutdown2.o(.ARM.Collect$$libshutdown$$00000003) for __rt_lib_shutdown_stdio_1
    libshutdown.o(.ARM.Collect$$libshutdown$$00000000) refers (Special) to libshutdown2.o(.ARM.Collect$$libshutdown$$0000000B) for __rt_lib_shutdown_user_alloc_1
    sys_command.o(.text) refers (Special) to use_no_semi.o(.text) for __I$use$semihosting
    sys_command.o(.text) refers (Special) to indicate_semi.o(.text) for __semihosting_library_function
    defsig_rtmem_outer.o(.text) refers to defsig_rtmem_inner.o(.text) for __rt_SIGRTMEM_inner
    defsig_rtmem_outer.o(.text) refers to defsig_exit.o(.text) for __sig_exit
    defsig_rtmem_formal.o(.text) refers to rt_raise.o(.text) for __rt_raise
    rt_raise.o(.text) refers to __raise.o(.text) for __raise
    rt_raise.o(.text) refers to sys_exit.o(.text) for _sys_exit
    defsig_exit.o(.text) refers to sys_exit.o(.text) for _sys_exit
    defsig_rtmem_inner.o(.text) refers to defsig_general.o(.text) for __default_signal_display
    __raise.o(.text) refers to defsig.o(CL$$defsig) for __default_signal_handler
    defsig_general.o(.text) refers to sys_wrch.o(.text) for _ttywrch
    sys_wrch.o(.text) refers (Special) to use_no_semi.o(.text) for __I$use$semihosting
    sys_wrch.o(.text) refers (Special) to indicate_semi.o(.text) for __semihosting_library_function
    defsig.o(CL$$defsig) refers to defsig_rtmem_inner.o(.text) for __rt_SIGRTMEM_inner
    defsig_abrt_inner.o(.text) refers to defsig_general.o(.text) for __default_signal_display
    defsig_fpe_inner.o(.text) refers to defsig_general.o(.text) for __default_signal_display
    defsig_rtred_inner.o(.text) refers to defsig_general.o(.text) for __default_signal_display
    defsig_stak_inner.o(.text) refers to defsig_general.o(.text) for __default_signal_display
    defsig_pvfn_inner.o(.text) refers to defsig_general.o(.text) for __default_signal_display
    defsig_cppl_inner.o(.text) refers to defsig_general.o(.text) for __default_signal_display
    defsig_segv_inner.o(.text) refers to defsig_general.o(.text) for __default_signal_display
    defsig_other.o(.text) refers to defsig_general.o(.text) for __default_signal_display


==============================================================================

Removing Unused input sections from the image.

    Removing main.o(.rev16_text), (4 bytes).
    Removing main.o(.revsh_text), (4 bytes).
    Removing main.o(.rrx_text), (6 bytes).
    Removing main.o(i.test_dual_read), (308 bytes).
    Removing main.o(i.test_read), (300 bytes).
    Removing int_register.o(i.ADCC0_Int_Register), (88 bytes).
    Removing int_register.o(i.ADCC1_Int_Register), (88 bytes).
    Removing int_register.o(i.ADCC2_Int_Register), (88 bytes).
    Removing int_register.o(i.ADCC3_Int_Register), (88 bytes).
    Removing int_register.o(i.ADCC4_Int_Register), (88 bytes).
    Removing int_register.o(i.ADCC5_Int_Register), (88 bytes).
    Removing int_register.o(i.DMAC_Int_Register), (88 bytes).
    Removing int_register.o(i.EXTINT_Int_Register), (88 bytes).
    Removing int_register.o(i.GPIO_Int_Register), (88 bytes).
    Removing int_register.o(i.I2C0_Int_Register), (88 bytes).
    Removing int_register.o(i.I2C1_Int_Register), (88 bytes).
    Removing int_register.o(i.I2S_Int_Register), (88 bytes).
    Removing int_register.o(i.RTC_Int_Register), (88 bytes).
    Removing int_register.o(i.SPIM_Int_Register), (88 bytes).
    Removing int_register.o(i.TIMER_Int_Register), (88 bytes).
    Removing int_register.o(i.UART_Int_Register), (116 bytes).
    Removing int_register.o(i.WDT_Int_Register), (88 bytes).
    Removing int_register.o(i.int_callback_get_isr), (100 bytes).
    Removing int_register.o(i.int_callback_get_param), (104 bytes).
    Removing int_register.o(i.int_callback_register), (116 bytes).
    Removing int_register.o(i.int_callback_unregister), (108 bytes).
    Removing intc.o(.rev16_text), (4 bytes).
    Removing intc.o(.revsh_text), (4 bytes).
    Removing intc.o(.rrx_text), (6 bytes).
    Removing intc.o(i.__NVIC_ClearPendingIRQ), (28 bytes).
    Removing intc.o(i.clear_all_pending_irq), (112 bytes).
    Removing intc.o(i.int_set_priority), (52 bytes).
    Removing intc.o(i.intc_init), (8 bytes).
    Removing system_elf2.o(.rev16_text), (4 bytes).
    Removing system_elf2.o(.revsh_text), (4 bytes).
    Removing system_elf2.o(.rrx_text), (6 bytes).
    Removing system_elf2.o(i.SystemCoreClockUpdate), (16 bytes).
    Removing segger_rtt.o(i.SEGGER_RTT_AllocDownBuffer), (192 bytes).
    Removing segger_rtt.o(i.SEGGER_RTT_AllocUpBuffer), (192 bytes).
    Removing segger_rtt.o(i.SEGGER_RTT_ConfigDownBuffer), (168 bytes).
    Removing segger_rtt.o(i.SEGGER_RTT_ConfigUpBuffer), (168 bytes).
    Removing segger_rtt.o(i.SEGGER_RTT_GetKey), (32 bytes).
    Removing segger_rtt.o(i.SEGGER_RTT_HasData), (28 bytes).
    Removing segger_rtt.o(i.SEGGER_RTT_HasKey), (40 bytes).
    Removing segger_rtt.o(i.SEGGER_RTT_Init), (8 bytes).
    Removing segger_rtt.o(i.SEGGER_RTT_Read), (56 bytes).
    Removing segger_rtt.o(i.SEGGER_RTT_ReadNoLock), (152 bytes).
    Removing segger_rtt.o(i.SEGGER_RTT_SetFlagsDownBuffer), (84 bytes).
    Removing segger_rtt.o(i.SEGGER_RTT_SetFlagsUpBuffer), (84 bytes).
    Removing segger_rtt.o(i.SEGGER_RTT_SetNameDownBuffer), (84 bytes).
    Removing segger_rtt.o(i.SEGGER_RTT_SetNameUpBuffer), (84 bytes).
    Removing segger_rtt.o(i.SEGGER_RTT_SetTerminal), (156 bytes).
    Removing segger_rtt.o(i.SEGGER_RTT_TerminalOut), (256 bytes).
    Removing segger_rtt.o(i.SEGGER_RTT_WaitKey), (14 bytes).
    Removing segger_rtt.o(i.SEGGER_RTT_WriteSkipNoLock), (184 bytes).
    Removing segger_rtt.o(i.SEGGER_RTT_WriteString), (26 bytes).
    Removing segger_rtt.o(i.SEGGER_RTT_WriteWithOverwriteNoLock), (180 bytes).
    Removing segger_rtt.o(i._PostTerminalSwitch), (36 bytes).
    Removing segger_rtt.o(.data), (17 bytes).
    Removing flash.o(.rev16_text), (4 bytes).
    Removing flash.o(.revsh_text), (4 bytes).
    Removing flash.o(.rrx_text), (6 bytes).
    Removing flash.o(i.FLASH_Deinit), (8 bytes).
    Removing flash.o(i.FLASH_Dual_Read), (208 bytes).
    Removing flash.o(i.FLASH_Erase), (120 bytes).
    Removing flash.o(i.FLASH_Program_JFlash), (208 bytes).
    Removing flash.o(i.FLASH_Read), (204 bytes).
    Removing gpio.o(.rev16_text), (4 bytes).
    Removing gpio.o(.revsh_text), (4 bytes).
    Removing gpio.o(.rrx_text), (6 bytes).
    Removing gpio.o(i.HAL_GPIO_ClrIrq), (20 bytes).
    Removing gpio.o(i.HAL_GPIO_GetDir), (48 bytes).
    Removing gpio.o(i.HAL_GPIO_IntDisable), (32 bytes).
    Removing gpio.o(i.HAL_GPIO_IntEnable), (32 bytes).
    Removing gpio.o(i.HAL_GPIO_IntStatus), (16 bytes).
    Removing gpio.o(i.HAL_GPIO_MaskIrq), (32 bytes).
    Removing gpio.o(i.HAL_GPIO_ReadPin), (48 bytes).
    Removing gpio.o(i.HAL_GPIO_TogglePin), (104 bytes).
    Removing gpio.o(i.HAL_GPIO_TrigBothEdge), (52 bytes).
    Removing gpio.o(i.HAL_GPIO_UnmaskIrq), (32 bytes).
    Removing gpio.o(i.gpio_int_both_edge_setf), (20 bytes).
    Removing gpio.o(i.gpio_int_mask_setf), (20 bytes).
    Removing gpio.o(i.gpio_interruptenable_setf), (20 bytes).
    Removing syscon.o(.rev16_text), (4 bytes).
    Removing syscon.o(.revsh_text), (4 bytes).
    Removing syscon.o(.rrx_text), (6 bytes).
    Removing syscon.o(i.HAL_SYSCON_Clk_Enable), (192 bytes).
    Removing syscon.o(i.HAL_SYSCON_Function_IO_Set), (436 bytes).
    Removing syscon.o(i.HAL_SYSCON_Function_IO_disable_all), (10 bytes).
    Removing syscon.o(i.HAL_SYSCON_GPIO_IO_En), (36 bytes).
    Removing syscon.o(i.HAL_SYSCON_GPIO_Pull_Down), (44 bytes).
    Removing syscon.o(i.HAL_SYSCON_GPIO_Pull_Up), (44 bytes).
    Removing syscon.o(i.HAL_SYSCON_IO_Ctrl_Set), (136 bytes).
    Removing syscon.o(i.HAL_SYSCON_Retention_Enable), (36 bytes).
    Removing syscon.o(i.HAL_SYSCON_SW_Reset), (136 bytes).
    Removing syscon.o(i.HAL_SYSCON_Start_Cap_IO), (28 bytes).
    Removing syscon.o(i.sysc_awo_gpil_pd_setf), (20 bytes).
    Removing syscon.o(i.sysc_awo_gpil_pu_n_setf), (20 bytes).
    Removing syscon.o(i.sysc_awo_sw_clkg_set), (12 bytes).
    Removing syscon.o(i.sysc_awo_sw_rstn_set), (12 bytes).
    Removing syscon.o(i.sysc_cpu_func_en_set), (8 bytes).
    Removing syscon.o(i.sysc_cpu_sw_clkg_set), (8 bytes).
    Removing syscon.o(i.sysc_cpu_sw_rstn_set), (8 bytes).
    Removing qspi.o(.rev16_text), (4 bytes).
    Removing qspi.o(.revsh_text), (4 bytes).
    Removing qspi.o(.rrx_text), (6 bytes).
    Removing qspi.o(i.qspi_cache_init), (92 bytes).
    Removing qspi.o(i.qspi_deinit), (16 bytes).
    Removing qspi.o(i.qspi_en), (12 bytes).
    Removing qspi.o(i.qspi_flash_dual_read_data), (196 bytes).
    Removing qspi.o(i.qspi_flash_quad_program), (2 bytes).
    Removing qspi.o(i.qspi_flash_read_data), (184 bytes).
    Removing qspi.o(i.qspi_imr_set), (12 bytes).
    Removing dma.o(.rev16_text), (4 bytes).
    Removing dma.o(.revsh_text), (4 bytes).
    Removing dma.o(.rrx_text), (6 bytes).
    Removing dma.o(i.HAL_DMAC_Clr_Block), (16 bytes).
    Removing dma.o(i.HAL_DMAC_Clr_DstTran), (16 bytes).
    Removing dma.o(i.HAL_DMAC_Clr_Err), (16 bytes).
    Removing dma.o(i.HAL_DMAC_Clr_SrcTran), (16 bytes).
    Removing dma.o(i.HAL_DMAC_Clr_Tfr), (16 bytes).
    Removing dma.o(i.HAL_DMAC_Get_Busy_Channel), (16 bytes).
    Removing dma.o(i.HAL_DMAC_Global_En), (28 bytes).
    Removing dma.o(i.HAL_DMAC_Init), (544 bytes).
    Removing dma.o(i.HAL_DMAC_Int_Status), (16 bytes).
    Removing dma.o(i.HAL_DMAC_RawStatus_Block), (10 bytes).
    Removing dma.o(i.HAL_DMAC_RawStatus_DstTran), (16 bytes).
    Removing dma.o(i.HAL_DMAC_RawStatus_Err), (16 bytes).
    Removing dma.o(i.HAL_DMAC_RawStatus_SrcTran), (16 bytes).
    Removing dma.o(i.HAL_DMAC_RawStatus_Tfr), (16 bytes).
    Removing dma.o(i.HAL_DMAC_Start_Transfer), (172 bytes).
    Removing dma.o(i.HAL_DMAC_Status_Block), (16 bytes).
    Removing dma.o(i.HAL_DMAC_Status_DstTran), (16 bytes).
    Removing dma.o(i.HAL_DMAC_Status_Err), (16 bytes).
    Removing dma.o(i.HAL_DMAC_Status_SrcTran), (16 bytes).
    Removing dma.o(i.HAL_DMAC_Status_Tfr), (16 bytes).
    Removing dma.o(i.HAL_DMAC_UnMask_Block), (20 bytes).
    Removing dma.o(i.HAL_DMAC_UnMask_DstTran), (20 bytes).
    Removing dma.o(i.HAL_DMAC_UnMask_Err), (20 bytes).
    Removing dma.o(i.HAL_DMAC_UnMask_SrcTran), (20 bytes).
    Removing dma.o(i.HAL_DMAC_UnMask_Tfr), (20 bytes).
    Removing dma.o(i.HAL_DMAC_Wait_Done), (24 bytes).
    Removing dma.o(i.dmac_ch1_cfg_h_pack), (32 bytes).
    Removing dma.o(i.dmac_transfer_QSPI_TX_32Bit), (80 bytes).

144 unused section(s) (total 9299 bytes) removed from the image.

==============================================================================

Image Symbol Table

    Local Symbols

    Symbol Name                              Value     Ov Type        Size  Object(Section)

    RESET                                    0x00000000   Section      136  startup_elf2.o(RESET)
    ../clib/angel/boardlib.s                 0x00000000   Number         0  boardinit1.o ABSOLUTE
    ../clib/angel/boardlib.s                 0x00000000   Number         0  boardshut.o ABSOLUTE
    ../clib/angel/boardlib.s                 0x00000000   Number         0  boardinit3.o ABSOLUTE
    ../clib/angel/boardlib.s                 0x00000000   Number         0  boardinit2.o ABSOLUTE
    ../clib/angel/handlers.s                 0x00000000   Number         0  __scatter_zi.o ABSOLUTE
    ../clib/angel/handlers.s                 0x00000000   Number         0  __scatter_copy.o ABSOLUTE
    ../clib/angel/kernel.s                   0x00000000   Number         0  __rtentry2.o ABSOLUTE
    ../clib/angel/kernel.s                   0x00000000   Number         0  __rtentry4.o ABSOLUTE
    ../clib/angel/kernel.s                   0x00000000   Number         0  rtexit.o ABSOLUTE
    ../clib/angel/kernel.s                   0x00000000   Number         0  rtexit2.o ABSOLUTE
    ../clib/angel/kernel.s                   0x00000000   Number         0  __rtentry.o ABSOLUTE
    ../clib/angel/rt.s                       0x00000000   Number         0  rt_raise.o ABSOLUTE
    ../clib/angel/scatter.s                  0x00000000   Number         0  __scatter.o ABSOLUTE
    ../clib/angel/startup.s                  0x00000000   Number         0  __main.o ABSOLUTE
    ../clib/angel/sys.s                      0x00000000   Number         0  libspace.o ABSOLUTE
    ../clib/angel/sys.s                      0x00000000   Number         0  use_no_semi.o ABSOLUTE
    ../clib/angel/sys.s                      0x00000000   Number         0  sys_stackheap_outer.o ABSOLUTE
    ../clib/angel/sys.s                      0x00000000   Number         0  indicate_semi.o ABSOLUTE
    ../clib/angel/sysapp.c                   0x00000000   Number         0  sys_exit.o ABSOLUTE
    ../clib/angel/sysapp.c                   0x00000000   Number         0  sys_command.o ABSOLUTE
    ../clib/angel/sysapp.c                   0x00000000   Number         0  sys_wrch.o ABSOLUTE
    ../clib/armsys.c                         0x00000000   Number         0  _get_argv_nomalloc.o ABSOLUTE
    ../clib/armsys.c                         0x00000000   Number         0  argv_veneer.o ABSOLUTE
    ../clib/armsys.c                         0x00000000   Number         0  argv_veneer.o ABSOLUTE
    ../clib/armsys.c                         0x00000000   Number         0  no_argv.o ABSOLUTE
    ../clib/heapalloc.c                      0x00000000   Number         0  hrguard.o ABSOLUTE
    ../clib/heapaux.c                        0x00000000   Number         0  heapauxi.o ABSOLUTE
    ../clib/libinit.s                        0x00000000   Number         0  libshutdown.o ABSOLUTE
    ../clib/libinit.s                        0x00000000   Number         0  libshutdown2.o ABSOLUTE
    ../clib/libinit.s                        0x00000000   Number         0  libinit.o ABSOLUTE
    ../clib/libinit.s                        0x00000000   Number         0  libinit2.o ABSOLUTE
    ../clib/memcpset.s                       0x00000000   Number         0  rt_memcpy_w.o ABSOLUTE
    ../clib/memcpset.s                       0x00000000   Number         0  rt_memcpy_v6.o ABSOLUTE
    ../clib/printf.c                         0x00000000   Number         0  noretval__2printf.o ABSOLUTE
    ../clib/printf.c                         0x00000000   Number         0  _printf_char_common.o ABSOLUTE
    ../clib/printf.c                         0x00000000   Number         0  __printf.o ABSOLUTE
    ../clib/printf.c                         0x00000000   Number         0  _printf_str.o ABSOLUTE
    ../clib/printf.c                         0x00000000   Number         0  __printf_nopercent.o ABSOLUTE
    ../clib/printf.c                         0x00000000   Number         0  _printf_dec.o ABSOLUTE
    ../clib/printf.c                         0x00000000   Number         0  __printf_flags.o ABSOLUTE
    ../clib/printf.c                         0x00000000   Number         0  __printf_ss.o ABSOLUTE
    ../clib/printf.c                         0x00000000   Number         0  __printf_flags_ss.o ABSOLUTE
    ../clib/printf.c                         0x00000000   Number         0  __printf_flags_wp.o ABSOLUTE
    ../clib/printf.c                         0x00000000   Number         0  __printf_ss_wp.o ABSOLUTE
    ../clib/printf.c                         0x00000000   Number         0  __printf_flags_ss_wp.o ABSOLUTE
    ../clib/printf.c                         0x00000000   Number         0  _printf_char_file.o ABSOLUTE
    ../clib/printf.c                         0x00000000   Number         0  __printf_wp.o ABSOLUTE
    ../clib/printf.c                         0x00000000   Number         0  _printf_intcommon.o ABSOLUTE
    ../clib/printf.c                         0x00000000   Number         0  _printf_char.o ABSOLUTE
    ../clib/printf.c                         0x00000000   Number         0  __2printf.o ABSOLUTE
    ../clib/printf_percent.s                 0x00000000   Number         0  _printf_percent_end.o ABSOLUTE
    ../clib/printf_percent.s                 0x00000000   Number         0  _printf_percent.o ABSOLUTE
    ../clib/printf_percent.s                 0x00000000   Number         0  _printf_s.o ABSOLUTE
    ../clib/printf_percent.s                 0x00000000   Number         0  _printf_d.o ABSOLUTE
    ../clib/signal.c                         0x00000000   Number         0  defsig_rtmem_formal.o ABSOLUTE
    ../clib/signal.c                         0x00000000   Number         0  defsig_rtmem_outer.o ABSOLUTE
    ../clib/signal.c                         0x00000000   Number         0  defsig_fpe_inner.o ABSOLUTE
    ../clib/signal.c                         0x00000000   Number         0  defsig_rtred_inner.o ABSOLUTE
    ../clib/signal.c                         0x00000000   Number         0  defsig_general.o ABSOLUTE
    ../clib/signal.c                         0x00000000   Number         0  __raise.o ABSOLUTE
    ../clib/signal.c                         0x00000000   Number         0  defsig_rtmem_inner.o ABSOLUTE
    ../clib/signal.c                         0x00000000   Number         0  defsig_exit.o ABSOLUTE
    ../clib/signal.c                         0x00000000   Number         0  defsig_abrt_inner.o ABSOLUTE
    ../clib/signal.c                         0x00000000   Number         0  defsig_pvfn_inner.o ABSOLUTE
    ../clib/signal.c                         0x00000000   Number         0  defsig_stak_inner.o ABSOLUTE
    ../clib/signal.c                         0x00000000   Number         0  defsig_cppl_inner.o ABSOLUTE
    ../clib/signal.c                         0x00000000   Number         0  defsig_segv_inner.o ABSOLUTE
    ../clib/signal.c                         0x00000000   Number         0  defsig_other.o ABSOLUTE
    ../clib/signal.s                         0x00000000   Number         0  defsig.o ABSOLUTE
    ../clib/stdio.c                          0x00000000   Number         0  ferror.o ABSOLUTE
    ../clib/stdio.c                          0x00000000   Number         0  ferror_locked.o ABSOLUTE
    ../clib/stdlib.c                         0x00000000   Number         0  exit.o ABSOLUTE
    ../clib/string.c                         0x00000000   Number         0  strcpy.o ABSOLUTE
    ../clib/string.c                         0x00000000   Number         0  strlen.o ABSOLUTE
    ../fplib/fpinit.s                        0x00000000   Number         0  fpinit.o ABSOLUTE
    ..\..\..\ELF2_BSP\Debug\RTT\SEGGER_RTT.c 0x00000000   Number         0  segger_rtt.o ABSOLUTE
    ..\..\..\ELF2_BSP\Debug\RTT\SEGGER_RTT_printf.c 0x00000000   Number         0  segger_rtt_printf.o ABSOLUTE
    ..\..\..\ELF2_BSP\Debug\debug.c          0x00000000   Number         0  debug.o ABSOLUTE
    ..\..\..\ELF2_BSP\Debug\log.c            0x00000000   Number         0  log.o ABSOLUTE
    ..\..\..\ELF2_BSP\Device\ELF2\Source\ARM\startup_elf2.s 0x00000000   Number         0  startup_elf2.o ABSOLUTE
    ..\..\..\ELF2_BSP\Device\ELF2\Source\system_elf2.c 0x00000000   Number         0  system_elf2.o ABSOLUTE
    ..\..\..\ELF2_BSP\Driver\int_register.c  0x00000000   Number         0  int_register.o ABSOLUTE
    ..\..\..\ELF2_BSP\Driver\intc.c          0x00000000   Number         0  intc.o ABSOLUTE
    ..\\..\\..\\ELF2_BSP\\Device\\ELF2\\Source\\system_elf2.c 0x00000000   Number         0  system_elf2.o ABSOLUTE
    ..\\..\\..\\ELF2_BSP\\Driver\\intc.c     0x00000000   Number         0  intc.o ABSOLUTE
    ..\\sdk\\src\\soc\\driver\\dma.c         0x00000000   Number         0  dma.o ABSOLUTE
    ..\\sdk\\src\\soc\\driver\\flash.c       0x00000000   Number         0  flash.o ABSOLUTE
    ..\\sdk\\src\\soc\\driver\\gpio.c        0x00000000   Number         0  gpio.o ABSOLUTE
    ..\\sdk\\src\\soc\\driver\\qspi.c        0x00000000   Number         0  qspi.o ABSOLUTE
    ..\\sdk\\src\\soc\\driver\\syscon.c      0x00000000   Number         0  syscon.o ABSOLUTE
    ..\sdk\src\soc\driver\dma.c              0x00000000   Number         0  dma.o ABSOLUTE
    ..\sdk\src\soc\driver\flash.c            0x00000000   Number         0  flash.o ABSOLUTE
    ..\sdk\src\soc\driver\gpio.c             0x00000000   Number         0  gpio.o ABSOLUTE
    ..\sdk\src\soc\driver\qspi.c             0x00000000   Number         0  qspi.o ABSOLUTE
    ..\sdk\src\soc\driver\syscon.c           0x00000000   Number         0  syscon.o ABSOLUTE
    dc.s                                     0x00000000   Number         0  dc.o ABSOLUTE
    src\\main.c                              0x00000000   Number         0  main.o ABSOLUTE
    src\main.c                               0x00000000   Number         0  main.o ABSOLUTE
    int_callback_area                        0x00000088   Section      144  int_register.o(int_callback_area)
    int_callback                             0x00000088   Data         144  int_register.o(int_callback_area)
    !!!main                                  0x00000118   Section        8  __main.o(!!!main)
    !!!scatter                               0x00000120   Section       52  __scatter.o(!!!scatter)
    !!handler_copy                           0x00000154   Section       26  __scatter_copy.o(!!handler_copy)
    !!handler_zi                             0x00000170   Section       28  __scatter_zi.o(!!handler_zi)
    .ARM.Collect$$_printf_percent$$00000000  0x0000018c   Section        0  _printf_percent.o(.ARM.Collect$$_printf_percent$$00000000)
    .ARM.Collect$$_printf_percent$$00000009  0x0000018c   Section        6  _printf_d.o(.ARM.Collect$$_printf_percent$$00000009)
    .ARM.Collect$$_printf_percent$$00000014  0x00000192   Section        6  _printf_s.o(.ARM.Collect$$_printf_percent$$00000014)
    .ARM.Collect$$_printf_percent$$00000017  0x00000198   Section        4  _printf_percent_end.o(.ARM.Collect$$_printf_percent$$00000017)
    .ARM.Collect$$libinit$$00000000          0x0000019c   Section        2  libinit.o(.ARM.Collect$$libinit$$00000000)
    .ARM.Collect$$libinit$$00000002          0x0000019e   Section        0  libinit2.o(.ARM.Collect$$libinit$$00000002)
    .ARM.Collect$$libinit$$00000004          0x0000019e   Section        0  libinit2.o(.ARM.Collect$$libinit$$00000004)
    .ARM.Collect$$libinit$$0000000A          0x0000019e   Section        0  libinit2.o(.ARM.Collect$$libinit$$0000000A)
    .ARM.Collect$$libinit$$0000000C          0x0000019e   Section        0  libinit2.o(.ARM.Collect$$libinit$$0000000C)
    .ARM.Collect$$libinit$$0000000E          0x0000019e   Section        0  libinit2.o(.ARM.Collect$$libinit$$0000000E)
    .ARM.Collect$$libinit$$00000011          0x0000019e   Section        0  libinit2.o(.ARM.Collect$$libinit$$00000011)
    .ARM.Collect$$libinit$$00000013          0x0000019e   Section        0  libinit2.o(.ARM.Collect$$libinit$$00000013)
    .ARM.Collect$$libinit$$00000015          0x0000019e   Section        0  libinit2.o(.ARM.Collect$$libinit$$00000015)
    .ARM.Collect$$libinit$$00000017          0x0000019e   Section        0  libinit2.o(.ARM.Collect$$libinit$$00000017)
    .ARM.Collect$$libinit$$00000019          0x0000019e   Section        0  libinit2.o(.ARM.Collect$$libinit$$00000019)
    .ARM.Collect$$libinit$$0000001B          0x0000019e   Section        0  libinit2.o(.ARM.Collect$$libinit$$0000001B)
    .ARM.Collect$$libinit$$0000001D          0x0000019e   Section        0  libinit2.o(.ARM.Collect$$libinit$$0000001D)
    .ARM.Collect$$libinit$$0000001F          0x0000019e   Section        0  libinit2.o(.ARM.Collect$$libinit$$0000001F)
    .ARM.Collect$$libinit$$00000021          0x0000019e   Section        0  libinit2.o(.ARM.Collect$$libinit$$00000021)
    .ARM.Collect$$libinit$$00000023          0x0000019e   Section        0  libinit2.o(.ARM.Collect$$libinit$$00000023)
    .ARM.Collect$$libinit$$00000025          0x0000019e   Section        0  libinit2.o(.ARM.Collect$$libinit$$00000025)
    .ARM.Collect$$libinit$$0000002C          0x0000019e   Section        0  libinit2.o(.ARM.Collect$$libinit$$0000002C)
    .ARM.Collect$$libinit$$0000002E          0x0000019e   Section        0  libinit2.o(.ARM.Collect$$libinit$$0000002E)
    .ARM.Collect$$libinit$$00000030          0x0000019e   Section        0  libinit2.o(.ARM.Collect$$libinit$$00000030)
    .ARM.Collect$$libinit$$00000032          0x0000019e   Section        0  libinit2.o(.ARM.Collect$$libinit$$00000032)
    .ARM.Collect$$libinit$$00000033          0x0000019e   Section        2  libinit2.o(.ARM.Collect$$libinit$$00000033)
    .ARM.Collect$$libshutdown$$00000000      0x000001a0   Section        2  libshutdown.o(.ARM.Collect$$libshutdown$$00000000)
    .ARM.Collect$$libshutdown$$00000003      0x000001a2   Section        0  libshutdown2.o(.ARM.Collect$$libshutdown$$00000003)
    .ARM.Collect$$libshutdown$$00000006      0x000001a2   Section        0  libshutdown2.o(.ARM.Collect$$libshutdown$$00000006)
    .ARM.Collect$$libshutdown$$00000009      0x000001a2   Section        0  libshutdown2.o(.ARM.Collect$$libshutdown$$00000009)
    .ARM.Collect$$libshutdown$$0000000B      0x000001a2   Section        0  libshutdown2.o(.ARM.Collect$$libshutdown$$0000000B)
    .ARM.Collect$$libshutdown$$0000000E      0x000001a2   Section        0  libshutdown2.o(.ARM.Collect$$libshutdown$$0000000E)
    .ARM.Collect$$libshutdown$$0000000F      0x000001a2   Section        2  libshutdown2.o(.ARM.Collect$$libshutdown$$0000000F)
    .ARM.Collect$$rtentry$$00000000          0x000001a4   Section        0  __rtentry.o(.ARM.Collect$$rtentry$$00000000)
    .ARM.Collect$$rtentry$$00000002          0x000001a4   Section        0  __rtentry2.o(.ARM.Collect$$rtentry$$00000002)
    .ARM.Collect$$rtentry$$00000004          0x000001a4   Section        6  __rtentry4.o(.ARM.Collect$$rtentry$$00000004)
    .ARM.Collect$$rtentry$$00000009          0x000001aa   Section        0  __rtentry2.o(.ARM.Collect$$rtentry$$00000009)
    .ARM.Collect$$rtentry$$0000000A          0x000001aa   Section        4  __rtentry2.o(.ARM.Collect$$rtentry$$0000000A)
    .ARM.Collect$$rtentry$$0000000C          0x000001ae   Section        0  __rtentry2.o(.ARM.Collect$$rtentry$$0000000C)
    .ARM.Collect$$rtentry$$0000000D          0x000001ae   Section        8  __rtentry2.o(.ARM.Collect$$rtentry$$0000000D)
    .ARM.Collect$$rtexit$$00000000           0x000001b6   Section        2  rtexit.o(.ARM.Collect$$rtexit$$00000000)
    .ARM.Collect$$rtexit$$00000002           0x000001b8   Section        0  rtexit2.o(.ARM.Collect$$rtexit$$00000002)
    .ARM.Collect$$rtexit$$00000003           0x000001b8   Section        4  rtexit2.o(.ARM.Collect$$rtexit$$00000003)
    .ARM.Collect$$rtexit$$00000004           0x000001bc   Section        6  rtexit2.o(.ARM.Collect$$rtexit$$00000004)
    .text                                    0x000001c4   Section       64  startup_elf2.o(.text)
    .text                                    0x00000204   Section        0  noretval__2printf.o(.text)
    .text                                    0x0000021c   Section        0  __printf.o(.text)
    .text                                    0x00000284   Section        0  _printf_str.o(.text)
    .text                                    0x000002d8   Section        0  _printf_dec.o(.text)
    .text                                    0x00000350   Section        0  strcpy.o(.text)
    .text                                    0x00000398   Section      138  rt_memcpy_v6.o(.text)
    .text                                    0x00000422   Section        0  heapauxi.o(.text)
    .text                                    0x00000428   Section        0  _printf_intcommon.o(.text)
    .text                                    0x000004da   Section        0  _printf_char.o(.text)
    .text                                    0x00000508   Section        0  _printf_char_file.o(.text)
    .text                                    0x0000052c   Section      100  rt_memcpy_w.o(.text)
    .text                                    0x00000590   Section        0  _printf_char_common.o(.text)
    _printf_input_char                       0x00000591   Thumb Code    10  _printf_char_common.o(.text)
    .text                                    0x000005c0   Section        0  ferror.o(.text)
    .text                                    0x000005c8   Section       74  sys_stackheap_outer.o(.text)
    .text                                    0x00000612   Section        0  exit.o(.text)
    .text                                    0x00000620   Section        8  libspace.o(.text)
    .text                                    0x00000628   Section        0  sys_exit.o(.text)
    .text                                    0x00000634   Section        2  use_no_semi.o(.text)
    .text                                    0x00000636   Section        0  indicate_semi.o(.text)
    i.ADCC0_IRQHandler                       0x00000638   Section        0  intc.o(i.ADCC0_IRQHandler)
    i.ADCC1_IRQHandler                       0x00000688   Section        0  intc.o(i.ADCC1_IRQHandler)
    i.ADCC2_IRQHandler                       0x000006d8   Section        0  intc.o(i.ADCC2_IRQHandler)
    i.ADCC3_IRQHandler                       0x00000728   Section        0  intc.o(i.ADCC3_IRQHandler)
    i.ADCC4_IRQHandler                       0x00000778   Section        0  intc.o(i.ADCC4_IRQHandler)
    i.ADCC5_IRQHandler                       0x000007c8   Section        0  intc.o(i.ADCC5_IRQHandler)
    i.DMAC_IRQHandler                        0x00000818   Section        0  intc.o(i.DMAC_IRQHandler)
    i.EXT_IRQHandler                         0x00000868   Section        0  intc.o(i.EXT_IRQHandler)
    i.FLASH_Erase_Block                      0x000008b8   Section        0  flash.o(i.FLASH_Erase_Block)
    i.FLASH_Init                             0x0000095c   Section        0  flash.o(i.FLASH_Init)
    i.FLASH_Operation_Wait                   0x00000968   Section        0  flash.o(i.FLASH_Operation_Wait)
    FLASH_Operation_Wait                     0x00000969   Thumb Code    34  flash.o(i.FLASH_Operation_Wait)
    i.FLASH_Program                          0x0000098c   Section        0  flash.o(i.FLASH_Program)
    i.FLASH_Program_Base                     0x00000a50   Section        0  flash.o(i.FLASH_Program_Base)
    FLASH_Program_Base                       0x00000a51   Thumb Code    78  flash.o(i.FLASH_Program_Base)
    i.FLASH_Quad_Enable                      0x00000acc   Section        0  flash.o(i.FLASH_Quad_Enable)
    i.FLASH_Quad_Read                        0x00000af4   Section        0  flash.o(i.FLASH_Quad_Read)
    i.GPIO_IRQHandler                        0x00000bc0   Section        0  intc.o(i.GPIO_IRQHandler)
    i.HAL_GPIO_Init                          0x00000c10   Section        0  gpio.o(i.HAL_GPIO_Init)
    i.HAL_GPIO_SetDebounce                   0x00000c48   Section        0  gpio.o(i.HAL_GPIO_SetDebounce)
    i.HAL_GPIO_SetDir                        0x00000c80   Section        0  gpio.o(i.HAL_GPIO_SetDir)
    i.HAL_GPIO_SetPly                        0x00000cf4   Section        0  gpio.o(i.HAL_GPIO_SetPly)
    HAL_GPIO_SetPly                          0x00000cf5   Thumb Code    50  gpio.o(i.HAL_GPIO_SetPly)
    i.HAL_GPIO_TrigType                      0x00000d2c   Section        0  gpio.o(i.HAL_GPIO_TrigType)
    i.HAL_GPIO_WritePin                      0x00000d90   Section        0  gpio.o(i.HAL_GPIO_WritePin)
    i.HAL_GPIO_setIrqLevel                   0x00000dec   Section        0  gpio.o(i.HAL_GPIO_setIrqLevel)
    HAL_GPIO_setIrqLevel                     0x00000ded   Thumb Code    50  gpio.o(i.HAL_GPIO_setIrqLevel)
    i.HAL_SYSCON_HCLK_Src_Sel                0x00000e24   Section        0  syscon.o(i.HAL_SYSCON_HCLK_Src_Sel)
    i.HAL_SYSCON_Set_HClk_Div                0x00000e3c   Section        0  syscon.o(i.HAL_SYSCON_Set_HClk_Div)
    i.HAL_SYSCON_Set_PClk0_Div               0x00000ea8   Section        0  syscon.o(i.HAL_SYSCON_Set_PClk0_Div)
    i.HAL_SYSCON_Set_PClk1_Div               0x00000f18   Section        0  syscon.o(i.HAL_SYSCON_Set_PClk1_Div)
    i.HAL_SYSCON_Set_RTC_Div                 0x00000f84   Section        0  syscon.o(i.HAL_SYSCON_Set_RTC_Div)
    i.I2C0_IRQHandler                        0x00001044   Section        0  intc.o(i.I2C0_IRQHandler)
    i.I2C1_IRQHandler                        0x00001094   Section        0  intc.o(i.I2C1_IRQHandler)
    i.I2S_IRQHandler                         0x000010e4   Section        0  intc.o(i.I2S_IRQHandler)
    i.QSPI_IRQHandler                        0x00001134   Section        0  intc.o(i.QSPI_IRQHandler)
    i.RTC_IRQHandler                         0x00001184   Section        0  intc.o(i.RTC_IRQHandler)
    i.SEGGER_RTT_Write                       0x000011d4   Section        0  segger_rtt.o(i.SEGGER_RTT_Write)
    i.SEGGER_RTT_WriteNoLock                 0x0000121c   Section        0  segger_rtt.o(i.SEGGER_RTT_WriteNoLock)
    i.SEGGER_RTT_printf                      0x000012a0   Section        0  segger_rtt_printf.o(i.SEGGER_RTT_printf)
    i.SEGGER_RTT_vprintf                     0x000012c2   Section        0  segger_rtt_printf.o(i.SEGGER_RTT_vprintf)
    i.SPIM_IRQHandler                        0x000014cc   Section        0  intc.o(i.SPIM_IRQHandler)
    i.SystemInit                             0x0000151c   Section        0  system_elf2.o(i.SystemInit)
    i.TIMER_IRQHandler                       0x0000156c   Section        0  intc.o(i.TIMER_IRQHandler)
    i.UART_IRQHandler                        0x000015bc   Section        0  intc.o(i.UART_IRQHandler)
    i.WDT_IRQHandler                         0x0000160c   Section        0  intc.o(i.WDT_IRQHandler)
    i._DoInit                                0x00001658   Section        0  segger_rtt.o(i._DoInit)
    _DoInit                                  0x00001659   Thumb Code    74  segger_rtt.o(i._DoInit)
    i._GetAvailWriteSpace                    0x000016c8   Section        0  segger_rtt.o(i._GetAvailWriteSpace)
    _GetAvailWriteSpace                      0x000016c9   Thumb Code    28  segger_rtt.o(i._GetAvailWriteSpace)
    i._PrintInt                              0x000016e4   Section        0  segger_rtt_printf.o(i._PrintInt)
    _PrintInt                                0x000016e5   Thumb Code   236  segger_rtt_printf.o(i._PrintInt)
    i._PrintUnsigned                         0x000017d0   Section        0  segger_rtt_printf.o(i._PrintUnsigned)
    _PrintUnsigned                           0x000017d1   Thumb Code   230  segger_rtt_printf.o(i._PrintUnsigned)
    i._StoreChar                             0x000018bc   Section        0  segger_rtt_printf.o(i._StoreChar)
    _StoreChar                               0x000018bd   Thumb Code    68  segger_rtt_printf.o(i._StoreChar)
    i._WriteBlocking                         0x00001900   Section        0  segger_rtt.o(i._WriteBlocking)
    _WriteBlocking                           0x00001901   Thumb Code   114  segger_rtt.o(i._WriteBlocking)
    i._WriteNoCheck                          0x00001972   Section        0  segger_rtt.o(i._WriteNoCheck)
    _WriteNoCheck                            0x00001973   Thumb Code    76  segger_rtt.o(i._WriteNoCheck)
    i.__aeabi_assert                         0x000019c0   Section        0  debug.o(i.__aeabi_assert)
    i.co_bswap32                             0x00001a00   Section        0  flash.o(i.co_bswap32)
    co_bswap32                               0x00001a01   Thumb Code    30  flash.o(i.co_bswap32)
    i.delay                                  0x00001a1e   Section        0  system_elf2.o(i.delay)
    delay                                    0x00001a1f   Thumb Code    24  system_elf2.o(i.delay)
    i.dmac_ch0_cfg_h_pack                    0x00001a38   Section        0  dma.o(i.dmac_ch0_cfg_h_pack)
    dmac_ch0_cfg_h_pack                      0x00001a39   Thumb Code    26  dma.o(i.dmac_ch0_cfg_h_pack)
    i.dmac_ch0_cfg_l_pack                    0x00001a58   Section        0  dma.o(i.dmac_ch0_cfg_l_pack)
    dmac_ch0_cfg_l_pack                      0x00001a59   Thumb Code    42  dma.o(i.dmac_ch0_cfg_l_pack)
    i.dmac_ch0_ctrl_h_pack                   0x00001a88   Section        0  dma.o(i.dmac_ch0_ctrl_h_pack)
    dmac_ch0_ctrl_h_pack                     0x00001a89   Thumb Code    10  dma.o(i.dmac_ch0_ctrl_h_pack)
    i.dmac_ch0_ctrl_l_pack                   0x00001a98   Section        0  dma.o(i.dmac_ch0_ctrl_l_pack)
    dmac_ch0_ctrl_l_pack                     0x00001a99   Thumb Code    52  dma.o(i.dmac_ch0_ctrl_l_pack)
    i.dmac_ch0_dar_l_set                     0x00001ad0   Section        0  dma.o(i.dmac_ch0_dar_l_set)
    dmac_ch0_dar_l_set                       0x00001ad1   Thumb Code     6  dma.o(i.dmac_ch0_dar_l_set)
    i.dmac_ch0_sar_l_set                     0x00001adc   Section        0  dma.o(i.dmac_ch0_sar_l_set)
    dmac_ch0_sar_l_set                       0x00001add   Thumb Code     6  dma.o(i.dmac_ch0_sar_l_set)
    i.dmac_chenreg_l_pack                    0x00001ae8   Section        0  dma.o(i.dmac_chenreg_l_pack)
    dmac_chenreg_l_pack                      0x00001ae9   Thumb Code    10  dma.o(i.dmac_chenreg_l_pack)
    i.dmac_clearblock_l_set                  0x00001af8   Section        0  dma.o(i.dmac_clearblock_l_set)
    dmac_clearblock_l_set                    0x00001af9   Thumb Code     6  dma.o(i.dmac_clearblock_l_set)
    i.dmac_dmacfgreg_l_set                   0x00001b04   Section        0  dma.o(i.dmac_dmacfgreg_l_set)
    dmac_dmacfgreg_l_set                     0x00001b05   Thumb Code     6  dma.o(i.dmac_dmacfgreg_l_set)
    i.dmac_rawblock_l_get                    0x00001b10   Section        0  dma.o(i.dmac_rawblock_l_get)
    dmac_rawblock_l_get                      0x00001b11   Thumb Code     6  dma.o(i.dmac_rawblock_l_get)
    i.dmac_transfer_QSPI_RX                  0x00001b1c   Section        0  dma.o(i.dmac_transfer_QSPI_RX)
    i.dmac_transfer_QSPI_RX_32Bit            0x00001b6c   Section        0  dma.o(i.dmac_transfer_QSPI_RX_32Bit)
    i.dmac_transfer_QSPI_TX                  0x00001bbc   Section        0  dma.o(i.dmac_transfer_QSPI_TX)
    i.dmac_transfer_qspi_init                0x00001c0e   Section        0  dma.o(i.dmac_transfer_qspi_init)
    i.fputc                                  0x00001c3c   Section        0  log.o(i.fputc)
    i.gpio_portadataregister_setf            0x00001c50   Section        0  gpio.o(i.gpio_portadataregister_setf)
    gpio_portadataregister_setf              0x00001c51   Thumb Code    14  gpio.o(i.gpio_portadataregister_setf)
    i.gpio_portbdataregister_setf            0x00001c64   Section        0  gpio.o(i.gpio_portbdataregister_setf)
    gpio_portbdataregister_setf              0x00001c65   Thumb Code    14  gpio.o(i.gpio_portbdataregister_setf)
    i.main                                   0x00001c78   Section        0  main.o(i.main)
    i.qspi_ctrlr0_pack                       0x00001c9c   Section        0  qspi.o(i.qspi_ctrlr0_pack)
    qspi_ctrlr0_pack                         0x00001c9d   Thumb Code    58  qspi.o(i.qspi_ctrlr0_pack)
    i.qspi_ctrlr1_pack                       0x00001cdc   Section        0  qspi.o(i.qspi_ctrlr1_pack)
    qspi_ctrlr1_pack                         0x00001cdd   Thumb Code     6  qspi.o(i.qspi_ctrlr1_pack)
    i.qspi_dmacr_pack                        0x00001ce8   Section        0  qspi.o(i.qspi_dmacr_pack)
    qspi_dmacr_pack                          0x00001ce9   Thumb Code    10  qspi.o(i.qspi_dmacr_pack)
    i.qspi_dmardlr_set                       0x00001cf8   Section        0  qspi.o(i.qspi_dmardlr_set)
    qspi_dmardlr_set                         0x00001cf9   Thumb Code     6  qspi.o(i.qspi_dmardlr_set)
    i.qspi_dr_set                            0x00001d04   Section        0  qspi.o(i.qspi_dr_set)
    qspi_dr_set                              0x00001d05   Thumb Code     6  qspi.o(i.qspi_dr_set)
    i.qspi_flash_quad_read_data              0x00001d10   Section        0  qspi.o(i.qspi_flash_quad_read_data)
    i.qspi_init                              0x00001dd4   Section        0  qspi.o(i.qspi_init)
    i.qspi_read                              0x00001df4   Section        0  qspi.o(i.qspi_read)
    i.qspi_rsd_setf                          0x00001eb0   Section        0  qspi.o(i.qspi_rsd_setf)
    qspi_rsd_setf                            0x00001eb1   Thumb Code    18  qspi.o(i.qspi_rsd_setf)
    i.qspi_sckdv_setf                        0x00001ec8   Section        0  qspi.o(i.qspi_sckdv_setf)
    qspi_sckdv_setf                          0x00001ec9   Thumb Code    14  qspi.o(i.qspi_sckdv_setf)
    i.qspi_ser_set                           0x00001edc   Section        0  qspi.o(i.qspi_ser_set)
    qspi_ser_set                             0x00001edd   Thumb Code     6  qspi.o(i.qspi_ser_set)
    i.qspi_spi_ctrlr0_pack                   0x00001ee8   Section        0  qspi.o(i.qspi_spi_ctrlr0_pack)
    qspi_spi_ctrlr0_pack                     0x00001ee9   Thumb Code    20  qspi.o(i.qspi_spi_ctrlr0_pack)
    i.qspi_ssi_en_setf                       0x00001f00   Section        0  qspi.o(i.qspi_ssi_en_setf)
    qspi_ssi_en_setf                         0x00001f01   Thumb Code    14  qspi.o(i.qspi_ssi_en_setf)
    i.qspi_ssienr_set                        0x00001f14   Section        0  qspi.o(i.qspi_ssienr_set)
    qspi_ssienr_set                          0x00001f15   Thumb Code     6  qspi.o(i.qspi_ssienr_set)
    i.qspi_tfe_getf                          0x00001f20   Section        0  qspi.o(i.qspi_tfe_getf)
    qspi_tfe_getf                            0x00001f21   Thumb Code    10  qspi.o(i.qspi_tfe_getf)
    i.qspi_write                             0x00001f30   Section        0  qspi.o(i.qspi_write)
    i.sysc_awo_div_update_set                0x00001fcc   Section        0  syscon.o(i.sysc_awo_div_update_set)
    sysc_awo_div_update_set                  0x00001fcd   Thumb Code     6  syscon.o(i.sysc_awo_div_update_set)
    i.sysc_awo_rtc_div_para_m1_setf          0x00001fd8   Section        0  syscon.o(i.sysc_awo_rtc_div_para_m1_setf)
    sysc_awo_rtc_div_para_m1_setf            0x00001fd9   Thumb Code    14  syscon.o(i.sysc_awo_rtc_div_para_m1_setf)
    i.test_quad_read                         0x00001fec   Section        0  main.o(i.test_quad_read)
    .constdata                               0x00002154   Section       16  segger_rtt_printf.o(.constdata)
    _aV2C                                    0x00002154   Data          16  segger_rtt_printf.o(.constdata)
    .conststring                             0x00002164   Section       91  flash.o(.conststring)
    .data                                    0x20000000   Section        4  system_elf2.o(.data)
    .data                                    0x20000004   Section        4  log.o(.data)
    .bss                                     0x20000008   Section     1208  segger_rtt.o(.bss)
    _acUpBuffer                              0x200000b0   Data        1024  segger_rtt.o(.bss)
    _acDownBuffer                            0x200004b0   Data          16  segger_rtt.o(.bss)
    .bss                                     0x200004c0   Section       96  libspace.o(.bss)
    HEAP                                     0x20000520   Section      256  startup_elf2.o(HEAP)
    Heap_Mem                                 0x20000520   Data         256  startup_elf2.o(HEAP)
    STACK                                    0x20000620   Section     1024  startup_elf2.o(STACK)
    Stack_Mem                                0x20000620   Data        1024  startup_elf2.o(STACK)
    __initial_sp                             0x20000a20   Data           0  startup_elf2.o(STACK)

    Global Symbols

    Symbol Name                              Value     Ov Type        Size  Object(Section)

    BuildAttributes$$THM_ISAv4$P$D$K$B$S$PE$A:L22UL41UL21$X:L11$S22US41US21$IEEE1$IW$USESV6$~STKCKD$USESV7$~SHL$OSPACE$ROPI$EBA8$UX$STANDARDLIB$REQ8$PRES8$EABIv2 0x00000000   Number         0  anon$$obj.o ABSOLUTE
    __ARM_use_no_argv                        0x00000000   Number         0  main.o ABSOLUTE
    __Vectors                                0x00000000   Data           4  startup_elf2.o(RESET)
    __ARM_exceptions_init                     - Undefined Weak Reference
    __alloca_initialize                       - Undefined Weak Reference
    __arm_preinit_                            - Undefined Weak Reference
    __cpp_initialize__aeabi_                  - Undefined Weak Reference
    __cxa_finalize                            - Undefined Weak Reference
    __rt_locale                               - Undefined Weak Reference
    __sigvec_lookup                           - Undefined Weak Reference
    _atexit_init                              - Undefined Weak Reference
    _call_atexit_fns                          - Undefined Weak Reference
    _clock_init                               - Undefined Weak Reference
    _fp_trap_init                             - Undefined Weak Reference
    _fp_trap_shutdown                         - Undefined Weak Reference
    _get_lc_collate                           - Undefined Weak Reference
    _get_lc_ctype                             - Undefined Weak Reference
    _get_lc_monetary                          - Undefined Weak Reference
    _get_lc_numeric                           - Undefined Weak Reference
    _get_lc_time                              - Undefined Weak Reference
    _getenv_init                              - Undefined Weak Reference
    _handle_redirection                       - Undefined Weak Reference
    _init_alloc                               - Undefined Weak Reference
    _init_user_alloc                          - Undefined Weak Reference
    _initio                                   - Undefined Weak Reference
    _mutex_acquire                            - Undefined Weak Reference
    _mutex_release                            - Undefined Weak Reference
    _printf_mbtowc                            - Undefined Weak Reference
    _printf_post_padding                      - Undefined Weak Reference
    _printf_pre_padding                       - Undefined Weak Reference
    _printf_truncate_signed                   - Undefined Weak Reference
    _printf_truncate_unsigned                 - Undefined Weak Reference
    _rand_init                                - Undefined Weak Reference
    _signal_finish                            - Undefined Weak Reference
    _signal_init                              - Undefined Weak Reference
    _terminate_alloc                          - Undefined Weak Reference
    _terminate_user_alloc                     - Undefined Weak Reference
    _terminateio                              - Undefined Weak Reference
    Image$$INT_CALLBACK_TBL$$Base            0x00000088   Number         0  anon$$obj.o ABSOLUTE
    __Vectors_End                            0x00000088   Data           0  startup_elf2.o(RESET)
    __Vectors_Size                           0x00000088   Number         0  startup_elf2.o ABSOLUTE
    __main                                   0x00000119   Thumb Code     8  __main.o(!!!main)
    __scatterload                            0x00000121   Thumb Code     0  __scatter.o(!!!scatter)
    __scatterload_rt2                        0x00000121   Thumb Code    44  __scatter.o(!!!scatter)
    __scatterload_rt2_thumb_only             0x00000121   Thumb Code     0  __scatter.o(!!!scatter)
    __scatterload_null                       0x0000012f   Thumb Code     0  __scatter.o(!!!scatter)
    __scatterload_copy                       0x00000155   Thumb Code    26  __scatter_copy.o(!!handler_copy)
    __scatterload_zeroinit                   0x00000171   Thumb Code    28  __scatter_zi.o(!!handler_zi)
    _printf_d                                0x0000018d   Thumb Code     0  _printf_d.o(.ARM.Collect$$_printf_percent$$00000009)
    _printf_percent                          0x0000018d   Thumb Code     0  _printf_percent.o(.ARM.Collect$$_printf_percent$$00000000)
    _printf_s                                0x00000193   Thumb Code     0  _printf_s.o(.ARM.Collect$$_printf_percent$$00000014)
    _printf_percent_end                      0x00000199   Thumb Code     0  _printf_percent_end.o(.ARM.Collect$$_printf_percent$$00000017)
    __rt_lib_init                            0x0000019d   Thumb Code     0  libinit.o(.ARM.Collect$$libinit$$00000000)
    __rt_lib_init_alloca_1                   0x0000019f   Thumb Code     0  libinit2.o(.ARM.Collect$$libinit$$0000002E)
    __rt_lib_init_argv_1                     0x0000019f   Thumb Code     0  libinit2.o(.ARM.Collect$$libinit$$0000002C)
    __rt_lib_init_atexit_1                   0x0000019f   Thumb Code     0  libinit2.o(.ARM.Collect$$libinit$$0000001B)
    __rt_lib_init_clock_1                    0x0000019f   Thumb Code     0  libinit2.o(.ARM.Collect$$libinit$$00000021)
    __rt_lib_init_cpp_1                      0x0000019f   Thumb Code     0  libinit2.o(.ARM.Collect$$libinit$$00000032)
    __rt_lib_init_exceptions_1               0x0000019f   Thumb Code     0  libinit2.o(.ARM.Collect$$libinit$$00000030)
    __rt_lib_init_fp_1                       0x0000019f   Thumb Code     0  libinit2.o(.ARM.Collect$$libinit$$00000002)
    __rt_lib_init_fp_trap_1                  0x0000019f   Thumb Code     0  libinit2.o(.ARM.Collect$$libinit$$0000001F)
    __rt_lib_init_getenv_1                   0x0000019f   Thumb Code     0  libinit2.o(.ARM.Collect$$libinit$$00000023)
    __rt_lib_init_heap_1                     0x0000019f   Thumb Code     0  libinit2.o(.ARM.Collect$$libinit$$0000000A)
    __rt_lib_init_lc_collate_1               0x0000019f   Thumb Code     0  libinit2.o(.ARM.Collect$$libinit$$00000011)
    __rt_lib_init_lc_ctype_1                 0x0000019f   Thumb Code     0  libinit2.o(.ARM.Collect$$libinit$$00000013)
    __rt_lib_init_lc_monetary_1              0x0000019f   Thumb Code     0  libinit2.o(.ARM.Collect$$libinit$$00000015)
    __rt_lib_init_lc_numeric_1               0x0000019f   Thumb Code     0  libinit2.o(.ARM.Collect$$libinit$$00000017)
    __rt_lib_init_lc_time_1                  0x0000019f   Thumb Code     0  libinit2.o(.ARM.Collect$$libinit$$00000019)
    __rt_lib_init_preinit_1                  0x0000019f   Thumb Code     0  libinit2.o(.ARM.Collect$$libinit$$00000004)
    __rt_lib_init_rand_1                     0x0000019f   Thumb Code     0  libinit2.o(.ARM.Collect$$libinit$$0000000E)
    __rt_lib_init_return                     0x0000019f   Thumb Code     0  libinit2.o(.ARM.Collect$$libinit$$00000033)
    __rt_lib_init_signal_1                   0x0000019f   Thumb Code     0  libinit2.o(.ARM.Collect$$libinit$$0000001D)
    __rt_lib_init_stdio_1                    0x0000019f   Thumb Code     0  libinit2.o(.ARM.Collect$$libinit$$00000025)
    __rt_lib_init_user_alloc_1               0x0000019f   Thumb Code     0  libinit2.o(.ARM.Collect$$libinit$$0000000C)
    __rt_lib_shutdown                        0x000001a1   Thumb Code     0  libshutdown.o(.ARM.Collect$$libshutdown$$00000000)
    __rt_lib_shutdown_fp_trap_1              0x000001a3   Thumb Code     0  libshutdown2.o(.ARM.Collect$$libshutdown$$00000006)
    __rt_lib_shutdown_heap_1                 0x000001a3   Thumb Code     0  libshutdown2.o(.ARM.Collect$$libshutdown$$0000000E)
    __rt_lib_shutdown_return                 0x000001a3   Thumb Code     0  libshutdown2.o(.ARM.Collect$$libshutdown$$0000000F)
    __rt_lib_shutdown_signal_1               0x000001a3   Thumb Code     0  libshutdown2.o(.ARM.Collect$$libshutdown$$00000009)
    __rt_lib_shutdown_stdio_1                0x000001a3   Thumb Code     0  libshutdown2.o(.ARM.Collect$$libshutdown$$00000003)
    __rt_lib_shutdown_user_alloc_1           0x000001a3   Thumb Code     0  libshutdown2.o(.ARM.Collect$$libshutdown$$0000000B)
    __rt_entry                               0x000001a5   Thumb Code     0  __rtentry.o(.ARM.Collect$$rtentry$$00000000)
    __rt_entry_presh_1                       0x000001a5   Thumb Code     0  __rtentry2.o(.ARM.Collect$$rtentry$$00000002)
    __rt_entry_sh                            0x000001a5   Thumb Code     0  __rtentry4.o(.ARM.Collect$$rtentry$$00000004)
    __rt_entry_li                            0x000001ab   Thumb Code     0  __rtentry2.o(.ARM.Collect$$rtentry$$0000000A)
    __rt_entry_postsh_1                      0x000001ab   Thumb Code     0  __rtentry2.o(.ARM.Collect$$rtentry$$00000009)
    __rt_entry_main                          0x000001af   Thumb Code     0  __rtentry2.o(.ARM.Collect$$rtentry$$0000000D)
    __rt_entry_postli_1                      0x000001af   Thumb Code     0  __rtentry2.o(.ARM.Collect$$rtentry$$0000000C)
    __rt_exit                                0x000001b7   Thumb Code     0  rtexit.o(.ARM.Collect$$rtexit$$00000000)
    __rt_exit_ls                             0x000001b9   Thumb Code     0  rtexit2.o(.ARM.Collect$$rtexit$$00000003)
    __rt_exit_prels_1                        0x000001b9   Thumb Code     0  rtexit2.o(.ARM.Collect$$rtexit$$00000002)
    __rt_exit_exit                           0x000001bd   Thumb Code     0  rtexit2.o(.ARM.Collect$$rtexit$$00000004)
    Reset_Handler                            0x000001c5   Thumb Code     8  startup_elf2.o(.text)
    NMI_Handler                              0x000001cd   Thumb Code     2  startup_elf2.o(.text)
    HardFault_Handler                        0x000001cf   Thumb Code     2  startup_elf2.o(.text)
    MemManage_Handler                        0x000001d1   Thumb Code     2  startup_elf2.o(.text)
    BusFault_Handler                         0x000001d3   Thumb Code     2  startup_elf2.o(.text)
    UsageFault_Handler                       0x000001d5   Thumb Code     2  startup_elf2.o(.text)
    SVC_Handler                              0x000001d7   Thumb Code     2  startup_elf2.o(.text)
    DebugMon_Handler                         0x000001d9   Thumb Code     2  startup_elf2.o(.text)
    PendSV_Handler                           0x000001db   Thumb Code     2  startup_elf2.o(.text)
    SysTick_Handler                          0x000001dd   Thumb Code     2  startup_elf2.o(.text)
    __user_initial_stackheap                 0x000001e1   Thumb Code    10  startup_elf2.o(.text)
    __2printf                                0x00000205   Thumb Code    20  noretval__2printf.o(.text)
    __printf                                 0x0000021d   Thumb Code   104  __printf.o(.text)
    _printf_str                              0x00000285   Thumb Code    82  _printf_str.o(.text)
    _printf_int_dec                          0x000002d9   Thumb Code   104  _printf_dec.o(.text)
    strcpy                                   0x00000351   Thumb Code    72  strcpy.o(.text)
    __aeabi_memcpy                           0x00000399   Thumb Code     0  rt_memcpy_v6.o(.text)
    __rt_memcpy                              0x00000399   Thumb Code   138  rt_memcpy_v6.o(.text)
    _memcpy_lastbytes                        0x000003ff   Thumb Code     0  rt_memcpy_v6.o(.text)
    __use_two_region_memory                  0x00000423   Thumb Code     2  heapauxi.o(.text)
    __rt_heap_escrow$2region                 0x00000425   Thumb Code     2  heapauxi.o(.text)
    __rt_heap_expand$2region                 0x00000427   Thumb Code     2  heapauxi.o(.text)
    _printf_int_common                       0x00000429   Thumb Code   178  _printf_intcommon.o(.text)
    _printf_cs_common                        0x000004db   Thumb Code    20  _printf_char.o(.text)
    _printf_char                             0x000004ef   Thumb Code    16  _printf_char.o(.text)
    _printf_string                           0x000004ff   Thumb Code     8  _printf_char.o(.text)
    _printf_char_file                        0x00000509   Thumb Code    32  _printf_char_file.o(.text)
    __aeabi_memcpy4                          0x0000052d   Thumb Code     0  rt_memcpy_w.o(.text)
    __aeabi_memcpy8                          0x0000052d   Thumb Code     0  rt_memcpy_w.o(.text)
    __rt_memcpy_w                            0x0000052d   Thumb Code   100  rt_memcpy_w.o(.text)
    _memcpy_lastbytes_aligned                0x00000575   Thumb Code     0  rt_memcpy_w.o(.text)
    _printf_char_common                      0x0000059b   Thumb Code    32  _printf_char_common.o(.text)
    ferror                                   0x000005c1   Thumb Code     8  ferror.o(.text)
    __user_setup_stackheap                   0x000005c9   Thumb Code    74  sys_stackheap_outer.o(.text)
    exit                                     0x00000613   Thumb Code    12  exit.o(.text)
    __user_libspace                          0x00000621   Thumb Code     8  libspace.o(.text)
    __user_perproc_libspace                  0x00000621   Thumb Code     0  libspace.o(.text)
    __user_perthread_libspace                0x00000621   Thumb Code     0  libspace.o(.text)
    _sys_exit                                0x00000629   Thumb Code     8  sys_exit.o(.text)
    __I$use$semihosting                      0x00000635   Thumb Code     0  use_no_semi.o(.text)
    __use_no_semihosting_swi                 0x00000635   Thumb Code     2  use_no_semi.o(.text)
    __semihosting_library_function           0x00000637   Thumb Code     0  indicate_semi.o(.text)
    ADCC0_IRQHandler                         0x00000639   Thumb Code    30  intc.o(i.ADCC0_IRQHandler)
    ADCC1_IRQHandler                         0x00000689   Thumb Code    30  intc.o(i.ADCC1_IRQHandler)
    ADCC2_IRQHandler                         0x000006d9   Thumb Code    30  intc.o(i.ADCC2_IRQHandler)
    ADCC3_IRQHandler                         0x00000729   Thumb Code    30  intc.o(i.ADCC3_IRQHandler)
    ADCC4_IRQHandler                         0x00000779   Thumb Code    30  intc.o(i.ADCC4_IRQHandler)
    ADCC5_IRQHandler                         0x000007c9   Thumb Code    30  intc.o(i.ADCC5_IRQHandler)
    DMAC_IRQHandler                          0x00000819   Thumb Code    30  intc.o(i.DMAC_IRQHandler)
    EXT_IRQHandler                           0x00000869   Thumb Code    30  intc.o(i.EXT_IRQHandler)
    FLASH_Erase_Block                        0x000008b9   Thumb Code   126  flash.o(i.FLASH_Erase_Block)
    FLASH_Init                               0x0000095d   Thumb Code    12  flash.o(i.FLASH_Init)
    FLASH_Program                            0x0000098d   Thumb Code   146  flash.o(i.FLASH_Program)
    FLASH_Quad_Enable                        0x00000acd   Thumb Code    36  flash.o(i.FLASH_Quad_Enable)
    FLASH_Quad_Read                          0x00000af5   Thumb Code   128  flash.o(i.FLASH_Quad_Read)
    GPIO_IRQHandler                          0x00000bc1   Thumb Code    30  intc.o(i.GPIO_IRQHandler)
    HAL_GPIO_Init                            0x00000c11   Thumb Code    56  gpio.o(i.HAL_GPIO_Init)
    HAL_GPIO_SetDebounce                     0x00000c49   Thumb Code    50  gpio.o(i.HAL_GPIO_SetDebounce)
    HAL_GPIO_SetDir                          0x00000c81   Thumb Code   112  gpio.o(i.HAL_GPIO_SetDir)
    HAL_GPIO_TrigType                        0x00000d2d   Thumb Code    98  gpio.o(i.HAL_GPIO_TrigType)
    HAL_GPIO_WritePin                        0x00000d91   Thumb Code    88  gpio.o(i.HAL_GPIO_WritePin)
    HAL_SYSCON_HCLK_Src_Sel                  0x00000e25   Thumb Code    18  syscon.o(i.HAL_SYSCON_HCLK_Src_Sel)
    HAL_SYSCON_Set_HClk_Div                  0x00000e3d   Thumb Code    48  syscon.o(i.HAL_SYSCON_Set_HClk_Div)
    HAL_SYSCON_Set_PClk0_Div                 0x00000ea9   Thumb Code    54  syscon.o(i.HAL_SYSCON_Set_PClk0_Div)
    HAL_SYSCON_Set_PClk1_Div                 0x00000f19   Thumb Code    48  syscon.o(i.HAL_SYSCON_Set_PClk1_Div)
    HAL_SYSCON_Set_RTC_Div                   0x00000f85   Thumb Code    90  syscon.o(i.HAL_SYSCON_Set_RTC_Div)
    I2C0_IRQHandler                          0x00001045   Thumb Code    30  intc.o(i.I2C0_IRQHandler)
    I2C1_IRQHandler                          0x00001095   Thumb Code    30  intc.o(i.I2C1_IRQHandler)
    I2S_IRQHandler                           0x000010e5   Thumb Code    30  intc.o(i.I2S_IRQHandler)
    QSPI_IRQHandler                          0x00001135   Thumb Code    30  intc.o(i.QSPI_IRQHandler)
    RTC_IRQHandler                           0x00001185   Thumb Code    30  intc.o(i.RTC_IRQHandler)
    SEGGER_RTT_Write                         0x000011d5   Thumb Code    68  segger_rtt.o(i.SEGGER_RTT_Write)
    SEGGER_RTT_WriteNoLock                   0x0000121d   Thumb Code   126  segger_rtt.o(i.SEGGER_RTT_WriteNoLock)
    SEGGER_RTT_printf                        0x000012a1   Thumb Code    34  segger_rtt_printf.o(i.SEGGER_RTT_printf)
    SEGGER_RTT_vprintf                       0x000012c3   Thumb Code   522  segger_rtt_printf.o(i.SEGGER_RTT_vprintf)
    SPIM_IRQHandler                          0x000014cd   Thumb Code    30  intc.o(i.SPIM_IRQHandler)
    SystemInit                               0x0000151d   Thumb Code    66  system_elf2.o(i.SystemInit)
    TIMER_IRQHandler                         0x0000156d   Thumb Code    30  intc.o(i.TIMER_IRQHandler)
    UART_IRQHandler                          0x000015bd   Thumb Code    30  intc.o(i.UART_IRQHandler)
    WDT_IRQHandler                           0x0000160d   Thumb Code    28  intc.o(i.WDT_IRQHandler)
    __aeabi_assert                           0x000019c1   Thumb Code    24  debug.o(i.__aeabi_assert)
    dmac_transfer_QSPI_RX                    0x00001b1d   Thumb Code    80  dma.o(i.dmac_transfer_QSPI_RX)
    dmac_transfer_QSPI_RX_32Bit              0x00001b6d   Thumb Code    80  dma.o(i.dmac_transfer_QSPI_RX_32Bit)
    dmac_transfer_QSPI_TX                    0x00001bbd   Thumb Code    82  dma.o(i.dmac_transfer_QSPI_TX)
    dmac_transfer_qspi_init                  0x00001c0f   Thumb Code    46  dma.o(i.dmac_transfer_qspi_init)
    fputc                                    0x00001c3d   Thumb Code    18  log.o(i.fputc)
    main                                     0x00001c79   Thumb Code    12  main.o(i.main)
    qspi_flash_quad_read_data                0x00001d11   Thumb Code   190  qspi.o(i.qspi_flash_quad_read_data)
    qspi_init                                0x00001dd5   Thumb Code    30  qspi.o(i.qspi_init)
    qspi_read                                0x00001df5   Thumb Code   184  qspi.o(i.qspi_read)
    qspi_write                               0x00001f31   Thumb Code   152  qspi.o(i.qspi_write)
    test_quad_read                           0x00001fed   Thumb Code   228  main.o(i.test_quad_read)
    Region$$Table$$Base                      0x000021c0   Number         0  anon$$obj.o(Region$$Table)
    Region$$Table$$Limit                     0x000021e0   Number         0  anon$$obj.o(Region$$Table)
    SystemCoreClock                          0x20000000   Data           4  system_elf2.o(.data)
    __stdout                                 0x20000004   Data           4  log.o(.data)
    _SEGGER_RTT                              0x20000008   Data         168  segger_rtt.o(.bss)
    __libspace_start                         0x200004c0   Data          96  libspace.o(.bss)
    __temporary_stack_top$libspace           0x20000520   Data           0  libspace.o(.bss)



==============================================================================

Memory Map of the image

  Image Entry point : 0x00000119

  Load Region LR_IRAM1 (Base: 0x00000000, Size: 0x000021e8, Max: 0xffffffff, ABSOLUTE)

    Execution Region RO_IRAM1 (Base: 0x00000000, Size: 0x00000088, Max: 0xffffffff, ABSOLUTE)

    Base Addr    Size         Type   Attr      Idx    E Section Name        Object

    0x00000000   0x00000088   Data   RO          415    RESET               startup_elf2.o


    Execution Region INT_CALLBACK_TBL (Base: 0x00000088, Size: 0x00000090, Max: 0xffffffff, ABSOLUTE)

    Base Addr    Size         Type   Attr      Idx    E Section Name        Object

    0x00000088   0x00000090   Data   RW          140    int_callback_area   int_register.o


    Execution Region RO_IRAM2 (Base: 0x00000118, Size: 0x000020c8, Max: 0xffffffff, ABSOLUTE)

    Base Addr    Size         Type   Attr      Idx    E Section Name        Object

    0x00000118   0x00000008   Code   RO         1652  * !!!main             c_w.l(__main.o)
    0x00000120   0x00000034   Code   RO         1825    !!!scatter          c_w.l(__scatter.o)
    0x00000154   0x0000001a   Code   RO         1827    !!handler_copy      c_w.l(__scatter_copy.o)
    0x0000016e   0x00000002   PAD
    0x00000170   0x0000001c   Code   RO         1829    !!handler_zi        c_w.l(__scatter_zi.o)
    0x0000018c   0x00000000   Code   RO         1643    .ARM.Collect$$_printf_percent$$00000000  c_w.l(_printf_percent.o)
    0x0000018c   0x00000006   Code   RO         1642    .ARM.Collect$$_printf_percent$$00000009  c_w.l(_printf_d.o)
    0x00000192   0x00000006   Code   RO         1641    .ARM.Collect$$_printf_percent$$00000014  c_w.l(_printf_s.o)
    0x00000198   0x00000004   Code   RO         1661    .ARM.Collect$$_printf_percent$$00000017  c_w.l(_printf_percent_end.o)
    0x0000019c   0x00000002   Code   RO         1696    .ARM.Collect$$libinit$$00000000  c_w.l(libinit.o)
    0x0000019e   0x00000000   Code   RO         1703    .ARM.Collect$$libinit$$00000002  c_w.l(libinit2.o)
    0x0000019e   0x00000000   Code   RO         1705    .ARM.Collect$$libinit$$00000004  c_w.l(libinit2.o)
    0x0000019e   0x00000000   Code   RO         1708    .ARM.Collect$$libinit$$0000000A  c_w.l(libinit2.o)
    0x0000019e   0x00000000   Code   RO         1710    .ARM.Collect$$libinit$$0000000C  c_w.l(libinit2.o)
    0x0000019e   0x00000000   Code   RO         1712    .ARM.Collect$$libinit$$0000000E  c_w.l(libinit2.o)
    0x0000019e   0x00000000   Code   RO         1715    .ARM.Collect$$libinit$$00000011  c_w.l(libinit2.o)
    0x0000019e   0x00000000   Code   RO         1717    .ARM.Collect$$libinit$$00000013  c_w.l(libinit2.o)
    0x0000019e   0x00000000   Code   RO         1719    .ARM.Collect$$libinit$$00000015  c_w.l(libinit2.o)
    0x0000019e   0x00000000   Code   RO         1721    .ARM.Collect$$libinit$$00000017  c_w.l(libinit2.o)
    0x0000019e   0x00000000   Code   RO         1723    .ARM.Collect$$libinit$$00000019  c_w.l(libinit2.o)
    0x0000019e   0x00000000   Code   RO         1725    .ARM.Collect$$libinit$$0000001B  c_w.l(libinit2.o)
    0x0000019e   0x00000000   Code   RO         1727    .ARM.Collect$$libinit$$0000001D  c_w.l(libinit2.o)
    0x0000019e   0x00000000   Code   RO         1729    .ARM.Collect$$libinit$$0000001F  c_w.l(libinit2.o)
    0x0000019e   0x00000000   Code   RO         1731    .ARM.Collect$$libinit$$00000021  c_w.l(libinit2.o)
    0x0000019e   0x00000000   Code   RO         1733    .ARM.Collect$$libinit$$00000023  c_w.l(libinit2.o)
    0x0000019e   0x00000000   Code   RO         1735    .ARM.Collect$$libinit$$00000025  c_w.l(libinit2.o)
    0x0000019e   0x00000000   Code   RO         1739    .ARM.Collect$$libinit$$0000002C  c_w.l(libinit2.o)
    0x0000019e   0x00000000   Code   RO         1741    .ARM.Collect$$libinit$$0000002E  c_w.l(libinit2.o)
    0x0000019e   0x00000000   Code   RO         1743    .ARM.Collect$$libinit$$00000030  c_w.l(libinit2.o)
    0x0000019e   0x00000000   Code   RO         1745    .ARM.Collect$$libinit$$00000032  c_w.l(libinit2.o)
    0x0000019e   0x00000002   Code   RO         1746    .ARM.Collect$$libinit$$00000033  c_w.l(libinit2.o)
    0x000001a0   0x00000002   Code   RO         1766    .ARM.Collect$$libshutdown$$00000000  c_w.l(libshutdown.o)
    0x000001a2   0x00000000   Code   RO         1780    .ARM.Collect$$libshutdown$$00000003  c_w.l(libshutdown2.o)
    0x000001a2   0x00000000   Code   RO         1783    .ARM.Collect$$libshutdown$$00000006  c_w.l(libshutdown2.o)
    0x000001a2   0x00000000   Code   RO         1786    .ARM.Collect$$libshutdown$$00000009  c_w.l(libshutdown2.o)
    0x000001a2   0x00000000   Code   RO         1788    .ARM.Collect$$libshutdown$$0000000B  c_w.l(libshutdown2.o)
    0x000001a2   0x00000000   Code   RO         1791    .ARM.Collect$$libshutdown$$0000000E  c_w.l(libshutdown2.o)
    0x000001a2   0x00000002   Code   RO         1792    .ARM.Collect$$libshutdown$$0000000F  c_w.l(libshutdown2.o)
    0x000001a4   0x00000000   Code   RO         1654    .ARM.Collect$$rtentry$$00000000  c_w.l(__rtentry.o)
    0x000001a4   0x00000000   Code   RO         1665    .ARM.Collect$$rtentry$$00000002  c_w.l(__rtentry2.o)
    0x000001a4   0x00000006   Code   RO         1677    .ARM.Collect$$rtentry$$00000004  c_w.l(__rtentry4.o)
    0x000001aa   0x00000000   Code   RO         1667    .ARM.Collect$$rtentry$$00000009  c_w.l(__rtentry2.o)
    0x000001aa   0x00000004   Code   RO         1668    .ARM.Collect$$rtentry$$0000000A  c_w.l(__rtentry2.o)
    0x000001ae   0x00000000   Code   RO         1670    .ARM.Collect$$rtentry$$0000000C  c_w.l(__rtentry2.o)
    0x000001ae   0x00000008   Code   RO         1671    .ARM.Collect$$rtentry$$0000000D  c_w.l(__rtentry2.o)
    0x000001b6   0x00000002   Code   RO         1700    .ARM.Collect$$rtexit$$00000000  c_w.l(rtexit.o)
    0x000001b8   0x00000000   Code   RO         1748    .ARM.Collect$$rtexit$$00000002  c_w.l(rtexit2.o)
    0x000001b8   0x00000004   Code   RO         1749    .ARM.Collect$$rtexit$$00000003  c_w.l(rtexit2.o)
    0x000001bc   0x00000006   Code   RO         1750    .ARM.Collect$$rtexit$$00000004  c_w.l(rtexit2.o)
    0x000001c2   0x00000002   PAD
    0x000001c4   0x00000040   Code   RO          416    .text               startup_elf2.o
    0x00000204   0x00000018   Code   RO         1613    .text               c_w.l(noretval__2printf.o)
    0x0000021c   0x00000068   Code   RO         1615    .text               c_w.l(__printf.o)
    0x00000284   0x00000052   Code   RO         1617    .text               c_w.l(_printf_str.o)
    0x000002d6   0x00000002   PAD
    0x000002d8   0x00000078   Code   RO         1619    .text               c_w.l(_printf_dec.o)
    0x00000350   0x00000048   Code   RO         1644    .text               c_w.l(strcpy.o)
    0x00000398   0x0000008a   Code   RO         1648    .text               c_w.l(rt_memcpy_v6.o)
    0x00000422   0x00000006   Code   RO         1650    .text               c_w.l(heapauxi.o)
    0x00000428   0x000000b2   Code   RO         1655    .text               c_w.l(_printf_intcommon.o)
    0x000004da   0x0000002c   Code   RO         1657    .text               c_w.l(_printf_char.o)
    0x00000506   0x00000002   PAD
    0x00000508   0x00000024   Code   RO         1659    .text               c_w.l(_printf_char_file.o)
    0x0000052c   0x00000064   Code   RO         1662    .text               c_w.l(rt_memcpy_w.o)
    0x00000590   0x00000030   Code   RO         1679    .text               c_w.l(_printf_char_common.o)
    0x000005c0   0x00000008   Code   RO         1681    .text               c_w.l(ferror.o)
    0x000005c8   0x0000004a   Code   RO         1685    .text               c_w.l(sys_stackheap_outer.o)
    0x00000612   0x0000000c   Code   RO         1689    .text               c_w.l(exit.o)
    0x0000061e   0x00000002   PAD
    0x00000620   0x00000008   Code   RO         1697    .text               c_w.l(libspace.o)
    0x00000628   0x0000000c   Code   RO         1758    .text               c_w.l(sys_exit.o)
    0x00000634   0x00000002   Code   RO         1769    .text               c_w.l(use_no_semi.o)
    0x00000636   0x00000000   Code   RO         1771    .text               c_w.l(indicate_semi.o)
    0x00000636   0x00000002   PAD
    0x00000638   0x00000050   Code   RO          261    i.ADCC0_IRQHandler  intc.o
    0x00000688   0x00000050   Code   RO          262    i.ADCC1_IRQHandler  intc.o
    0x000006d8   0x00000050   Code   RO          263    i.ADCC2_IRQHandler  intc.o
    0x00000728   0x00000050   Code   RO          264    i.ADCC3_IRQHandler  intc.o
    0x00000778   0x00000050   Code   RO          265    i.ADCC4_IRQHandler  intc.o
    0x000007c8   0x00000050   Code   RO          266    i.ADCC5_IRQHandler  intc.o
    0x00000818   0x00000050   Code   RO          267    i.DMAC_IRQHandler   intc.o
    0x00000868   0x00000050   Code   RO          268    i.EXT_IRQHandler    intc.o
    0x000008b8   0x000000a4   Code   RO          730    i.FLASH_Erase_Block  ELF2_CM3_Lib.lib(flash.o)
    0x0000095c   0x0000000c   Code   RO          731    i.FLASH_Init        ELF2_CM3_Lib.lib(flash.o)
    0x00000968   0x00000022   Code   RO          732    i.FLASH_Operation_Wait  ELF2_CM3_Lib.lib(flash.o)
    0x0000098a   0x00000002   PAD
    0x0000098c   0x000000c4   Code   RO          733    i.FLASH_Program     ELF2_CM3_Lib.lib(flash.o)
    0x00000a50   0x0000007c   Code   RO          734    i.FLASH_Program_Base  ELF2_CM3_Lib.lib(flash.o)
    0x00000acc   0x00000028   Code   RO          736    i.FLASH_Quad_Enable  ELF2_CM3_Lib.lib(flash.o)
    0x00000af4   0x000000cc   Code   RO          737    i.FLASH_Quad_Read   ELF2_CM3_Lib.lib(flash.o)
    0x00000bc0   0x00000050   Code   RO          269    i.GPIO_IRQHandler   intc.o
    0x00000c10   0x00000038   Code   RO          870    i.HAL_GPIO_Init     ELF2_CM3_Lib.lib(gpio.o)
    0x00000c48   0x00000038   Code   RO          876    i.HAL_GPIO_SetDebounce  ELF2_CM3_Lib.lib(gpio.o)
    0x00000c80   0x00000074   Code   RO          877    i.HAL_GPIO_SetDir   ELF2_CM3_Lib.lib(gpio.o)
    0x00000cf4   0x00000038   Code   RO          878    i.HAL_GPIO_SetPly   ELF2_CM3_Lib.lib(gpio.o)
    0x00000d2c   0x00000062   Code   RO          881    i.HAL_GPIO_TrigType  ELF2_CM3_Lib.lib(gpio.o)
    0x00000d8e   0x00000002   PAD
    0x00000d90   0x0000005c   Code   RO          883    i.HAL_GPIO_WritePin  ELF2_CM3_Lib.lib(gpio.o)
    0x00000dec   0x00000038   Code   RO          884    i.HAL_GPIO_setIrqLevel  ELF2_CM3_Lib.lib(gpio.o)
    0x00000e24   0x00000018   Code   RO         1039    i.HAL_SYSCON_HCLK_Src_Sel  ELF2_CM3_Lib.lib(syscon.o)
    0x00000e3c   0x0000006c   Code   RO         1043    i.HAL_SYSCON_Set_HClk_Div  ELF2_CM3_Lib.lib(syscon.o)
    0x00000ea8   0x00000070   Code   RO         1044    i.HAL_SYSCON_Set_PClk0_Div  ELF2_CM3_Lib.lib(syscon.o)
    0x00000f18   0x0000006c   Code   RO         1045    i.HAL_SYSCON_Set_PClk1_Div  ELF2_CM3_Lib.lib(syscon.o)
    0x00000f84   0x000000c0   Code   RO         1046    i.HAL_SYSCON_Set_RTC_Div  ELF2_CM3_Lib.lib(syscon.o)
    0x00001044   0x00000050   Code   RO          270    i.I2C0_IRQHandler   intc.o
    0x00001094   0x00000050   Code   RO          271    i.I2C1_IRQHandler   intc.o
    0x000010e4   0x00000050   Code   RO          272    i.I2S_IRQHandler    intc.o
    0x00001134   0x00000050   Code   RO          273    i.QSPI_IRQHandler   intc.o
    0x00001184   0x00000050   Code   RO          274    i.RTC_IRQHandler    intc.o
    0x000011d4   0x00000048   Code   RO          568    i.SEGGER_RTT_Write  segger_rtt.o
    0x0000121c   0x00000084   Code   RO          569    i.SEGGER_RTT_WriteNoLock  segger_rtt.o
    0x000012a0   0x00000022   Code   RO          511    i.SEGGER_RTT_printf  segger_rtt_printf.o
    0x000012c2   0x0000020a   Code   RO          512    i.SEGGER_RTT_vprintf  segger_rtt_printf.o
    0x000014cc   0x00000050   Code   RO          275    i.SPIM_IRQHandler   intc.o
    0x0000151c   0x00000050   Code   RO          424    i.SystemInit        system_elf2.o
    0x0000156c   0x00000050   Code   RO          276    i.TIMER_IRQHandler  intc.o
    0x000015bc   0x00000050   Code   RO          277    i.UART_IRQHandler   intc.o
    0x0000160c   0x0000004c   Code   RO          278    i.WDT_IRQHandler    intc.o
    0x00001658   0x00000070   Code   RO          573    i._DoInit           segger_rtt.o
    0x000016c8   0x0000001c   Code   RO          574    i._GetAvailWriteSpace  segger_rtt.o
    0x000016e4   0x000000ec   Code   RO          513    i._PrintInt         segger_rtt_printf.o
    0x000017d0   0x000000ec   Code   RO          514    i._PrintUnsigned    segger_rtt_printf.o
    0x000018bc   0x00000044   Code   RO          515    i._StoreChar        segger_rtt_printf.o
    0x00001900   0x00000072   Code   RO          576    i._WriteBlocking    segger_rtt.o
    0x00001972   0x0000004c   Code   RO          577    i._WriteNoCheck     segger_rtt.o
    0x000019be   0x00000002   PAD
    0x000019c0   0x00000040   Code   RO          496    i.__aeabi_assert    debug.o
    0x00001a00   0x0000001e   Code   RO          739    i.co_bswap32        ELF2_CM3_Lib.lib(flash.o)
    0x00001a1e   0x00000018   Code   RO          425    i.delay             system_elf2.o
    0x00001a36   0x00000002   PAD
    0x00001a38   0x00000020   Code   RO         1373    i.dmac_ch0_cfg_h_pack  ELF2_CM3_Lib.lib(dma.o)
    0x00001a58   0x00000030   Code   RO         1374    i.dmac_ch0_cfg_l_pack  ELF2_CM3_Lib.lib(dma.o)
    0x00001a88   0x00000010   Code   RO         1375    i.dmac_ch0_ctrl_h_pack  ELF2_CM3_Lib.lib(dma.o)
    0x00001a98   0x00000038   Code   RO         1376    i.dmac_ch0_ctrl_l_pack  ELF2_CM3_Lib.lib(dma.o)
    0x00001ad0   0x0000000c   Code   RO         1377    i.dmac_ch0_dar_l_set  ELF2_CM3_Lib.lib(dma.o)
    0x00001adc   0x0000000c   Code   RO         1378    i.dmac_ch0_sar_l_set  ELF2_CM3_Lib.lib(dma.o)
    0x00001ae8   0x00000010   Code   RO         1380    i.dmac_chenreg_l_pack  ELF2_CM3_Lib.lib(dma.o)
    0x00001af8   0x0000000c   Code   RO         1381    i.dmac_clearblock_l_set  ELF2_CM3_Lib.lib(dma.o)
    0x00001b04   0x0000000c   Code   RO         1382    i.dmac_dmacfgreg_l_set  ELF2_CM3_Lib.lib(dma.o)
    0x00001b10   0x0000000c   Code   RO         1383    i.dmac_rawblock_l_get  ELF2_CM3_Lib.lib(dma.o)
    0x00001b1c   0x00000050   Code   RO         1384    i.dmac_transfer_QSPI_RX  ELF2_CM3_Lib.lib(dma.o)
    0x00001b6c   0x00000050   Code   RO         1385    i.dmac_transfer_QSPI_RX_32Bit  ELF2_CM3_Lib.lib(dma.o)
    0x00001bbc   0x00000052   Code   RO         1386    i.dmac_transfer_QSPI_TX  ELF2_CM3_Lib.lib(dma.o)
    0x00001c0e   0x0000002e   Code   RO         1388    i.dmac_transfer_qspi_init  ELF2_CM3_Lib.lib(dma.o)
    0x00001c3c   0x00000012   Code   RO          464    i.fputc             log.o
    0x00001c4e   0x00000002   PAD
    0x00001c50   0x00000014   Code   RO          888    i.gpio_portadataregister_setf  ELF2_CM3_Lib.lib(gpio.o)
    0x00001c64   0x00000014   Code   RO          889    i.gpio_portbdataregister_setf  ELF2_CM3_Lib.lib(gpio.o)
    0x00001c78   0x00000024   Code   RO            4    i.main              main.o
    0x00001c9c   0x00000040   Code   RO         1196    i.qspi_ctrlr0_pack  ELF2_CM3_Lib.lib(qspi.o)
    0x00001cdc   0x0000000c   Code   RO         1197    i.qspi_ctrlr1_pack  ELF2_CM3_Lib.lib(qspi.o)
    0x00001ce8   0x00000010   Code   RO         1199    i.qspi_dmacr_pack   ELF2_CM3_Lib.lib(qspi.o)
    0x00001cf8   0x0000000c   Code   RO         1200    i.qspi_dmardlr_set  ELF2_CM3_Lib.lib(qspi.o)
    0x00001d04   0x0000000c   Code   RO         1201    i.qspi_dr_set       ELF2_CM3_Lib.lib(qspi.o)
    0x00001d10   0x000000c4   Code   RO         1205    i.qspi_flash_quad_read_data  ELF2_CM3_Lib.lib(qspi.o)
    0x00001dd4   0x0000001e   Code   RO         1208    i.qspi_init         ELF2_CM3_Lib.lib(qspi.o)
    0x00001df2   0x00000002   PAD
    0x00001df4   0x000000bc   Code   RO         1209    i.qspi_read         ELF2_CM3_Lib.lib(qspi.o)
    0x00001eb0   0x00000018   Code   RO         1210    i.qspi_rsd_setf     ELF2_CM3_Lib.lib(qspi.o)
    0x00001ec8   0x00000014   Code   RO         1211    i.qspi_sckdv_setf   ELF2_CM3_Lib.lib(qspi.o)
    0x00001edc   0x0000000c   Code   RO         1212    i.qspi_ser_set      ELF2_CM3_Lib.lib(qspi.o)
    0x00001ee8   0x00000018   Code   RO         1213    i.qspi_spi_ctrlr0_pack  ELF2_CM3_Lib.lib(qspi.o)
    0x00001f00   0x00000014   Code   RO         1214    i.qspi_ssi_en_setf  ELF2_CM3_Lib.lib(qspi.o)
    0x00001f14   0x0000000c   Code   RO         1215    i.qspi_ssienr_set   ELF2_CM3_Lib.lib(qspi.o)
    0x00001f20   0x00000010   Code   RO         1216    i.qspi_tfe_getf     ELF2_CM3_Lib.lib(qspi.o)
    0x00001f30   0x0000009c   Code   RO         1217    i.qspi_write        ELF2_CM3_Lib.lib(qspi.o)
    0x00001fcc   0x0000000c   Code   RO         1048    i.sysc_awo_div_update_set  ELF2_CM3_Lib.lib(syscon.o)
    0x00001fd8   0x00000014   Code   RO         1051    i.sysc_awo_rtc_div_para_m1_setf  ELF2_CM3_Lib.lib(syscon.o)
    0x00001fec   0x00000168   Code   RO            6    i.test_quad_read    main.o
    0x00002154   0x00000010   Data   RO          516    .constdata          segger_rtt_printf.o
    0x00002164   0x0000005b   Data   RO          740    .conststring        ELF2_CM3_Lib.lib(flash.o)
    0x000021bf   0x00000001   PAD
    0x000021c0   0x00000020   Data   RO         1823    Region$$Table       anon$$obj.o


    Execution Region RW_IRAM0 (Base: 0x20000000, Size: 0x00000a20, Max: 0x00008000, ABSOLUTE)

    Base Addr    Size         Type   Attr      Idx    E Section Name        Object

    0x20000000   0x00000004   Data   RW          426    .data               system_elf2.o
    0x20000004   0x00000004   Data   RW          465    .data               log.o
    0x20000008   0x000004b8   Zero   RW          578    .bss                segger_rtt.o
    0x200004c0   0x00000060   Zero   RW         1698    .bss                c_w.l(libspace.o)
    0x20000520   0x00000100   Zero   RW          414    HEAP                startup_elf2.o
    0x20000620   0x00000400   Zero   RW          413    STACK               startup_elf2.o


==============================================================================

Image component sizes


      Code (inc. data)   RO Data    RW Data    ZI Data      Debug   Object Name

        64         40          0          0          0        569   debug.o
         0          0          0        144          0        588   int_register.o
      1436        898          0          0          0      10215   intc.o
        18          0          0          4          0       2438   log.o
       396        156          0          0          0       8220   main.o
       534         48          0          0       1208       7726   segger_rtt.o
      1096          6         16          0          0       6097   segger_rtt_printf.o
        64         26        136          0       1280        888   startup_elf2.o
       104         14          0          4          0       1275   system_elf2.o

    ----------------------------------------------------------------------
      3718       1188        184        152       2488      38016   Object Totals
         0          0         32          0          0          0   (incl. Generated)
         6          0          0          0          0          0   (incl. Padding)

    ----------------------------------------------------------------------

      Code (inc. data)   RO Data    RW Data    ZI Data      Debug   Library Member Name

       516         58          0          0          0      43916   dma.o
       804        214         91          0          0       6551   flash.o
       570         38          0          0          0      14741   gpio.o
       814         84          0          0          0      22497   qspi.o
       576        298          0          0          0      32287   syscon.o
         8          0          0          0          0         68   __main.o
       104          0          0          0          0         84   __printf.o
         0          0          0          0          0          0   __rtentry.o
        12          0          0          0          0          0   __rtentry2.o
         6          0          0          0          0          0   __rtentry4.o
        52          8          0          0          0          0   __scatter.o
        26          0          0          0          0          0   __scatter_copy.o
        28          0          0          0          0          0   __scatter_zi.o
        44          0          0          0          0        108   _printf_char.o
        48          6          0          0          0         96   _printf_char_common.o
        36          4          0          0          0         80   _printf_char_file.o
         6          0          0          0          0          0   _printf_d.o
       120         16          0          0          0         92   _printf_dec.o
       178          0          0          0          0         88   _printf_intcommon.o
         0          0          0          0          0          0   _printf_percent.o
         4          0          0          0          0          0   _printf_percent_end.o
         6          0          0          0          0          0   _printf_s.o
        82          0          0          0          0         80   _printf_str.o
        12          0          0          0          0         72   exit.o
         8          0          0          0          0         68   ferror.o
         6          0          0          0          0        152   heapauxi.o
         0          0          0          0          0          0   indicate_semi.o
         2          0          0          0          0          0   libinit.o
         2          0          0          0          0          0   libinit2.o
         2          0          0          0          0          0   libshutdown.o
         2          0          0          0          0          0   libshutdown2.o
         8          4          0          0         96         68   libspace.o
        24          4          0          0          0         84   noretval__2printf.o
       138          0          0          0          0         68   rt_memcpy_v6.o
       100          0          0          0          0         80   rt_memcpy_w.o
         2          0          0          0          0          0   rtexit.o
        10          0          0          0          0          0   rtexit2.o
        72          0          0          0          0         80   strcpy.o
        12          4          0          0          0         68   sys_exit.o
        74          0          0          0          0         80   sys_stackheap_outer.o
         2          0          0          0          0         68   use_no_semi.o

    ----------------------------------------------------------------------
      4534        738         92          0         96     121576   Library Totals
        18          0          1          0          0          0   (incl. Padding)

    ----------------------------------------------------------------------

      Code (inc. data)   RO Data    RW Data    ZI Data      Debug   Library Name

      3280        692         91          0          0     119992   ELF2_CM3_Lib.lib
      1236         46          0          0         96       1584   c_w.l

    ----------------------------------------------------------------------
      4534        738         92          0         96     121576   Library Totals

    ----------------------------------------------------------------------

==============================================================================


      Code (inc. data)   RO Data    RW Data    ZI Data      Debug   

      8252       1926        276        152       2584     154284   Grand Totals
      8252       1926        276        152       2584     154284   ELF Image Totals
      8252       1926        276        152          0          0   ROM Totals

==============================================================================

    Total RO  Size (Code + RO Data)                 8528 (   8.33kB)
    Total RW  Size (RW Data + ZI Data)              2736 (   2.67kB)
    Total ROM Size (Code + RO Data + RW Data)       8680 (   8.48kB)

==============================================================================

