Component: ARM Compiler 5.05 update 2 (build 169) Tool: armlink [4d0f33]

==============================================================================

Section Cross References

    main.o(i.main) refers to segger_rtt_printf.o(i.SEGGER_RTT_printf) for SEGGER_RTT_printf
    main.o(i.main) refers to test_timer.o(i.test_timer) for test_timer
    int_register.o(i.ADCC0_Int_Register) refers to int_register.o(i.int_callback_register) for int_callback_register
    int_register.o(i.ADCC0_Int_Register) refers to abort.o(.text) for abort
    int_register.o(i.ADCC1_Int_Register) refers to int_register.o(i.int_callback_register) for int_callback_register
    int_register.o(i.ADCC1_Int_Register) refers to abort.o(.text) for abort
    int_register.o(i.ADCC2_Int_Register) refers to int_register.o(i.int_callback_register) for int_callback_register
    int_register.o(i.ADCC2_Int_Register) refers to abort.o(.text) for abort
    int_register.o(i.ADCC3_Int_Register) refers to int_register.o(i.int_callback_register) for int_callback_register
    int_register.o(i.ADCC3_Int_Register) refers to abort.o(.text) for abort
    int_register.o(i.ADCC4_Int_Register) refers to int_register.o(i.int_callback_register) for int_callback_register
    int_register.o(i.ADCC4_Int_Register) refers to abort.o(.text) for abort
    int_register.o(i.ADCC5_Int_Register) refers to int_register.o(i.int_callback_register) for int_callback_register
    int_register.o(i.ADCC5_Int_Register) refers to abort.o(.text) for abort
    int_register.o(i.DMAC_Int_Register) refers to int_register.o(i.int_callback_register) for int_callback_register
    int_register.o(i.DMAC_Int_Register) refers to abort.o(.text) for abort
    int_register.o(i.EXTINT_Int_Register) refers to int_register.o(i.int_callback_register) for int_callback_register
    int_register.o(i.EXTINT_Int_Register) refers to abort.o(.text) for abort
    int_register.o(i.GPIO_Int_Register) refers to int_register.o(i.int_callback_register) for int_callback_register
    int_register.o(i.GPIO_Int_Register) refers to abort.o(.text) for abort
    int_register.o(i.I2C0_Int_Register) refers to int_register.o(i.int_callback_register) for int_callback_register
    int_register.o(i.I2C0_Int_Register) refers to abort.o(.text) for abort
    int_register.o(i.I2C1_Int_Register) refers to int_register.o(i.int_callback_register) for int_callback_register
    int_register.o(i.I2C1_Int_Register) refers to abort.o(.text) for abort
    int_register.o(i.I2S_Int_Register) refers to int_register.o(i.int_callback_register) for int_callback_register
    int_register.o(i.I2S_Int_Register) refers to abort.o(.text) for abort
    int_register.o(i.RTC_Int_Register) refers to int_register.o(i.int_callback_register) for int_callback_register
    int_register.o(i.RTC_Int_Register) refers to abort.o(.text) for abort
    int_register.o(i.SPIM_Int_Register) refers to int_register.o(i.int_callback_register) for int_callback_register
    int_register.o(i.SPIM_Int_Register) refers to abort.o(.text) for abort
    int_register.o(i.TIMER_Int_Register) refers to int_register.o(i.int_callback_register) for int_callback_register
    int_register.o(i.TIMER_Int_Register) refers to abort.o(.text) for abort
    int_register.o(i.UART_Int_Register) refers to int_register.o(i.int_callback_register) for int_callback_register
    int_register.o(i.UART_Int_Register) refers to abort.o(.text) for abort
    int_register.o(i.WDT_Int_Register) refers to int_register.o(i.int_callback_register) for int_callback_register
    int_register.o(i.WDT_Int_Register) refers to abort.o(.text) for abort
    int_register.o(i.int_callback_get_isr) refers to abort.o(.text) for abort
    int_register.o(i.int_callback_get_isr) refers to int_register.o(int_callback_area) for int_callback_area
    int_register.o(i.int_callback_get_param) refers to abort.o(.text) for abort
    int_register.o(i.int_callback_get_param) refers to int_register.o(int_callback_area) for int_callback_area
    int_register.o(i.int_callback_register) refers to abort.o(.text) for abort
    int_register.o(i.int_callback_register) refers to int_register.o(int_callback_area) for int_callback_area
    int_register.o(i.int_callback_unregister) refers to abort.o(.text) for abort
    int_register.o(i.int_callback_unregister) refers to int_register.o(int_callback_area) for int_callback_area
    intc.o(i.ADCC0_IRQHandler) refers to abort.o(.text) for abort
    intc.o(i.ADCC1_IRQHandler) refers to abort.o(.text) for abort
    intc.o(i.ADCC2_IRQHandler) refers to abort.o(.text) for abort
    intc.o(i.ADCC3_IRQHandler) refers to abort.o(.text) for abort
    intc.o(i.ADCC4_IRQHandler) refers to abort.o(.text) for abort
    intc.o(i.ADCC5_IRQHandler) refers to abort.o(.text) for abort
    intc.o(i.DMAC_IRQHandler) refers to abort.o(.text) for abort
    intc.o(i.EXT_IRQHandler) refers to abort.o(.text) for abort
    intc.o(i.GPIO_IRQHandler) refers to abort.o(.text) for abort
[...]
    segger_rtt_printf.o(i._PrintUnsigned) refers to segger_rtt_printf.o(.constdata) for .constdata
    segger_rtt_printf.o(i._StoreChar) refers to segger_rtt.o(i.SEGGER_RTT_Write) for SEGGER_RTT_Write
    test_timer.o(i.test_timer) refers to gpio.o(i.HAL_GPIO_Init) for HAL_GPIO_Init
    test_timer.o(i.test_timer) refers to int_register.o(i.TIMER_Int_Register) for TIMER_Int_Register
    test_timer.o(i.test_timer) refers to timer.o(i.HAL_TIMER_Init) for HAL_TIMER_Init
    test_timer.o(i.test_timer) refers to timer.o(i.HAL_TIMER_Set_LoadCount) for HAL_TIMER_Set_LoadCount
    test_timer.o(i.test_timer) refers to timer.o(i.HAL_TIMER_Enable) for HAL_TIMER_Enable
    test_timer.o(i.test_timer) refers to gpio.o(i.HAL_GPIO_WritePin) for HAL_GPIO_WritePin
    test_timer.o(i.test_timer) refers to test_timer.o(.data) for .data
    test_timer.o(i.test_timer) refers to test_timer.o(i.timer_isr) for timer_isr
    test_timer.o(i.timer_isr) refers to gpio.o(i.HAL_GPIO_WritePin) for HAL_GPIO_WritePin
    test_timer.o(i.timer_isr) refers to noretval__2printf.o(.text) for __2printf
    test_timer.o(i.timer_isr) refers to timer.o(i.HAL_TIMER_Int_Clr) for HAL_TIMER_Int_Clr
    gpio.o(i.HAL_GPIO_Init) refers to gpio.o(i.HAL_GPIO_SetDir) for HAL_GPIO_SetDir
    gpio.o(i.HAL_GPIO_Init) refers to gpio.o(i.HAL_GPIO_WritePin) for HAL_GPIO_WritePin
    gpio.o(i.HAL_GPIO_Init) refers to gpio.o(i.HAL_GPIO_SetDebounce) for HAL_GPIO_SetDebounce
    gpio.o(i.HAL_GPIO_Init) refers to gpio.o(i.HAL_GPIO_TrigType) for HAL_GPIO_TrigType
    gpio.o(i.HAL_GPIO_IntDisable) refers to gpio.o(i.gpio_interruptenable_setf) for gpio_interruptenable_setf
    gpio.o(i.HAL_GPIO_IntEnable) refers to gpio.o(i.gpio_interruptenable_setf) for gpio_interruptenable_setf
    gpio.o(i.HAL_GPIO_MaskIrq) refers to gpio.o(i.gpio_int_mask_setf) for gpio_int_mask_setf
    gpio.o(i.HAL_GPIO_TogglePin) refers to gpio.o(i.gpio_portadataregister_setf) for gpio_portadataregister_setf
    gpio.o(i.HAL_GPIO_TogglePin) refers to gpio.o(i.gpio_portbdataregister_setf) for gpio_portbdataregister_setf
    gpio.o(i.HAL_GPIO_TrigBothEdge) refers to gpio.o(i.gpio_int_both_edge_setf) for gpio_int_both_edge_setf
    gpio.o(i.HAL_GPIO_TrigType) refers to gpio.o(i.HAL_GPIO_setIrqLevel) for HAL_GPIO_setIrqLevel
    gpio.o(i.HAL_GPIO_TrigType) refers to gpio.o(i.HAL_GPIO_SetPly) for HAL_GPIO_SetPly
    gpio.o(i.HAL_GPIO_UnmaskIrq) refers to gpio.o(i.gpio_int_mask_setf) for gpio_int_mask_setf
    gpio.o(i.HAL_GPIO_WritePin) refers to gpio.o(i.gpio_portadataregister_setf) for gpio_portadataregister_setf
    gpio.o(i.HAL_GPIO_WritePin) refers to gpio.o(i.gpio_portbdataregister_setf) for gpio_portbdataregister_setf
    timer.o(i.HAL_TIMER_Init) refers to timer.o(i.HAL_TIMER_Enable) for HAL_TIMER_Enable
    timer.o(i.HAL_TIMER_Init) refers to timer.o(i.sysc_cpu_div_update_pack) for sysc_cpu_div_update_pack
    syscon.o(i.HAL_SYSCON_Clk_Enable) refers to syscon.o(i.sysc_awo_sw_clkg_set) for sysc_awo_sw_clkg_set
    syscon.o(i.HAL_SYSCON_Clk_Enable) refers to syscon.o(i.sysc_cpu_sw_clkg_set) for sysc_cpu_sw_clkg_set
    syscon.o(i.HAL_SYSCON_Clk_Enable) refers to debug.o(i.__aeabi_assert) for __aeabi_assert
    syscon.o(i.HAL_SYSCON_Function_IO_Set) refers to syscon.o(i.sysc_cpu_func_en_set) for sysc_cpu_func_en_set
    syscon.o(i.HAL_SYSCON_Function_IO_disable_all) refers to syscon.o(i.sysc_cpu_func_en_set) for sysc_cpu_func_en_set
    syscon.o(i.HAL_SYSCON_GPIO_Pull_Down) refers to syscon.o(i.sysc_awo_gpil_pd_setf) for sysc_awo_gpil_pd_setf
    syscon.o(i.HAL_SYSCON_GPIO_Pull_Up) refers to syscon.o(i.sysc_awo_gpil_pu_n_setf) for sysc_awo_gpil_pu_n_setf
    syscon.o(i.HAL_SYSCON_IO_Ctrl_Set) refers to debug.o(i.__aeabi_assert) for __aeabi_assert
    syscon.o(i.HAL_SYSCON_SW_Reset) refers to syscon.o(i.sysc_cpu_sw_rstn_set) for sysc_cpu_sw_rstn_set
    syscon.o(i.HAL_SYSCON_SW_Reset) refers to syscon.o(i.sysc_awo_sw_rstn_set) for sysc_awo_sw_rstn_set
    syscon.o(i.HAL_SYSCON_SW_Reset) refers to debug.o(i.__aeabi_assert) for __aeabi_assert
    syscon.o(i.HAL_SYSCON_Set_HClk_Div) refers to debug.o(i.__aeabi_assert) for __aeabi_assert
    syscon.o(i.HAL_SYSCON_Set_HClk_Div) refers to syscon.o(i.sysc_awo_div_update_set) for sysc_awo_div_update_set
    syscon.o(i.HAL_SYSCON_Set_PClk0_Div) refers to debug.o(i.__aeabi_assert) for __aeabi_assert
    syscon.o(i.HAL_SYSCON_Set_PClk1_Div) refers to debug.o(i.__aeabi_assert) for __aeabi_assert
    syscon.o(i.HAL_SYSCON_Set_PClk1_Div) refers to syscon.o(i.sysc_awo_div_update_set) for sysc_awo_div_update_set
    syscon.o(i.HAL_SYSCON_Set_RTC_Div) refers to debug.o(i.__aeabi_assert) for __aeabi_assert
    syscon.o(i.HAL_SYSCON_Set_RTC_Div) refers to syscon.o(i.sysc_awo_rtc_div_para_m1_setf) for sysc_awo_rtc_div_para_m1_setf
    syscon.o(i.HAL_SYSCON_Set_RTC_Div) refers to syscon.o(i.sysc_awo_div_update_set) for sysc_awo_div_update_set
    __2printf.o(.text) refers to _printf_char_file.o(.text) for _printf_char_file
    __2printf.o(.text) refers to log.o(.data) for __stdout
    noretval__2printf.o(.text) refers to _printf_char_file.o(.text) for _printf_char_file
    noretval__2printf.o(.text) refers to log.o(.data) for __stdout
    __printf.o(.text) refers to _printf_percent.o(.ARM.Collect$$_printf_percent$$00000000) for _printf_percent
    _printf_str.o(.text) refers (Special) to _printf_char.o(.text) for _printf_cs_common
    _printf_dec.o(.text) refers to _printf_intcommon.o(.text) for _printf_int_common
    __printf_flags.o(.text) refers to _printf_percent.o(.ARM.Collect$$_printf_percent$$00000000) for _printf_percent
    __printf_flags.o(.text) refers to __printf_flags.o(.constdata) for .constdata
    __printf_ss.o(.text) refers to _printf_percent.o(.ARM.Collect$$_printf_percent$$00000000) for _printf_percent
    __printf_flags_ss.o(.text) refers to _printf_percent.o(.ARM.Collect$$_printf_percent$$00000000) for _printf_percent
    __printf_flags_ss.o(.text) refers to __printf_flags_ss.o(.constdata) for .constdata
    __printf_wp.o(.text) refers to __printf_wp.o(i._is_digit) for _is_digit
    __printf_wp.o(.text) refers to _printf_percent.o(.ARM.Collect$$_printf_percent$$00000000) for _printf_percent
    __printf_flags_wp.o(.text) refers to __printf_wp.o(i._is_digit) for _is_digit
    __printf_flags_wp.o(.text) refers to _printf_percent.o(.ARM.Collect$$_printf_percent$$00000000) for _printf_percent
    __printf_flags_wp.o(.text) refers to __printf_flags_wp.o(.constdata) for .constdata
    __printf_ss_wp.o(.text) refers to __printf_wp.o(i._is_digit) for _is_digit
    __printf_ss_wp.o(.text) refers to _printf_percent.o(.ARM.Collect$$_printf_percent$$00000000) for _printf_percent
    __printf_flags_ss_wp.o(.text) refers to __printf_wp.o(i._is_digit) for _is_digit
    __printf_flags_ss_wp.o(.text) refers to _printf_percent.o(.ARM.Collect$$_printf_percent$$00000000) for _printf_percent
    __printf_flags_ss_wp.o(.text) refers to __printf_flags_ss_wp.o(.constdata) for .constdata
    _printf_s.o(.ARM.Collect$$_printf_percent$$00000014) refers (Weak) to _printf_char.o(.text) for _printf_string
    _printf_d.o(.ARM.Collect$$_printf_percent$$00000009) refers (Weak) to _printf_dec.o(.text) for _printf_int_dec
    _printf_percent.o(.ARM.Collect$$_printf_percent$$00000000) refers (Special) to _printf_percent_end.o(.ARM.Collect$$_printf_percent$$00000017) for _printf_percent_end
    abort.o(.text) refers to defsig_abrt_outer.o(.text) for __rt_SIGABRT
    abort.o(.text) refers (Weak) to libshutdown.o(.ARM.Collect$$libshutdown$$00000000) for __rt_lib_shutdown
    abort.o(.text) refers to sys_exit.o(.text) for _sys_exit
    rt_memcpy_v6.o(.text) refers to rt_memcpy_w.o(.text) for __aeabi_memcpy4
    __main.o(!!!main) refers to __rtentry.o(.ARM.Collect$$rtentry$$00000000) for __rt_entry
    sys_exit.o(.text) refers (Special) to use_no_semi.o(.text) for __I$use$semihosting
    sys_exit.o(.text) refers (Special) to indicate_semi.o(.text) for __semihosting_library_function
    __rtentry.o(.ARM.Collect$$rtentry$$00000000) refers (Special) to __rtentry2.o(.ARM.Collect$$rtentry$$0000000A) for __rt_entry_li
    __rtentry.o(.ARM.Collect$$rtentry$$00000000) refers (Special) to __rtentry2.o(.ARM.Collect$$rtentry$$0000000D) for __rt_entry_main
    __rtentry.o(.ARM.Collect$$rtentry$$00000000) refers (Special) to __rtentry2.o(.ARM.Collect$$rtentry$$0000000C) for __rt_entry_postli_1
    __rtentry.o(.ARM.Collect$$rtentry$$00000000) refers (Special) to __rtentry2.o(.ARM.Collect$$rtentry$$00000009) for __rt_entry_postsh_1
    __rtentry.o(.ARM.Collect$$rtentry$$00000000) refers (Special) to __rtentry2.o(.ARM.Collect$$rtentry$$00000002) for __rt_entry_presh_1
    __rtentry.o(.ARM.Collect$$rtentry$$00000000) refers (Special) to __rtentry4.o(.ARM.Collect$$rtentry$$00000004) for __rt_entry_sh
    _printf_char.o(.text) refers (Weak) to _printf_str.o(.text) for _printf_str
    _printf_char_file.o(.text) refers to _printf_char_common.o(.text) for _printf_char_common
    _printf_char_file.o(.text) refers to ferror.o(.text) for ferror
    _printf_char_file.o(.text) refers to log.o(i.fputc) for fputc
    defsig_abrt_outer.o(.text) refers to defsig_abrt_inner.o(.text) for __rt_SIGABRT_inner
    defsig_abrt_outer.o(.text) refers to defsig_exit.o(.text) for __sig_exit
    defsig_abrt_formal.o(.text) refers to rt_raise.o(.text) for __rt_raise
    __rtentry2.o(.ARM.Collect$$rtentry$$00000008) refers to boardinit2.o(.text) for _platform_post_stackheap_init
    __rtentry2.o(.ARM.Collect$$rtentry$$0000000A) refers to libinit.o(.ARM.Collect$$libinit$$00000000) for __rt_lib_init
    __rtentry2.o(.ARM.Collect$$rtentry$$0000000B) refers to boardinit3.o(.text) for _platform_post_lib_init
    __rtentry2.o(.ARM.Collect$$rtentry$$0000000D) refers to main.o(i.main) for main
    __rtentry2.o(.ARM.Collect$$rtentry$$0000000D) refers to exit.o(.text) for exit
    __rtentry2.o(.ARM.exidx) refers to __rtentry2.o(.ARM.Collect$$rtentry$$00000001) for .ARM.Collect$$rtentry$$00000001
    __rtentry2.o(.ARM.exidx) refers to __rtentry2.o(.ARM.Collect$$rtentry$$00000008) for .ARM.Collect$$rtentry$$00000008
    __rtentry2.o(.ARM.exidx) refers to __rtentry2.o(.ARM.Collect$$rtentry$$0000000A) for .ARM.Collect$$rtentry$$0000000A
    __rtentry2.o(.ARM.exidx) refers to __rtentry2.o(.ARM.Collect$$rtentry$$0000000B) for .ARM.Collect$$rtentry$$0000000B
    __rtentry2.o(.ARM.exidx) refers to __rtentry2.o(.ARM.Collect$$rtentry$$0000000D) for .ARM.Collect$$rtentry$$0000000D
    __rtentry4.o(.ARM.Collect$$rtentry$$00000004) refers to sys_stackheap_outer.o(.text) for __user_setup_stackheap
    __rtentry4.o(.ARM.exidx) refers to __rtentry4.o(.ARM.Collect$$rtentry$$00000004) for .ARM.Collect$$rtentry$$00000004
    rt_raise.o(.text) refers to __raise.o(.text) for __raise
    rt_raise.o(.text) refers to sys_exit.o(.text) for _sys_exit
    _printf_char_common.o(.text) refers to __printf.o(.text) for __printf
    defsig_exit.o(.text) refers to sys_exit.o(.text) for _sys_exit
    defsig_abrt_inner.o(.text) refers to defsig_general.o(.text) for __default_signal_display
    sys_stackheap_outer.o(.text) refers to libspace.o(.text) for __user_perproc_libspace
    sys_stackheap_outer.o(.text) refers to startup_elf2.o(.text) for __user_initial_stackheap
    exit.o(.text) refers to rtexit.o(.ARM.Collect$$rtexit$$00000000) for __rt_exit
    __raise.o(.text) refers to defsig.o(CL$$defsig) for __default_signal_handler
    defsig_general.o(.text) refers to sys_wrch.o(.text) for _ttywrch
    libinit.o(.ARM.Collect$$libinit$$00000000) refers (Special) to libinit2.o(.ARM.Collect$$libinit$$0000002E) for __rt_lib_init_alloca_1
    libinit.o(.ARM.Collect$$libinit$$00000000) refers (Special) to libinit2.o(.ARM.Collect$$libinit$$0000002C) for __rt_lib_init_argv_1
    libinit.o(.ARM.Collect$$libinit$$00000000) refers (Special) to libinit2.o(.ARM.Collect$$libinit$$0000001B) for __rt_lib_init_atexit_1
    libinit.o(.ARM.Collect$$libinit$$00000000) refers (Special) to libinit2.o(.ARM.Collect$$libinit$$00000021) for __rt_lib_init_clock_1
    libinit.o(.ARM.Collect$$libinit$$00000000) refers (Special) to libinit2.o(.ARM.Collect$$libinit$$00000032) for __rt_lib_init_cpp_1
    libinit.o(.ARM.Collect$$libinit$$00000000) refers (Special) to libinit2.o(.ARM.Collect$$libinit$$00000030) for __rt_lib_init_exceptions_1
    libinit.o(.ARM.Collect$$libinit$$00000000) refers (Special) to libinit2.o(.ARM.Collect$$libinit$$00000002) for __rt_lib_init_fp_1
    libinit.o(.ARM.Collect$$libinit$$00000000) refers (Special) to libinit2.o(.ARM.Collect$$libinit$$0000001F) for __rt_lib_init_fp_trap_1
    libinit.o(.ARM.Collect$$libinit$$00000000) refers (Special) to libinit2.o(.ARM.Collect$$libinit$$00000023) for __rt_lib_init_getenv_1
    libinit.o(.ARM.Collect$$libinit$$00000000) refers (Special) to libinit2.o(.ARM.Collect$$libinit$$0000000A) for __rt_lib_init_heap_1
    libinit.o(.ARM.Collect$$libinit$$00000000) refers (Special) to libinit2.o(.ARM.Collect$$libinit$$00000011) for __rt_lib_init_lc_collate_1
    libinit.o(.ARM.Collect$$libinit$$00000000) refers (Special) to libinit2.o(.ARM.Collect$$libinit$$00000013) for __rt_lib_init_lc_ctype_1
    libinit.o(.ARM.Collect$$libinit$$00000000) refers (Special) to libinit2.o(.ARM.Collect$$libinit$$00000015) for __rt_lib_init_lc_monetary_1
    libinit.o(.ARM.Collect$$libinit$$00000000) refers (Special) to libinit2.o(.ARM.Collect$$libinit$$00000017) for __rt_lib_init_lc_numeric_1
    libinit.o(.ARM.Collect$$libinit$$00000000) refers (Special) to libinit2.o(.ARM.Collect$$libinit$$00000019) for __rt_lib_init_lc_time_1
    libinit.o(.ARM.Collect$$libinit$$00000000) refers (Special) to libinit2.o(.ARM.Collect$$libinit$$00000004) for __rt_lib_init_preinit_1
    libinit.o(.ARM.Collect$$libinit$$00000000) refers (Special) to libinit2.o(.ARM.Collect$$libinit$$0000000E) for __rt_lib_init_rand_1
    libinit.o(.ARM.Collect$$libinit$$00000000) refers (Special) to libinit2.o(.ARM.Collect$$libinit$$00000033) for __rt_lib_init_return
    libinit.o(.ARM.Collect$$libinit$$00000000) refers (Special) to libinit2.o(.ARM.Collect$$libinit$$0000001D) for __rt_lib_init_signal_1
    libinit.o(.ARM.Collect$$libinit$$00000000) refers (Special) to libinit2.o(.ARM.Collect$$libinit$$00000025) for __rt_lib_init_stdio_1
    libinit.o(.ARM.Collect$$libinit$$00000000) refers (Special) to libinit2.o(.ARM.Collect$$libinit$$0000000C) for __rt_lib_init_user_alloc_1
    sys_wrch.o(.text) refers (Special) to use_no_semi.o(.text) for __I$use$semihosting
    sys_wrch.o(.text) refers (Special) to indicate_semi.o(.text) for __semihosting_library_function
    libspace.o(.text) refers to libspace.o(.bss) for __libspace_start
    rtexit.o(.ARM.Collect$$rtexit$$00000000) refers (Special) to rtexit2.o(.ARM.Collect$$rtexit$$00000004) for __rt_exit_exit
    rtexit.o(.ARM.Collect$$rtexit$$00000000) refers (Special) to rtexit2.o(.ARM.Collect$$rtexit$$00000003) for __rt_exit_ls
    rtexit.o(.ARM.Collect$$rtexit$$00000000) refers (Special) to rtexit2.o(.ARM.Collect$$rtexit$$00000002) for __rt_exit_prels_1
    rtexit.o(.ARM.exidx) refers (Special) to rtexit2.o(.ARM.Collect$$rtexit$$00000004) for __rt_exit_exit
    rtexit.o(.ARM.exidx) refers (Special) to rtexit2.o(.ARM.Collect$$rtexit$$00000003) for __rt_exit_ls
    rtexit.o(.ARM.exidx) refers (Special) to rtexit2.o(.ARM.Collect$$rtexit$$00000002) for __rt_exit_prels_1
    rtexit.o(.ARM.exidx) refers to rtexit.o(.ARM.Collect$$rtexit$$00000000) for .ARM.Collect$$rtexit$$00000000
    defsig.o(CL$$defsig) refers to defsig_abrt_inner.o(.text) for __rt_SIGABRT_inner
    defsig.o(CL$$defsig) refers to defsig_rtmem_inner.o(.text) for __rt_SIGRTMEM_inner
    libinit2.o(.ARM.Collect$$libinit$$00000010) refers to libinit2.o(.ARM.Collect$$libinit$$0000000F) for .ARM.Collect$$libinit$$0000000F
    libinit2.o(.ARM.Collect$$libinit$$00000012) refers to libinit2.o(.ARM.Collect$$libinit$$0000000F) for .ARM.Collect$$libinit$$0000000F
    libinit2.o(.ARM.Collect$$libinit$$00000014) refers to libinit2.o(.ARM.Collect$$libinit$$0000000F) for .ARM.Collect$$libinit$$0000000F
    libinit2.o(.ARM.Collect$$libinit$$00000016) refers to libinit2.o(.ARM.Collect$$libinit$$0000000F) for .ARM.Collect$$libinit$$0000000F
    libinit2.o(.ARM.Collect$$libinit$$00000018) refers to libinit2.o(.ARM.Collect$$libinit$$0000000F) for .ARM.Collect$$libinit$$0000000F
    libinit2.o(.ARM.Collect$$libinit$$00000026) refers to argv_veneer.o(.emb_text) for __ARM_argv_veneer
    libinit2.o(.ARM.Collect$$libinit$$00000027) refers to argv_veneer.o(.emb_text) for __ARM_argv_veneer
    rtexit2.o(.ARM.Collect$$rtexit$$00000003) refers to libshutdown.o(.ARM.Collect$$libshutdown$$00000000) for __rt_lib_shutdown
    rtexit2.o(.ARM.Collect$$rtexit$$00000004) refers to sys_exit.o(.text) for _sys_exit
    rtexit2.o(.ARM.exidx) refers to rtexit2.o(.ARM.Collect$$rtexit$$00000001) for .ARM.Collect$$rtexit$$00000001
    rtexit2.o(.ARM.exidx) refers to rtexit2.o(.ARM.Collect$$rtexit$$00000003) for .ARM.Collect$$rtexit$$00000003
    rtexit2.o(.ARM.exidx) refers to rtexit2.o(.ARM.Collect$$rtexit$$00000004) for .ARM.Collect$$rtexit$$00000004
    defsig_fpe_inner.o(.text) refers to defsig_general.o(.text) for __default_signal_display
    defsig_rtred_inner.o(.text) refers to defsig_general.o(.text) for __default_signal_display
    defsig_rtmem_inner.o(.text) refers to defsig_general.o(.text) for __default_signal_display
    defsig_stak_inner.o(.text) refers to defsig_general.o(.text) for __default_signal_display
    defsig_pvfn_inner.o(.text) refers to defsig_general.o(.text) for __default_signal_display
    defsig_cppl_inner.o(.text) refers to defsig_general.o(.text) for __default_signal_display
    defsig_segv_inner.o(.text) refers to defsig_general.o(.text) for __default_signal_display
    defsig_other.o(.text) refers to defsig_general.o(.text) for __default_signal_display
    argv_veneer.o(.emb_text) refers to no_argv.o(.text) for __ARM_get_argv
    _get_argv_nomalloc.o(.text) refers (Special) to hrguard.o(.text) for __heap_region$guard
    _get_argv_nomalloc.o(.text) refers to defsig_rtmem_outer.o(.text) for __rt_SIGRTMEM
    _get_argv_nomalloc.o(.text) refers to sys_command.o(.text) for _sys_command_string
    libshutdown.o(.ARM.Collect$$libshutdown$$00000000) refers (Special) to libshutdown2.o(.ARM.Collect$$libshutdown$$00000006) for __rt_lib_shutdown_fp_trap_1
    libshutdown.o(.ARM.Collect$$libshutdown$$00000000) refers (Special) to libshutdown2.o(.ARM.Collect$$libshutdown$$0000000E) for __rt_lib_shutdown_heap_1
    libshutdown.o(.ARM.Collect$$libshutdown$$00000000) refers (Special) to libshutdown2.o(.ARM.Collect$$libshutdown$$0000000F) for __rt_lib_shutdown_return
    libshutdown.o(.ARM.Collect$$libshutdown$$00000000) refers (Special) to libshutdown2.o(.ARM.Collect$$libshutdown$$00000009) for __rt_lib_shutdown_signal_1
    libshutdown.o(.ARM.Collect$$libshutdown$$00000000) refers (Special) to libshutdown2.o(.ARM.Collect$$libshutdown$$00000003) for __rt_lib_shutdown_stdio_1
    libshutdown.o(.ARM.Collect$$libshutdown$$00000000) refers (Special) to libshutdown2.o(.ARM.Collect$$libshutdown$$0000000B) for __rt_lib_shutdown_user_alloc_1
    sys_command.o(.text) refers (Special) to use_no_semi.o(.text) for __I$use$semihosting
    sys_command.o(.text) refers (Special) to indicate_semi.o(.text) for __semihosting_library_function
    defsig_rtmem_outer.o(.text) refers to defsig_rtmem_inner.o(.text) for __rt_SIGRTMEM_inner
    defsig_rtmem_outer.o(.text) refers to defsig_exit.o(.text) for __sig_exit
    defsig_rtmem_formal.o(.text) refers to rt_raise.o(.text) for __rt_raise


==============================================================================

Removing Unused input sections from the image.

    Removing int_register.o(i.ADCC0_Int_Register), (22 bytes).
    Removing int_register.o(i.ADCC1_Int_Register), (22 bytes).
    Removing int_register.o(i.ADCC2_Int_Register), (22 bytes).
    Removing int_register.o(i.ADCC3_Int_Register), (22 bytes).
    Removing int_register.o(i.ADCC4_Int_Register), (22 bytes).
    Removing int_register.o(i.ADCC5_Int_Register), (22 bytes).
    Removing int_register.o(i.DMAC_Int_Register), (22 bytes).
    Removing int_register.o(i.EXTINT_Int_Register), (22 bytes).
    Removing int_register.o(i.GPIO_Int_Register), (22 bytes).
    Removing int_register.o(i.I2C0_Int_Register), (22 bytes).
    Removing int_register.o(i.I2C1_Int_Register), (22 bytes).
    Removing int_register.o(i.I2S_Int_Register), (22 bytes).
    Removing int_register.o(i.RTC_Int_Register), (22 bytes).
    Removing int_register.o(i.SPIM_Int_Register), (22 bytes).
    Removing int_register.o(i.UART_Int_Register), (24 bytes).
    Removing int_register.o(i.WDT_Int_Register), (22 bytes).
    Removing int_register.o(i.int_callback_get_isr), (24 bytes).
    Removing int_register.o(i.int_callback_get_param), (24 bytes).
    Removing int_register.o(i.int_callback_unregister), (32 bytes).
    Removing intc.o(.rev16_text), (4 bytes).
    Removing intc.o(.revsh_text), (4 bytes).
    Removing intc.o(.rrx_text), (6 bytes).
    Removing intc.o(i.__NVIC_ClearPendingIRQ), (26 bytes).
    Removing intc.o(i.clear_all_pending_irq), (114 bytes).
    Removing intc.o(i.int_set_priority), (32 bytes).
    Removing intc.o(i.intc_init), (4 bytes).
    Removing system_elf2.o(.rev16_text), (4 bytes).
    Removing system_elf2.o(.revsh_text), (4 bytes).
    Removing system_elf2.o(.rrx_text), (6 bytes).
    Removing system_elf2.o(i.SystemCoreClockUpdate), (16 bytes).
    Removing segger_rtt.o(i.SEGGER_RTT_AllocDownBuffer), (104 bytes).
    Removing segger_rtt.o(i.SEGGER_RTT_AllocUpBuffer), (104 bytes).
    Removing segger_rtt.o(i.SEGGER_RTT_ConfigDownBuffer), (96 bytes).
    Removing segger_rtt.o(i.SEGGER_RTT_ConfigUpBuffer), (96 bytes).
    Removing segger_rtt.o(i.SEGGER_RTT_GetKey), (28 bytes).
    Removing segger_rtt.o(i.SEGGER_RTT_HasData), (24 bytes).
    Removing segger_rtt.o(i.SEGGER_RTT_HasKey), (32 bytes).
    Removing segger_rtt.o(i.SEGGER_RTT_Init), (4 bytes).
    Removing segger_rtt.o(i.SEGGER_RTT_Read), (24 bytes).
    Removing segger_rtt.o(i.SEGGER_RTT_ReadNoLock), (120 bytes).
    Removing segger_rtt.o(i.SEGGER_RTT_SetFlagsDownBuffer), (64 bytes).
    Removing segger_rtt.o(i.SEGGER_RTT_SetFlagsUpBuffer), (64 bytes).
    Removing segger_rtt.o(i.SEGGER_RTT_SetNameDownBuffer), (64 bytes).
    Removing segger_rtt.o(i.SEGGER_RTT_SetNameUpBuffer), (64 bytes).
    Removing segger_rtt.o(i.SEGGER_RTT_SetTerminal), (140 bytes).
    Removing segger_rtt.o(i.SEGGER_RTT_TerminalOut), (176 bytes).
    Removing segger_rtt.o(i.SEGGER_RTT_WaitKey), (12 bytes).
    Removing segger_rtt.o(i.SEGGER_RTT_WriteSkipNoLock), (144 bytes).
    Removing segger_rtt.o(i.SEGGER_RTT_WriteString), (26 bytes).
    Removing segger_rtt.o(i.SEGGER_RTT_WriteWithOverwriteNoLock), (152 bytes).
    Removing segger_rtt.o(i._PostTerminalSwitch), (32 bytes).
    Removing segger_rtt.o(.data), (17 bytes).
    Removing test_timer.o(.rev16_text), (4 bytes).
    Removing test_timer.o(.revsh_text), (4 bytes).
    Removing test_timer.o(.rrx_text), (6 bytes).
    Removing gpio.o(.rev16_text), (4 bytes).
    Removing gpio.o(.revsh_text), (4 bytes).
    Removing gpio.o(.rrx_text), (6 bytes).
    Removing gpio.o(i.HAL_GPIO_ClrIrq), (20 bytes).
    Removing gpio.o(i.HAL_GPIO_GetDir), (48 bytes).
    Removing gpio.o(i.HAL_GPIO_IntDisable), (32 bytes).
    Removing gpio.o(i.HAL_GPIO_IntEnable), (32 bytes).
    Removing gpio.o(i.HAL_GPIO_IntStatus), (16 bytes).
    Removing gpio.o(i.HAL_GPIO_MaskIrq), (32 bytes).
    Removing gpio.o(i.HAL_GPIO_ReadPin), (48 bytes).
    Removing gpio.o(i.HAL_GPIO_TogglePin), (104 bytes).
    Removing gpio.o(i.HAL_GPIO_TrigBothEdge), (52 bytes).
    Removing gpio.o(i.HAL_GPIO_UnmaskIrq), (32 bytes).
    Removing gpio.o(i.gpio_int_both_edge_setf), (20 bytes).
    Removing gpio.o(i.gpio_int_mask_setf), (20 bytes).
    Removing gpio.o(i.gpio_interruptenable_setf), (20 bytes).
    Removing timer.o(.rev16_text), (4 bytes).
    Removing timer.o(.revsh_text), (4 bytes).
    Removing timer.o(.rrx_text), (6 bytes).
    Removing timer.o(i.HAL_TIMER_Current_Value), (40 bytes).
    Removing timer.o(i.HAL_TIMER_Int_Status), (48 bytes).
    Removing syscon.o(.rev16_text), (4 bytes).
    Removing syscon.o(.revsh_text), (4 bytes).
    Removing syscon.o(.rrx_text), (6 bytes).
    Removing syscon.o(i.HAL_SYSCON_Clk_Enable), (192 bytes).
    Removing syscon.o(i.HAL_SYSCON_Function_IO_Set), (436 bytes).
    Removing syscon.o(i.HAL_SYSCON_Function_IO_disable_all), (10 bytes).
    Removing syscon.o(i.HAL_SYSCON_GPIO_IO_En), (36 bytes).
    Removing syscon.o(i.HAL_SYSCON_GPIO_Pull_Down), (44 bytes).
    Removing syscon.o(i.HAL_SYSCON_GPIO_Pull_Up), (44 bytes).
    Removing syscon.o(i.HAL_SYSCON_IO_Ctrl_Set), (136 bytes).
    Removing syscon.o(i.HAL_SYSCON_Retention_Enable), (36 bytes).
    Removing syscon.o(i.HAL_SYSCON_SW_Reset), (136 bytes).
    Removing syscon.o(i.HAL_SYSCON_Start_Cap_IO), (28 bytes).
    Removing syscon.o(i.sysc_awo_gpil_pd_setf), (20 bytes).
    Removing syscon.o(i.sysc_awo_gpil_pu_n_setf), (20 bytes).
    Removing syscon.o(i.sysc_awo_sw_clkg_set), (12 bytes).
    Removing syscon.o(i.sysc_awo_sw_rstn_set), (12 bytes).
    Removing syscon.o(i.sysc_cpu_func_en_set), (8 bytes).
    Removing syscon.o(i.sysc_cpu_sw_clkg_set), (8 bytes).
    Removing syscon.o(i.sysc_cpu_sw_rstn_set), (8 bytes).

96 unused section(s) (total 4047 bytes) removed from the image.

==============================================================================

Image Symbol Table

    Local Symbols

    Symbol Name                              Value     Ov Type        Size  Object(Section)

    RESET                                    0x00000000   Section      136  startup_elf2.o(RESET)
    ../clib/angel/boardlib.s                 0x00000000   Number         0  boardinit3.o ABSOLUTE
    ../clib/angel/boardlib.s                 0x00000000   Number         0  boardshut.o ABSOLUTE
    ../clib/angel/boardlib.s                 0x00000000   Number         0  boardinit1.o ABSOLUTE
    ../clib/angel/boardlib.s                 0x00000000   Number         0  boardinit2.o ABSOLUTE
    ../clib/angel/handlers.s                 0x00000000   Number         0  __scatter_zi.o ABSOLUTE
    ../clib/angel/handlers.s                 0x00000000   Number         0  __scatter_copy.o ABSOLUTE
    ../clib/angel/kernel.s                   0x00000000   Number         0  rtexit.o ABSOLUTE
    ../clib/angel/kernel.s                   0x00000000   Number         0  __rtentry.o ABSOLUTE
    ../clib/angel/kernel.s                   0x00000000   Number         0  rtexit2.o ABSOLUTE
    ../clib/angel/kernel.s                   0x00000000   Number         0  __rtentry2.o ABSOLUTE
    ../clib/angel/kernel.s                   0x00000000   Number         0  __rtentry4.o ABSOLUTE
    ../clib/angel/rt.s                       0x00000000   Number         0  rt_raise.o ABSOLUTE
    ../clib/angel/scatter.s                  0x00000000   Number         0  __scatter.o ABSOLUTE
    ../clib/angel/startup.s                  0x00000000   Number         0  __main.o ABSOLUTE
    ../clib/angel/sys.s                      0x00000000   Number         0  libspace.o ABSOLUTE
    ../clib/angel/sys.s                      0x00000000   Number         0  indicate_semi.o ABSOLUTE
    ../clib/angel/sys.s                      0x00000000   Number         0  use_no_semi.o ABSOLUTE
    ../clib/angel/sys.s                      0x00000000   Number         0  sys_stackheap_outer.o ABSOLUTE
    ../clib/angel/sysapp.c                   0x00000000   Number         0  sys_wrch.o ABSOLUTE
    ../clib/angel/sysapp.c                   0x00000000   Number         0  sys_exit.o ABSOLUTE
    ../clib/angel/sysapp.c                   0x00000000   Number         0  sys_command.o ABSOLUTE
    ../clib/armsys.c                         0x00000000   Number         0  argv_veneer.o ABSOLUTE
    ../clib/armsys.c                         0x00000000   Number         0  argv_veneer.o ABSOLUTE
    ../clib/armsys.c                         0x00000000   Number         0  _get_argv_nomalloc.o ABSOLUTE
    ../clib/armsys.c                         0x00000000   Number         0  no_argv.o ABSOLUTE
    ../clib/heapalloc.c                      0x00000000   Number         0  hrguard.o ABSOLUTE
    ../clib/heapaux.c                        0x00000000   Number         0  heapauxi.o ABSOLUTE
    ../clib/libinit.s                        0x00000000   Number         0  libshutdown2.o ABSOLUTE
    ../clib/libinit.s                        0x00000000   Number         0  libinit2.o ABSOLUTE
    ../clib/libinit.s                        0x00000000   Number         0  libshutdown.o ABSOLUTE
    ../clib/libinit.s                        0x00000000   Number         0  libinit.o ABSOLUTE
    ../clib/memcpset.s                       0x00000000   Number         0  rt_memcpy_v6.o ABSOLUTE
    ../clib/memcpset.s                       0x00000000   Number         0  rt_memcpy_w.o ABSOLUTE
    ../clib/printf.c                         0x00000000   Number         0  __2printf.o ABSOLUTE
    ../clib/printf.c                         0x00000000   Number         0  _printf_char_file.o ABSOLUTE
    ../clib/printf.c                         0x00000000   Number         0  __printf_flags_ss_wp.o ABSOLUTE
    ../clib/printf.c                         0x00000000   Number         0  _printf_char.o ABSOLUTE
    ../clib/printf.c                         0x00000000   Number         0  _printf_intcommon.o ABSOLUTE
    ../clib/printf.c                         0x00000000   Number         0  __printf_flags_wp.o ABSOLUTE
    ../clib/printf.c                         0x00000000   Number         0  __printf_nopercent.o ABSOLUTE
    ../clib/printf.c                         0x00000000   Number         0  _printf_char_common.o ABSOLUTE
    ../clib/printf.c                         0x00000000   Number         0  noretval__2printf.o ABSOLUTE
    ../clib/printf.c                         0x00000000   Number         0  __printf.o ABSOLUTE
    ../clib/printf.c                         0x00000000   Number         0  _printf_str.o ABSOLUTE
    ../clib/printf.c                         0x00000000   Number         0  _printf_dec.o ABSOLUTE
    ../clib/printf.c                         0x00000000   Number         0  __printf_flags.o ABSOLUTE
    ../clib/printf.c                         0x00000000   Number         0  __printf_ss.o ABSOLUTE
    ../clib/printf.c                         0x00000000   Number         0  __printf_flags_ss.o ABSOLUTE
    ../clib/printf.c                         0x00000000   Number         0  __printf_wp.o ABSOLUTE
    ../clib/printf.c                         0x00000000   Number         0  __printf_ss_wp.o ABSOLUTE
    ../clib/printf_percent.s                 0x00000000   Number         0  _printf_s.o ABSOLUTE
    ../clib/printf_percent.s                 0x00000000   Number         0  _printf_percent.o ABSOLUTE
    ../clib/printf_percent.s                 0x00000000   Number         0  _printf_d.o ABSOLUTE
    ../clib/printf_percent.s                 0x00000000   Number         0  _printf_percent_end.o ABSOLUTE
    ../clib/signal.c                         0x00000000   Number         0  defsig_rtmem_formal.o ABSOLUTE
    ../clib/signal.c                         0x00000000   Number         0  defsig_rtmem_outer.o ABSOLUTE
    ../clib/signal.c                         0x00000000   Number         0  defsig_abrt_formal.o ABSOLUTE
    ../clib/signal.c                         0x00000000   Number         0  defsig_abrt_outer.o ABSOLUTE
    ../clib/signal.c                         0x00000000   Number         0  __raise.o ABSOLUTE
    ../clib/signal.c                         0x00000000   Number         0  defsig_other.o ABSOLUTE
    ../clib/signal.c                         0x00000000   Number         0  defsig_segv_inner.o ABSOLUTE
    ../clib/signal.c                         0x00000000   Number         0  defsig_cppl_inner.o ABSOLUTE
    ../clib/signal.c                         0x00000000   Number         0  defsig_general.o ABSOLUTE
    ../clib/signal.c                         0x00000000   Number         0  defsig_stak_inner.o ABSOLUTE
    ../clib/signal.c                         0x00000000   Number         0  defsig_rtmem_inner.o ABSOLUTE
    ../clib/signal.c                         0x00000000   Number         0  defsig_rtred_inner.o ABSOLUTE
    ../clib/signal.c                         0x00000000   Number         0  defsig_fpe_inner.o ABSOLUTE
    ../clib/signal.c                         0x00000000   Number         0  defsig_pvfn_inner.o ABSOLUTE
    ../clib/signal.c                         0x00000000   Number         0  defsig_abrt_inner.o ABSOLUTE
    ../clib/signal.c                         0x00000000   Number         0  defsig_exit.o ABSOLUTE
    ../clib/signal.s                         0x00000000   Number         0  defsig.o ABSOLUTE
    ../clib/stdio.c                          0x00000000   Number         0  ferror_locked.o ABSOLUTE
    ../clib/stdio.c                          0x00000000   Number         0  ferror.o ABSOLUTE
    ../clib/stdlib.c                         0x00000000   Number         0  exit.o ABSOLUTE
    ../clib/stdlib.c                         0x00000000   Number         0  abort.o ABSOLUTE
    ../clib/string.c                         0x00000000   Number         0  strcpy.o ABSOLUTE
    ../clib/string.c                         0x00000000   Number         0  strlen.o ABSOLUTE
    ../fplib/fpinit.s                        0x00000000   Number         0  fpinit.o ABSOLUTE
    ..\..\..\ELF2_BSP\Debug\RTT\SEGGER_RTT.c 0x00000000   Number         0  segger_rtt.o ABSOLUTE
    ..\..\..\ELF2_BSP\Debug\RTT\SEGGER_RTT_printf.c 0x00000000   Number         0  segger_rtt_printf.o ABSOLUTE
    ..\..\..\ELF2_BSP\Debug\debug.c          0x00000000   Number         0  debug.o ABSOLUTE
    ..\..\..\ELF2_BSP\Debug\log.c            0x00000000   Number         0  log.o ABSOLUTE
    ..\..\..\ELF2_BSP\Device\ELF2\Source\ARM\startup_elf2.s 0x00000000   Number         0  startup_elf2.o ABSOLUTE
    ..\..\..\ELF2_BSP\Device\ELF2\Source\system_elf2.c 0x00000000   Number         0  system_elf2.o ABSOLUTE
    ..\..\..\ELF2_BSP\Driver\int_register.c  0x00000000   Number         0  int_register.o ABSOLUTE
    ..\..\..\ELF2_BSP\Driver\intc.c          0x00000000   Number         0  intc.o ABSOLUTE
    ..\\..\\..\\ELF2_BSP\\Device\\ELF2\\Source\\system_elf2.c 0x00000000   Number         0  system_elf2.o ABSOLUTE
    ..\\..\\..\\ELF2_BSP\\Driver\\intc.c     0x00000000   Number         0  intc.o ABSOLUTE
    ..\\sdk\\src\\soc\\driver\\gpio.c        0x00000000   Number         0  gpio.o ABSOLUTE
    ..\\sdk\\src\\soc\\driver\\syscon.c      0x00000000   Number         0  syscon.o ABSOLUTE
    ..\\sdk\\src\\soc\\driver\\timer.c       0x00000000   Number         0  timer.o ABSOLUTE
    ..\sdk\src\soc\driver\gpio.c             0x00000000   Number         0  gpio.o ABSOLUTE
    ..\sdk\src\soc\driver\syscon.c           0x00000000   Number         0  syscon.o ABSOLUTE
    ..\sdk\src\soc\driver\timer.c            0x00000000   Number         0  timer.o ABSOLUTE
    dc.s                                     0x00000000   Number         0  dc.o ABSOLUTE
    src\\test_timer.c                        0x00000000   Number         0  test_timer.o ABSOLUTE
    src\main.c                               0x00000000   Number         0  main.o ABSOLUTE
    src\test_timer.c                         0x00000000   Number         0  test_timer.o ABSOLUTE
    int_callback_area                        0x00000088   Section      144  int_register.o(int_callback_area)
    int_callback                             0x00000088   Data         144  int_register.o(int_callback_area)
    !!!main                                  0x00000118   Section        8  __main.o(!!!main)
    !!!scatter                               0x00000120   Section       52  __scatter.o(!!!scatter)
    !!handler_copy                           0x00000154   Section       26  __scatter_copy.o(!!handler_copy)
    !!handler_zi                             0x00000170   Section       28  __scatter_zi.o(!!handler_zi)
    .ARM.Collect$$_printf_percent$$00000000  0x0000018c   Section        0  _printf_percent.o(.ARM.Collect$$_printf_percent$$00000000)
    .ARM.Collect$$_printf_percent$$00000009  0x0000018c   Section        6  _printf_d.o(.ARM.Collect$$_printf_percent$$00000009)
    .ARM.Collect$$_printf_percent$$00000014  0x00000192   Section        6  _printf_s.o(.ARM.Collect$$_printf_percent$$00000014)
    .ARM.Collect$$_printf_percent$$00000017  0x00000198   Section        4  _printf_percent_end.o(.ARM.Collect$$_printf_percent$$00000017)
    .ARM.Collect$$libinit$$00000000          0x0000019c   Section        2  libinit.o(.ARM.Collect$$libinit$$00000000)
    .ARM.Collect$$libinit$$00000002          0x0000019e   Section        0  libinit2.o(.ARM.Collect$$libinit$$00000002)
    .ARM.Collect$$libinit$$00000004          0x0000019e   Section        0  libinit2.o(.ARM.Collect$$libinit$$00000004)
    .ARM.Collect$$libinit$$0000000A          0x0000019e   Section        0  libinit2.o(.ARM.Collect$$libinit$$0000000A)
    .ARM.Collect$$libinit$$0000000C          0x0000019e   Section        0  libinit2.o(.ARM.Collect$$libinit$$0000000C)
    .ARM.Collect$$libinit$$0000000E          0x0000019e   Section        0  libinit2.o(.ARM.Collect$$libinit$$0000000E)
    .ARM.Collect$$libinit$$00000011          0x0000019e   Section        0  libinit2.o(.ARM.Collect$$libinit$$00000011)
    .ARM.Collect$$libinit$$00000013          0x0000019e   Section        0  libinit2.o(.ARM.Collect$$libinit$$00000013)
    .ARM.Collect$$libinit$$00000015          0x0000019e   Section        0  libinit2.o(.ARM.Collect$$libinit$$00000015)
    .ARM.Collect$$libinit$$00000017          0x0000019e   Section        0  libinit2.o(.ARM.Collect$$libinit$$00000017)
    .ARM.Collect$$libinit$$00000019          0x0000019e   Section        0  libinit2.o(.ARM.Collect$$libinit$$00000019)
    .ARM.Collect$$libinit$$0000001B          0x0000019e   Section        0  libinit2.o(.ARM.Collect$$libinit$$0000001B)
    .ARM.Collect$$libinit$$0000001D          0x0000019e   Section        0  libinit2.o(.ARM.Collect$$libinit$$0000001D)
    .ARM.Collect$$libinit$$0000001F          0x0000019e   Section        0  libinit2.o(.ARM.Collect$$libinit$$0000001F)
    .ARM.Collect$$libinit$$00000021          0x0000019e   Section        0  libinit2.o(.ARM.Collect$$libinit$$00000021)
    .ARM.Collect$$libinit$$00000023          0x0000019e   Section        0  libinit2.o(.ARM.Collect$$libinit$$00000023)
    .ARM.Collect$$libinit$$00000025          0x0000019e   Section        0  libinit2.o(.ARM.Collect$$libinit$$00000025)
    .ARM.Collect$$libinit$$0000002C          0x0000019e   Section        0  libinit2.o(.ARM.Collect$$libinit$$0000002C)
    .ARM.Collect$$libinit$$0000002E          0x0000019e   Section        0  libinit2.o(.ARM.Collect$$libinit$$0000002E)
    .ARM.Collect$$libinit$$00000030          0x0000019e   Section        0  libinit2.o(.ARM.Collect$$libinit$$00000030)
    .ARM.Collect$$libinit$$00000032          0x0000019e   Section        0  libinit2.o(.ARM.Collect$$libinit$$00000032)
    .ARM.Collect$$libinit$$00000033          0x0000019e   Section        2  libinit2.o(.ARM.Collect$$libinit$$00000033)
    .ARM.Collect$$libshutdown$$00000000      0x000001a0   Section        2  libshutdown.o(.ARM.Collect$$libshutdown$$00000000)
    .ARM.Collect$$libshutdown$$00000003      0x000001a2   Section        0  libshutdown2.o(.ARM.Collect$$libshutdown$$00000003)
    .ARM.Collect$$libshutdown$$00000006      0x000001a2   Section        0  libshutdown2.o(.ARM.Collect$$libshutdown$$00000006)
    .ARM.Collect$$libshutdown$$00000009      0x000001a2   Section        0  libshutdown2.o(.ARM.Collect$$libshutdown$$00000009)
    .ARM.Collect$$libshutdown$$0000000B      0x000001a2   Section        0  libshutdown2.o(.ARM.Collect$$libshutdown$$0000000B)
    .ARM.Collect$$libshutdown$$0000000E      0x000001a2   Section        0  libshutdown2.o(.ARM.Collect$$libshutdown$$0000000E)
    .ARM.Collect$$libshutdown$$0000000F      0x000001a2   Section        2  libshutdown2.o(.ARM.Collect$$libshutdown$$0000000F)
    .ARM.Collect$$rtentry$$00000000          0x000001a4   Section        0  __rtentry.o(.ARM.Collect$$rtentry$$00000000)
    .ARM.Collect$$rtentry$$00000002          0x000001a4   Section        0  __rtentry2.o(.ARM.Collect$$rtentry$$00000002)
    .ARM.Collect$$rtentry$$00000004          0x000001a4   Section        6  __rtentry4.o(.ARM.Collect$$rtentry$$00000004)
    .ARM.Collect$$rtentry$$00000009          0x000001aa   Section        0  __rtentry2.o(.ARM.Collect$$rtentry$$00000009)
    .ARM.Collect$$rtentry$$0000000A          0x000001aa   Section        4  __rtentry2.o(.ARM.Collect$$rtentry$$0000000A)
    .ARM.Collect$$rtentry$$0000000C          0x000001ae   Section        0  __rtentry2.o(.ARM.Collect$$rtentry$$0000000C)
    .ARM.Collect$$rtentry$$0000000D          0x000001ae   Section        8  __rtentry2.o(.ARM.Collect$$rtentry$$0000000D)
    .ARM.Collect$$rtexit$$00000000           0x000001b6   Section        2  rtexit.o(.ARM.Collect$$rtexit$$00000000)
    .ARM.Collect$$rtexit$$00000002           0x000001b8   Section        0  rtexit2.o(.ARM.Collect$$rtexit$$00000002)
    .ARM.Collect$$rtexit$$00000003           0x000001b8   Section        4  rtexit2.o(.ARM.Collect$$rtexit$$00000003)
    .ARM.Collect$$rtexit$$00000004           0x000001bc   Section        6  rtexit2.o(.ARM.Collect$$rtexit$$00000004)
    .text                                    0x000001c4   Section       64  startup_elf2.o(.text)
    .text                                    0x00000204   Section        0  noretval__2printf.o(.text)
    .text                                    0x0000021c   Section        0  __printf.o(.text)
    .text                                    0x00000284   Section        0  _printf_str.o(.text)
    .text                                    0x000002d8   Section        0  _printf_dec.o(.text)
    .text                                    0x00000350   Section        0  abort.o(.text)
    .text                                    0x00000360   Section        0  strcpy.o(.text)
    .text                                    0x000003a8   Section      138  rt_memcpy_v6.o(.text)
    .text                                    0x00000432   Section        0  heapauxi.o(.text)
    .text                                    0x00000438   Section        0  sys_exit.o(.text)
    .text                                    0x00000444   Section        0  _printf_intcommon.o(.text)
    .text                                    0x000004f6   Section        0  _printf_char.o(.text)
    .text                                    0x00000524   Section        0  _printf_char_file.o(.text)
    .text                                    0x00000548   Section        0  defsig_abrt_outer.o(.text)
    .text                                    0x00000556   Section      100  rt_memcpy_w.o(.text)
    .text                                    0x000005ba   Section        2  use_no_semi.o(.text)
    .text                                    0x000005bc   Section        0  _printf_char_common.o(.text)
    .text                                    0x000005bc   Section        0  indicate_semi.o(.text)
    _printf_input_char                       0x000005bd   Thumb Code    10  _printf_char_common.o(.text)
    .text                                    0x000005ec   Section        0  ferror.o(.text)
    .text                                    0x000005f4   Section        0  defsig_exit.o(.text)
    .text                                    0x00000600   Section        0  defsig_abrt_inner.o(.text)
    .text                                    0x00000630   Section       74  sys_stackheap_outer.o(.text)
    .text                                    0x0000067a   Section        0  exit.o(.text)
    .text                                    0x00000686   Section        0  defsig_general.o(.text)
    .text                                    0x000006b8   Section        0  sys_wrch.o(.text)
    .text                                    0x000006c8   Section        8  libspace.o(.text)
    i.ADCC0_IRQHandler                       0x000006d0   Section        0  intc.o(i.ADCC0_IRQHandler)
    i.ADCC1_IRQHandler                       0x000006ec   Section        0  intc.o(i.ADCC1_IRQHandler)
    i.ADCC2_IRQHandler                       0x00000708   Section        0  intc.o(i.ADCC2_IRQHandler)
    i.ADCC3_IRQHandler                       0x00000724   Section        0  intc.o(i.ADCC3_IRQHandler)
    i.ADCC4_IRQHandler                       0x00000740   Section        0  intc.o(i.ADCC4_IRQHandler)
    i.ADCC5_IRQHandler                       0x0000075c   Section        0  intc.o(i.ADCC5_IRQHandler)
    i.DMAC_IRQHandler                        0x00000778   Section        0  intc.o(i.DMAC_IRQHandler)
    i.EXT_IRQHandler                         0x00000794   Section        0  intc.o(i.EXT_IRQHandler)
    i.GPIO_IRQHandler                        0x000007b0   Section        0  intc.o(i.GPIO_IRQHandler)
    i.HAL_GPIO_Init                          0x000007cc   Section        0  gpio.o(i.HAL_GPIO_Init)
    i.HAL_GPIO_SetDebounce                   0x00000804   Section        0  gpio.o(i.HAL_GPIO_SetDebounce)
    i.HAL_GPIO_SetDir                        0x0000083c   Section        0  gpio.o(i.HAL_GPIO_SetDir)
    i.HAL_GPIO_SetPly                        0x000008b0   Section        0  gpio.o(i.HAL_GPIO_SetPly)
    HAL_GPIO_SetPly                          0x000008b1   Thumb Code    50  gpio.o(i.HAL_GPIO_SetPly)
    i.HAL_GPIO_TrigType                      0x000008e8   Section        0  gpio.o(i.HAL_GPIO_TrigType)
    i.HAL_GPIO_WritePin                      0x0000094c   Section        0  gpio.o(i.HAL_GPIO_WritePin)
    i.HAL_GPIO_setIrqLevel                   0x000009a8   Section        0  gpio.o(i.HAL_GPIO_setIrqLevel)
    HAL_GPIO_setIrqLevel                     0x000009a9   Thumb Code    50  gpio.o(i.HAL_GPIO_setIrqLevel)
    i.HAL_SYSCON_HCLK_Src_Sel                0x000009e0   Section        0  syscon.o(i.HAL_SYSCON_HCLK_Src_Sel)
    i.HAL_SYSCON_Set_HClk_Div                0x000009f8   Section        0  syscon.o(i.HAL_SYSCON_Set_HClk_Div)
    i.HAL_SYSCON_Set_PClk0_Div               0x00000a64   Section        0  syscon.o(i.HAL_SYSCON_Set_PClk0_Div)
    i.HAL_SYSCON_Set_PClk1_Div               0x00000ad4   Section        0  syscon.o(i.HAL_SYSCON_Set_PClk1_Div)
    i.HAL_SYSCON_Set_RTC_Div                 0x00000b40   Section        0  syscon.o(i.HAL_SYSCON_Set_RTC_Div)
    i.HAL_TIMER_Enable                       0x00000c00   Section        0  timer.o(i.HAL_TIMER_Enable)
    i.HAL_TIMER_Init                         0x00000c34   Section        0  timer.o(i.HAL_TIMER_Init)
    i.HAL_TIMER_Int_Clr                      0x00000ce4   Section        0  timer.o(i.HAL_TIMER_Int_Clr)
    i.HAL_TIMER_Set_LoadCount                0x00000d04   Section        0  timer.o(i.HAL_TIMER_Set_LoadCount)
    i.I2C0_IRQHandler                        0x00000d38   Section        0  intc.o(i.I2C0_IRQHandler)
    i.I2C1_IRQHandler                        0x00000d54   Section        0  intc.o(i.I2C1_IRQHandler)
    i.I2S_IRQHandler                         0x00000d70   Section        0  intc.o(i.I2S_IRQHandler)
    i.QSPI_IRQHandler                        0x00000d8c   Section        0  intc.o(i.QSPI_IRQHandler)
    i.RTC_IRQHandler                         0x00000da8   Section        0  intc.o(i.RTC_IRQHandler)
    i.SEGGER_RTT_Write                       0x00000dc4   Section        0  segger_rtt.o(i.SEGGER_RTT_Write)
    i.SEGGER_RTT_WriteNoLock                 0x00000dfc   Section        0  segger_rtt.o(i.SEGGER_RTT_WriteNoLock)
    i.SEGGER_RTT_printf                      0x00000e58   Section        0  segger_rtt_printf.o(i.SEGGER_RTT_printf)
    i.SEGGER_RTT_vprintf                     0x00000e6e   Section        0  segger_rtt_printf.o(i.SEGGER_RTT_vprintf)
    i.SPIM_IRQHandler                        0x00000fec   Section        0  intc.o(i.SPIM_IRQHandler)
    i.SystemInit                             0x00001008   Section        0  system_elf2.o(i.SystemInit)
    i.TIMER_IRQHandler                       0x00001060   Section        0  intc.o(i.TIMER_IRQHandler)
    i.TIMER_Int_Register                     0x0000107c   Section        0  int_register.o(i.TIMER_Int_Register)
    i.UART_IRQHandler                        0x00001094   Section        0  intc.o(i.UART_IRQHandler)
    i.WDT_IRQHandler                         0x000010b0   Section        0  intc.o(i.WDT_IRQHandler)
    i._DoInit                                0x000010bc   Section        0  segger_rtt.o(i._DoInit)
    _DoInit                                  0x000010bd   Thumb Code    76  segger_rtt.o(i._DoInit)
    i._GetAvailWriteSpace                    0x00001124   Section        0  segger_rtt.o(i._GetAvailWriteSpace)
    _GetAvailWriteSpace                      0x00001125   Thumb Code    22  segger_rtt.o(i._GetAvailWriteSpace)
    i._PrintInt                              0x0000113a   Section        0  segger_rtt_printf.o(i._PrintInt)
    _PrintInt                                0x0000113b   Thumb Code   196  segger_rtt_printf.o(i._PrintInt)
    i._PrintUnsigned                         0x00001200   Section        0  segger_rtt_printf.o(i._PrintUnsigned)
    _PrintUnsigned                           0x00001201   Thumb Code   200  segger_rtt_printf.o(i._PrintUnsigned)
    i._StoreChar                             0x000012cc   Section        0  segger_rtt_printf.o(i._StoreChar)
    _StoreChar                               0x000012cd   Thumb Code    62  segger_rtt_printf.o(i._StoreChar)
    i._WriteBlocking                         0x0000130a   Section        0  segger_rtt.o(i._WriteBlocking)
    _WriteBlocking                           0x0000130b   Thumb Code    90  segger_rtt.o(i._WriteBlocking)
    i._WriteNoCheck                          0x00001364   Section        0  segger_rtt.o(i._WriteNoCheck)
    _WriteNoCheck                            0x00001365   Thumb Code    66  segger_rtt.o(i._WriteNoCheck)
    i.__aeabi_assert                         0x000013a8   Section        0  debug.o(i.__aeabi_assert)
    i.fputc                                  0x000013dc   Section        0  log.o(i.fputc)
    i.gpio_portadataregister_setf            0x000013ec   Section        0  gpio.o(i.gpio_portadataregister_setf)
    gpio_portadataregister_setf              0x000013ed   Thumb Code    14  gpio.o(i.gpio_portadataregister_setf)
    i.gpio_portbdataregister_setf            0x00001400   Section        0  gpio.o(i.gpio_portbdataregister_setf)
    gpio_portbdataregister_setf              0x00001401   Thumb Code    14  gpio.o(i.gpio_portbdataregister_setf)
    i.int_callback_register                  0x00001414   Section        0  int_register.o(i.int_callback_register)
    int_callback_register                    0x00001415   Thumb Code    24  int_register.o(i.int_callback_register)
    i.main                                   0x00001430   Section        0  main.o(i.main)
    i.sysc_awo_div_update_set                0x00001458   Section        0  syscon.o(i.sysc_awo_div_update_set)
    sysc_awo_div_update_set                  0x00001459   Thumb Code     6  syscon.o(i.sysc_awo_div_update_set)
    i.sysc_awo_rtc_div_para_m1_setf          0x00001464   Section        0  syscon.o(i.sysc_awo_rtc_div_para_m1_setf)
    sysc_awo_rtc_div_para_m1_setf            0x00001465   Thumb Code    14  syscon.o(i.sysc_awo_rtc_div_para_m1_setf)
    i.sysc_cpu_div_update_pack               0x00001478   Section        0  timer.o(i.sysc_cpu_div_update_pack)
    sysc_cpu_div_update_pack                 0x00001479   Thumb Code    18  timer.o(i.sysc_cpu_div_update_pack)
    i.test_timer                             0x0000148c   Section        0  test_timer.o(i.test_timer)
    i.timer_isr                              0x00001518   Section        0  test_timer.o(i.timer_isr)
    .constdata                               0x00001568   Section       16  segger_rtt_printf.o(.constdata)
    _aV2C                                    0x00001568   Data          16  segger_rtt_printf.o(.constdata)
    .data                                    0x20000000   Section        4  system_elf2.o(.data)
    .data                                    0x20000004   Section        4  log.o(.data)
    .data                                    0x20000008   Section        1  test_timer.o(.data)
    parameter                                0x20000008   Data           1  test_timer.o(.data)
    .bss                                     0x2000000c   Section     1208  segger_rtt.o(.bss)
    _acUpBuffer                              0x200000b4   Data        1024  segger_rtt.o(.bss)
    _acDownBuffer                            0x200004b4   Data          16  segger_rtt.o(.bss)
    .bss                                     0x200004c4   Section       96  libspace.o(.bss)
    HEAP                                     0x20000528   Section      256  startup_elf2.o(HEAP)
    Heap_Mem                                 0x20000528   Data         256  startup_elf2.o(HEAP)
    STACK                                    0x20000628   Section     1024  startup_elf2.o(STACK)
    Stack_Mem                                0x20000628   Data        1024  startup_elf2.o(STACK)
    __initial_sp                             0x20000a28   Data           0  startup_elf2.o(STACK)

    Global Symbols

    Symbol Name                              Value     Ov Type        Size  Object(Section)

    BuildAttributes$$THM_ISAv4$P$D$K$B$S$PE$A:L22UL41UL21$X:L11$S22US41US21$IEEE1$IW$USESV6$~STKCKD$USESV7$~SHL$OSPACE$ROPI$EBA8$UX$STANDARDLIB$REQ8$PRES8$EABIv2 0x00000000   Number         0  anon$$obj.o ABSOLUTE
    __ARM_use_no_argv                        0x00000000   Number         0  main.o ABSOLUTE
    __Vectors                                0x00000000   Data           4  startup_elf2.o(RESET)
    __ARM_exceptions_init                     - Undefined Weak Reference
    __alloca_initialize                       - Undefined Weak Reference
    __arm_preinit_                            - Undefined Weak Reference
    __cpp_initialize__aeabi_                  - Undefined Weak Reference
    __cxa_finalize                            - Undefined Weak Reference
    __rt_locale                               - Undefined Weak Reference
    __sigvec_lookup                           - Undefined Weak Reference
    _atexit_init                              - Undefined Weak Reference
    _call_atexit_fns                          - Undefined Weak Reference
    _clock_init                               - Undefined Weak Reference
    _fp_trap_init                             - Undefined Weak Reference
    _fp_trap_shutdown                         - Undefined Weak Reference
    _get_lc_collate                           - Undefined Weak Reference
    _get_lc_ctype                             - Undefined Weak Reference
    _get_lc_monetary                          - Undefined Weak Reference
    _get_lc_numeric                           - Undefined Weak Reference
    _get_lc_time                              - Undefined Weak Reference
    _getenv_init                              - Undefined Weak Reference
    _handle_redirection                       - Undefined Weak Reference
    _init_alloc                               - Undefined Weak Reference
    _init_user_alloc                          - Undefined Weak Reference
    _initio                                   - Undefined Weak Reference
    _mutex_acquire                            - Undefined Weak Reference
    _mutex_release                            - Undefined Weak Reference
    _printf_mbtowc                            - Undefined Weak Reference
    _printf_post_padding                      - Undefined Weak Reference
    _printf_pre_padding                       - Undefined Weak Reference
    _printf_truncate_signed                   - Undefined Weak Reference
    _printf_truncate_unsigned                 - Undefined Weak Reference
    _rand_init                                - Undefined Weak Reference
    _signal_finish                            - Undefined Weak Reference
    _signal_init                              - Undefined Weak Reference
    _terminate_alloc                          - Undefined Weak Reference
    _terminate_user_alloc                     - Undefined Weak Reference
    _terminateio                              - Undefined Weak Reference
    Image$$INT_CALLBACK_TBL$$Base            0x00000088   Number         0  anon$$obj.o ABSOLUTE
    __Vectors_End                            0x00000088   Data           0  startup_elf2.o(RESET)
    __Vectors_Size                           0x00000088   Number         0  startup_elf2.o ABSOLUTE
    __main                                   0x00000119   Thumb Code     8  __main.o(!!!main)
    __scatterload                            0x00000121   Thumb Code     0  __scatter.o(!!!scatter)
    __scatterload_rt2                        0x00000121   Thumb Code    44  __scatter.o(!!!scatter)
    __scatterload_rt2_thumb_only             0x00000121   Thumb Code     0  __scatter.o(!!!scatter)
    __scatterload_null                       0x0000012f   Thumb Code     0  __scatter.o(!!!scatter)
    __scatterload_copy                       0x00000155   Thumb Code    26  __scatter_copy.o(!!handler_copy)
    __scatterload_zeroinit                   0x00000171   Thumb Code    28  __scatter_zi.o(!!handler_zi)
    _printf_d                                0x0000018d   Thumb Code     0  _printf_d.o(.ARM.Collect$$_printf_percent$$00000009)
    _printf_percent                          0x0000018d   Thumb Code     0  _printf_percent.o(.ARM.Collect$$_printf_percent$$00000000)
    _printf_s                                0x00000193   Thumb Code     0  _printf_s.o(.ARM.Collect$$_printf_percent$$00000014)
    _printf_percent_end                      0x00000199   Thumb Code     0  _printf_percent_end.o(.ARM.Collect$$_printf_percent$$00000017)
    __rt_lib_init                            0x0000019d   Thumb Code     0  libinit.o(.ARM.Collect$$libinit$$00000000)
    __rt_lib_init_alloca_1                   0x0000019f   Thumb Code     0  libinit2.o(.ARM.Collect$$libinit$$0000002E)
    __rt_lib_init_argv_1                     0x0000019f   Thumb Code     0  libinit2.o(.ARM.Collect$$libinit$$0000002C)
    __rt_lib_init_atexit_1                   0x0000019f   Thumb Code     0  libinit2.o(.ARM.Collect$$libinit$$0000001B)
    __rt_lib_init_clock_1                    0x0000019f   Thumb Code     0  libinit2.o(.ARM.Collect$$libinit$$00000021)
    __rt_lib_init_cpp_1                      0x0000019f   Thumb Code     0  libinit2.o(.ARM.Collect$$libinit$$00000032)
    __rt_lib_init_exceptions_1               0x0000019f   Thumb Code     0  libinit2.o(.ARM.Collect$$libinit$$00000030)
    __rt_lib_init_fp_1                       0x0000019f   Thumb Code     0  libinit2.o(.ARM.Collect$$libinit$$00000002)
    __rt_lib_init_fp_trap_1                  0x0000019f   Thumb Code     0  libinit2.o(.ARM.Collect$$libinit$$0000001F)
    __rt_lib_init_getenv_1                   0x0000019f   Thumb Code     0  libinit2.o(.ARM.Collect$$libinit$$00000023)
    __rt_lib_init_heap_1                     0x0000019f   Thumb Code     0  libinit2.o(.ARM.Collect$$libinit$$0000000A)
    __rt_lib_init_lc_collate_1               0x0000019f   Thumb Code     0  libinit2.o(.ARM.Collect$$libinit$$00000011)
    __rt_lib_init_lc_ctype_1                 0x0000019f   Thumb Code     0  libinit2.o(.ARM.Collect$$libinit$$00000013)
    __rt_lib_init_lc_monetary_1              0x0000019f   Thumb Code     0  libinit2.o(.ARM.Collect$$libinit$$00000015)
    __rt_lib_init_lc_numeric_1               0x0000019f   Thumb Code     0  libinit2.o(.ARM.Collect$$libinit$$00000017)
    __rt_lib_init_lc_time_1                  0x0000019f   Thumb Code     0  libinit2.o(.ARM.Collect$$libinit$$00000019)
    __rt_lib_init_preinit_1                  0x0000019f   Thumb Code     0  libinit2.o(.ARM.Collect$$libinit$$00000004)
    __rt_lib_init_rand_1                     0x0000019f   Thumb Code     0  libinit2.o(.ARM.Collect$$libinit$$0000000E)
    __rt_lib_init_return                     0x0000019f   Thumb Code     0  libinit2.o(.ARM.Collect$$libinit$$00000033)
    __rt_lib_init_signal_1                   0x0000019f   Thumb Code     0  libinit2.o(.ARM.Collect$$libinit$$0000001D)
    __rt_lib_init_stdio_1                    0x0000019f   Thumb Code     0  libinit2.o(.ARM.Collect$$libinit$$00000025)
    __rt_lib_init_user_alloc_1               0x0000019f   Thumb Code     0  libinit2.o(.ARM.Collect$$libinit$$0000000C)
    __rt_lib_shutdown                        0x000001a1   Thumb Code     0  libshutdown.o(.ARM.Collect$$libshutdown$$00000000)
    __rt_lib_shutdown_fp_trap_1              0x000001a3   Thumb Code     0  libshutdown2.o(.ARM.Collect$$libshutdown$$00000006)
    __rt_lib_shutdown_heap_1                 0x000001a3   Thumb Code     0  libshutdown2.o(.ARM.Collect$$libshutdown$$0000000E)
    __rt_lib_shutdown_return                 0x000001a3   Thumb Code     0  libshutdown2.o(.ARM.Collect$$libshutdown$$0000000F)
    __rt_lib_shutdown_signal_1               0x000001a3   Thumb Code     0  libshutdown2.o(.ARM.Collect$$libshutdown$$00000009)
    __rt_lib_shutdown_stdio_1                0x000001a3   Thumb Code     0  libshutdown2.o(.ARM.Collect$$libshutdown$$00000003)
    __rt_lib_shutdown_user_alloc_1           0x000001a3   Thumb Code     0  libshutdown2.o(.ARM.Collect$$libshutdown$$0000000B)
    __rt_entry                               0x000001a5   Thumb Code     0  __rtentry.o(.ARM.Collect$$rtentry$$00000000)
    __rt_entry_presh_1                       0x000001a5   Thumb Code     0  __rtentry2.o(.ARM.Collect$$rtentry$$00000002)
    __rt_entry_sh                            0x000001a5   Thumb Code     0  __rtentry4.o(.ARM.Collect$$rtentry$$00000004)
    __rt_entry_li                            0x000001ab   Thumb Code     0  __rtentry2.o(.ARM.Collect$$rtentry$$0000000A)
    __rt_entry_postsh_1                      0x000001ab   Thumb Code     0  __rtentry2.o(.ARM.Collect$$rtentry$$00000009)
    __rt_entry_main                          0x000001af   Thumb Code     0  __rtentry2.o(.ARM.Collect$$rtentry$$0000000D)
    __rt_entry_postli_1                      0x000001af   Thumb Code     0  __rtentry2.o(.ARM.Collect$$rtentry$$0000000C)
    __rt_exit                                0x000001b7   Thumb Code     0  rtexit.o(.ARM.Collect$$rtexit$$00000000)
    __rt_exit_ls                             0x000001b9   Thumb Code     0  rtexit2.o(.ARM.Collect$$rtexit$$00000003)
    __rt_exit_prels_1                        0x000001b9   Thumb Code     0  rtexit2.o(.ARM.Collect$$rtexit$$00000002)
    __rt_exit_exit                           0x000001bd   Thumb Code     0  rtexit2.o(.ARM.Collect$$rtexit$$00000004)
    Reset_Handler                            0x000001c5   Thumb Code     8  startup_elf2.o(.text)
    NMI_Handler                              0x000001cd   Thumb Code     2  startup_elf2.o(.text)
    HardFault_Handler                        0x000001cf   Thumb Code     2  startup_elf2.o(.text)
    MemManage_Handler                        0x000001d1   Thumb Code     2  startup_elf2.o(.text)
    BusFault_Handler                         0x000001d3   Thumb Code     2  startup_elf2.o(.text)
    UsageFault_Handler                       0x000001d5   Thumb Code     2  startup_elf2.o(.text)
    SVC_Handler                              0x000001d7   Thumb Code     2  startup_elf2.o(.text)
    DebugMon_Handler                         0x000001d9   Thumb Code     2  startup_elf2.o(.text)
    PendSV_Handler                           0x000001db   Thumb Code     2  startup_elf2.o(.text)
    SysTick_Handler                          0x000001dd   Thumb Code     2  startup_elf2.o(.text)
    __user_initial_stackheap                 0x000001e1   Thumb Code    10  startup_elf2.o(.text)
    __2printf                                0x00000205   Thumb Code    20  noretval__2printf.o(.text)
    __printf                                 0x0000021d   Thumb Code   104  __printf.o(.text)
    _printf_str                              0x00000285   Thumb Code    82  _printf_str.o(.text)
    _printf_int_dec                          0x000002d9   Thumb Code   104  _printf_dec.o(.text)
    abort                                    0x00000351   Thumb Code    16  abort.o(.text)
    strcpy                                   0x00000361   Thumb Code    72  strcpy.o(.text)
    __aeabi_memcpy                           0x000003a9   Thumb Code     0  rt_memcpy_v6.o(.text)
    __rt_memcpy                              0x000003a9   Thumb Code   138  rt_memcpy_v6.o(.text)
    _memcpy_lastbytes                        0x0000040f   Thumb Code     0  rt_memcpy_v6.o(.text)
    __use_two_region_memory                  0x00000433   Thumb Code     2  heapauxi.o(.text)
    __rt_heap_escrow$2region                 0x00000435   Thumb Code     2  heapauxi.o(.text)
    __rt_heap_expand$2region                 0x00000437   Thumb Code     2  heapauxi.o(.text)
    _sys_exit                                0x00000439   Thumb Code     8  sys_exit.o(.text)
    _printf_int_common                       0x00000445   Thumb Code   178  _printf_intcommon.o(.text)
    _printf_cs_common                        0x000004f7   Thumb Code    20  _printf_char.o(.text)
    _printf_char                             0x0000050b   Thumb Code    16  _printf_char.o(.text)
    _printf_string                           0x0000051b   Thumb Code     8  _printf_char.o(.text)
    _printf_char_file                        0x00000525   Thumb Code    32  _printf_char_file.o(.text)
    __rt_SIGABRT                             0x00000549   Thumb Code    14  defsig_abrt_outer.o(.text)
    __aeabi_memcpy4                          0x00000557   Thumb Code     0  rt_memcpy_w.o(.text)
    __aeabi_memcpy8                          0x00000557   Thumb Code     0  rt_memcpy_w.o(.text)
    __rt_memcpy_w                            0x00000557   Thumb Code   100  rt_memcpy_w.o(.text)
    _memcpy_lastbytes_aligned                0x0000059f   Thumb Code     0  rt_memcpy_w.o(.text)
    __I$use$semihosting                      0x000005bb   Thumb Code     0  use_no_semi.o(.text)
    __use_no_semihosting_swi                 0x000005bb   Thumb Code     2  use_no_semi.o(.text)
    __semihosting_library_function           0x000005bd   Thumb Code     0  indicate_semi.o(.text)
    _printf_char_common                      0x000005c7   Thumb Code    32  _printf_char_common.o(.text)
    ferror                                   0x000005ed   Thumb Code     8  ferror.o(.text)
    __sig_exit                               0x000005f5   Thumb Code    10  defsig_exit.o(.text)
    __rt_SIGABRT_inner                       0x00000601   Thumb Code    14  defsig_abrt_inner.o(.text)
    __user_setup_stackheap                   0x00000631   Thumb Code    74  sys_stackheap_outer.o(.text)
    exit                                     0x0000067b   Thumb Code    12  exit.o(.text)
    __default_signal_display                 0x00000687   Thumb Code    50  defsig_general.o(.text)
    _ttywrch                                 0x000006b9   Thumb Code    14  sys_wrch.o(.text)
    __user_libspace                          0x000006c9   Thumb Code     8  libspace.o(.text)
    __user_perproc_libspace                  0x000006c9   Thumb Code     0  libspace.o(.text)
    __user_perthread_libspace                0x000006c9   Thumb Code     0  libspace.o(.text)
    ADCC0_IRQHandler                         0x000006d1   Thumb Code    22  intc.o(i.ADCC0_IRQHandler)
    ADCC1_IRQHandler                         0x000006ed   Thumb Code    22  intc.o(i.ADCC1_IRQHandler)
    ADCC2_IRQHandler                         0x00000709   Thumb Code    22  intc.o(i.ADCC2_IRQHandler)
    ADCC3_IRQHandler                         0x00000725   Thumb Code    22  intc.o(i.ADCC3_IRQHandler)
    ADCC4_IRQHandler                         0x00000741   Thumb Code    22  intc.o(i.ADCC4_IRQHandler)
    ADCC5_IRQHandler                         0x0000075d   Thumb Code    22  intc.o(i.ADCC5_IRQHandler)
    DMAC_IRQHandler                          0x00000779   Thumb Code    22  intc.o(i.DMAC_IRQHandler)
    EXT_IRQHandler                           0x00000795   Thumb Code    22  intc.o(i.EXT_IRQHandler)
    GPIO_IRQHandler                          0x000007b1   Thumb Code    22  intc.o(i.GPIO_IRQHandler)
    HAL_GPIO_Init                            0x000007cd   Thumb Code    56  gpio.o(i.HAL_GPIO_Init)
    HAL_GPIO_SetDebounce                     0x00000805   Thumb Code    50  gpio.o(i.HAL_GPIO_SetDebounce)
    HAL_GPIO_SetDir                          0x0000083d   Thumb Code   112  gpio.o(i.HAL_GPIO_SetDir)
    HAL_GPIO_TrigType                        0x000008e9   Thumb Code    98  gpio.o(i.HAL_GPIO_TrigType)
    HAL_GPIO_WritePin                        0x0000094d   Thumb Code    88  gpio.o(i.HAL_GPIO_WritePin)
    HAL_SYSCON_HCLK_Src_Sel                  0x000009e1   Thumb Code    18  syscon.o(i.HAL_SYSCON_HCLK_Src_Sel)
    HAL_SYSCON_Set_HClk_Div                  0x000009f9   Thumb Code    48  syscon.o(i.HAL_SYSCON_Set_HClk_Div)
    HAL_SYSCON_Set_PClk0_Div                 0x00000a65   Thumb Code    54  syscon.o(i.HAL_SYSCON_Set_PClk0_Div)
    HAL_SYSCON_Set_PClk1_Div                 0x00000ad5   Thumb Code    48  syscon.o(i.HAL_SYSCON_Set_PClk1_Div)
    HAL_SYSCON_Set_RTC_Div                   0x00000b41   Thumb Code    90  syscon.o(i.HAL_SYSCON_Set_RTC_Div)
    HAL_TIMER_Enable                         0x00000c01   Thumb Code    48  timer.o(i.HAL_TIMER_Enable)
    HAL_TIMER_Init                           0x00000c35   Thumb Code   172  timer.o(i.HAL_TIMER_Init)
    HAL_TIMER_Int_Clr                        0x00000ce5   Thumb Code    28  timer.o(i.HAL_TIMER_Int_Clr)
    HAL_TIMER_Set_LoadCount                  0x00000d05   Thumb Code    48  timer.o(i.HAL_TIMER_Set_LoadCount)
    I2C0_IRQHandler                          0x00000d39   Thumb Code    22  intc.o(i.I2C0_IRQHandler)
    I2C1_IRQHandler                          0x00000d55   Thumb Code    22  intc.o(i.I2C1_IRQHandler)
    I2S_IRQHandler                           0x00000d71   Thumb Code    22  intc.o(i.I2S_IRQHandler)
    QSPI_IRQHandler                          0x00000d8d   Thumb Code    22  intc.o(i.QSPI_IRQHandler)
    RTC_IRQHandler                           0x00000da9   Thumb Code    22  intc.o(i.RTC_IRQHandler)
    SEGGER_RTT_Write                         0x00000dc5   Thumb Code    50  segger_rtt.o(i.SEGGER_RTT_Write)
    SEGGER_RTT_WriteNoLock                   0x00000dfd   Thumb Code    86  segger_rtt.o(i.SEGGER_RTT_WriteNoLock)
    SEGGER_RTT_printf                        0x00000e59   Thumb Code    22  segger_rtt_printf.o(i.SEGGER_RTT_printf)
    SEGGER_RTT_vprintf                       0x00000e6f   Thumb Code   382  segger_rtt_printf.o(i.SEGGER_RTT_vprintf)
    SPIM_IRQHandler                          0x00000fed   Thumb Code    22  intc.o(i.SPIM_IRQHandler)
    SystemInit                               0x00001009   Thumb Code    76  system_elf2.o(i.SystemInit)
    TIMER_IRQHandler                         0x00001061   Thumb Code    22  intc.o(i.TIMER_IRQHandler)
    TIMER_Int_Register                       0x0000107d   Thumb Code    22  int_register.o(i.TIMER_Int_Register)
    UART_IRQHandler                          0x00001095   Thumb Code    22  intc.o(i.UART_IRQHandler)
    WDT_IRQHandler                           0x000010b1   Thumb Code     8  intc.o(i.WDT_IRQHandler)
    __aeabi_assert                           0x000013a9   Thumb Code    12  debug.o(i.__aeabi_assert)
    fputc                                    0x000013dd   Thumb Code    16  log.o(i.fputc)
    main                                     0x00001431   Thumb Code    14  main.o(i.main)
    test_timer                               0x0000148d   Thumb Code   126  test_timer.o(i.test_timer)
    timer_isr                                0x00001519   Thumb Code    52  test_timer.o(i.timer_isr)
    Region$$Table$$Base                      0x00001578   Number         0  anon$$obj.o(Region$$Table)
    Region$$Table$$Limit                     0x00001598   Number         0  anon$$obj.o(Region$$Table)
    SystemCoreClock                          0x20000000   Data           4  system_elf2.o(.data)
    __stdout                                 0x20000004   Data           4  log.o(.data)
    _SEGGER_RTT                              0x2000000c   Data         168  segger_rtt.o(.bss)
    __libspace_start                         0x200004c4   Data          96  libspace.o(.bss)
    __temporary_stack_top$libspace           0x20000524   Data           0  libspace.o(.bss)



==============================================================================

Memory Map of the image

  Image Entry point : 0x00000119

  Load Region LR_IRAM1 (Base: 0x00000000, Size: 0x000015a4, Max: 0xffffffff, ABSOLUTE)

    Execution Region RO_IRAM1 (Base: 0x00000000, Size: 0x00000088, Max: 0xffffffff, ABSOLUTE)

    Base Addr    Size         Type   Attr      Idx    E Section Name        Object

    0x00000000   0x00000088   Data   RO          419    RESET               startup_elf2.o


    Execution Region INT_CALLBACK_TBL (Base: 0x00000088, Size: 0x00000090, Max: 0xffffffff, ABSOLUTE)

    Base Addr    Size         Type   Attr      Idx    E Section Name        Object

    0x00000088   0x00000090   Data   RW           46    int_callback_area   int_register.o


    Execution Region RO_IRAM2 (Base: 0x00000118, Size: 0x00001480, Max: 0xffffffff, ABSOLUTE)

    Base Addr    Size         Type   Attr      Idx    E Section Name        Object

    0x00000118   0x00000008   Code   RO         1213  * !!!main             c_w.l(__main.o)
    0x00000120   0x00000034   Code   RO         1390    !!!scatter          c_w.l(__scatter.o)
    0x00000154   0x0000001a   Code   RO         1392    !!handler_copy      c_w.l(__scatter_copy.o)
    0x0000016e   0x00000002   PAD
    0x00000170   0x0000001c   Code   RO         1394    !!handler_zi        c_w.l(__scatter_zi.o)
    0x0000018c   0x00000000   Code   RO         1202    .ARM.Collect$$_printf_percent$$00000000  c_w.l(_printf_percent.o)
    0x0000018c   0x00000006   Code   RO         1201    .ARM.Collect$$_printf_percent$$00000009  c_w.l(_printf_d.o)
    0x00000192   0x00000006   Code   RO         1200    .ARM.Collect$$_printf_percent$$00000014  c_w.l(_printf_s.o)
    0x00000198   0x00000004   Code   RO         1224    .ARM.Collect$$_printf_percent$$00000017  c_w.l(_printf_percent_end.o)
    0x0000019c   0x00000002   Code   RO         1276    .ARM.Collect$$libinit$$00000000  c_w.l(libinit.o)
    0x0000019e   0x00000000   Code   RO         1287    .ARM.Collect$$libinit$$00000002  c_w.l(libinit2.o)
    0x0000019e   0x00000000   Code   RO         1289    .ARM.Collect$$libinit$$00000004  c_w.l(libinit2.o)
    0x0000019e   0x00000000   Code   RO         1292    .ARM.Collect$$libinit$$0000000A  c_w.l(libinit2.o)
    0x0000019e   0x00000000   Code   RO         1294    .ARM.Collect$$libinit$$0000000C  c_w.l(libinit2.o)
    0x0000019e   0x00000000   Code   RO         1296    .ARM.Collect$$libinit$$0000000E  c_w.l(libinit2.o)
    0x0000019e   0x00000000   Code   RO         1299    .ARM.Collect$$libinit$$00000011  c_w.l(libinit2.o)
    0x0000019e   0x00000000   Code   RO         1301    .ARM.Collect$$libinit$$00000013  c_w.l(libinit2.o)
    0x0000019e   0x00000000   Code   RO         1303    .ARM.Collect$$libinit$$00000015  c_w.l(libinit2.o)
    0x0000019e   0x00000000   Code   RO         1305    .ARM.Collect$$libinit$$00000017  c_w.l(libinit2.o)
    0x0000019e   0x00000000   Code   RO         1307    .ARM.Collect$$libinit$$00000019  c_w.l(libinit2.o)
    0x0000019e   0x00000000   Code   RO         1309    .ARM.Collect$$libinit$$0000001B  c_w.l(libinit2.o)
    0x0000019e   0x00000000   Code   RO         1311    .ARM.Collect$$libinit$$0000001D  c_w.l(libinit2.o)
    0x0000019e   0x00000000   Code   RO         1313    .ARM.Collect$$libinit$$0000001F  c_w.l(libinit2.o)
    0x0000019e   0x00000000   Code   RO         1315    .ARM.Collect$$libinit$$00000021  c_w.l(libinit2.o)
    0x0000019e   0x00000000   Code   RO         1317    .ARM.Collect$$libinit$$00000023  c_w.l(libinit2.o)
    0x0000019e   0x00000000   Code   RO         1319    .ARM.Collect$$libinit$$00000025  c_w.l(libinit2.o)
    0x0000019e   0x00000000   Code   RO         1323    .ARM.Collect$$libinit$$0000002C  c_w.l(libinit2.o)
    0x0000019e   0x00000000   Code   RO         1325    .ARM.Collect$$libinit$$0000002E  c_w.l(libinit2.o)
    0x0000019e   0x00000000   Code   RO         1327    .ARM.Collect$$libinit$$00000030  c_w.l(libinit2.o)
    0x0000019e   0x00000000   Code   RO         1329    .ARM.Collect$$libinit$$00000032  c_w.l(libinit2.o)
    0x0000019e   0x00000002   Code   RO         1330    .ARM.Collect$$libinit$$00000033  c_w.l(libinit2.o)
    0x000001a0   0x00000002   Code   RO         1364    .ARM.Collect$$libshutdown$$00000000  c_w.l(libshutdown.o)
    0x000001a2   0x00000000   Code   RO         1375    .ARM.Collect$$libshutdown$$00000003  c_w.l(libshutdown2.o)
    0x000001a2   0x00000000   Code   RO         1378    .ARM.Collect$$libshutdown$$00000006  c_w.l(libshutdown2.o)
    0x000001a2   0x00000000   Code   RO         1381    .ARM.Collect$$libshutdown$$00000009  c_w.l(libshutdown2.o)
    0x000001a2   0x00000000   Code   RO         1383    .ARM.Collect$$libshutdown$$0000000B  c_w.l(libshutdown2.o)
    0x000001a2   0x00000000   Code   RO         1386    .ARM.Collect$$libshutdown$$0000000E  c_w.l(libshutdown2.o)
    0x000001a2   0x00000002   Code   RO         1387    .ARM.Collect$$libshutdown$$0000000F  c_w.l(libshutdown2.o)
    0x000001a4   0x00000000   Code   RO         1217    .ARM.Collect$$rtentry$$00000000  c_w.l(__rtentry.o)
    0x000001a4   0x00000000   Code   RO         1235    .ARM.Collect$$rtentry$$00000002  c_w.l(__rtentry2.o)
    0x000001a4   0x00000006   Code   RO         1247    .ARM.Collect$$rtentry$$00000004  c_w.l(__rtentry4.o)
    0x000001aa   0x00000000   Code   RO         1237    .ARM.Collect$$rtentry$$00000009  c_w.l(__rtentry2.o)
    0x000001aa   0x00000004   Code   RO         1238    .ARM.Collect$$rtentry$$0000000A  c_w.l(__rtentry2.o)
    0x000001ae   0x00000000   Code   RO         1240    .ARM.Collect$$rtentry$$0000000C  c_w.l(__rtentry2.o)
    0x000001ae   0x00000008   Code   RO         1241    .ARM.Collect$$rtentry$$0000000D  c_w.l(__rtentry2.o)
    0x000001b6   0x00000002   Code   RO         1282    .ARM.Collect$$rtexit$$00000000  c_w.l(rtexit.o)
    0x000001b8   0x00000000   Code   RO         1332    .ARM.Collect$$rtexit$$00000002  c_w.l(rtexit2.o)
    0x000001b8   0x00000004   Code   RO         1333    .ARM.Collect$$rtexit$$00000003  c_w.l(rtexit2.o)
    0x000001bc   0x00000006   Code   RO         1334    .ARM.Collect$$rtexit$$00000004  c_w.l(rtexit2.o)
    0x000001c2   0x00000002   PAD
    0x000001c4   0x00000040   Code   RO          420    .text               startup_elf2.o
    0x00000204   0x00000018   Code   RO         1172    .text               c_w.l(noretval__2printf.o)
    0x0000021c   0x00000068   Code   RO         1174    .text               c_w.l(__printf.o)
    0x00000284   0x00000052   Code   RO         1176    .text               c_w.l(_printf_str.o)
    0x000002d6   0x00000002   PAD
    0x000002d8   0x00000078   Code   RO         1178    .text               c_w.l(_printf_dec.o)
    0x00000350   0x00000010   Code   RO         1203    .text               c_w.l(abort.o)
    0x00000360   0x00000048   Code   RO         1205    .text               c_w.l(strcpy.o)
    0x000003a8   0x0000008a   Code   RO         1209    .text               c_w.l(rt_memcpy_v6.o)
    0x00000432   0x00000006   Code   RO         1211    .text               c_w.l(heapauxi.o)
    0x00000438   0x0000000c   Code   RO         1215    .text               c_w.l(sys_exit.o)
    0x00000444   0x000000b2   Code   RO         1218    .text               c_w.l(_printf_intcommon.o)
    0x000004f6   0x0000002c   Code   RO         1220    .text               c_w.l(_printf_char.o)
    0x00000522   0x00000002   PAD
    0x00000524   0x00000024   Code   RO         1222    .text               c_w.l(_printf_char_file.o)
    0x00000548   0x0000000e   Code   RO         1225    .text               c_w.l(defsig_abrt_outer.o)
    0x00000556   0x00000064   Code   RO         1229    .text               c_w.l(rt_memcpy_w.o)
    0x000005ba   0x00000002   Code   RO         1231    .text               c_w.l(use_no_semi.o)
    0x000005bc   0x00000000   Code   RO         1233    .text               c_w.l(indicate_semi.o)
    0x000005bc   0x00000030   Code   RO         1251    .text               c_w.l(_printf_char_common.o)
    0x000005ec   0x00000008   Code   RO         1253    .text               c_w.l(ferror.o)
    0x000005f4   0x0000000a   Code   RO         1257    .text               c_w.l(defsig_exit.o)
    0x000005fe   0x00000002   PAD
    0x00000600   0x00000030   Code   RO         1259    .text               c_w.l(defsig_abrt_inner.o)
    0x00000630   0x0000004a   Code   RO         1261    .text               c_w.l(sys_stackheap_outer.o)
    0x0000067a   0x0000000c   Code   RO         1265    .text               c_w.l(exit.o)
    0x00000686   0x00000032   Code   RO         1269    .text               c_w.l(defsig_general.o)
    0x000006b8   0x0000000e   Code   RO         1277    .text               c_w.l(sys_wrch.o)
    0x000006c6   0x00000002   PAD
    0x000006c8   0x00000008   Code   RO         1279    .text               c_w.l(libspace.o)
    0x000006d0   0x0000001c   Code   RO          180    i.ADCC0_IRQHandler  intc.o
    0x000006ec   0x0000001c   Code   RO          181    i.ADCC1_IRQHandler  intc.o
    0x00000708   0x0000001c   Code   RO          182    i.ADCC2_IRQHandler  intc.o
    0x00000724   0x0000001c   Code   RO          183    i.ADCC3_IRQHandler  intc.o
    0x00000740   0x0000001c   Code   RO          184    i.ADCC4_IRQHandler  intc.o
    0x0000075c   0x0000001c   Code   RO          185    i.ADCC5_IRQHandler  intc.o
    0x00000778   0x0000001c   Code   RO          186    i.DMAC_IRQHandler   intc.o
    0x00000794   0x0000001c   Code   RO          187    i.EXT_IRQHandler    intc.o
    0x000007b0   0x0000001c   Code   RO          188    i.GPIO_IRQHandler   intc.o
    0x000007cc   0x00000038   Code   RO          737    i.HAL_GPIO_Init     ELF2_CM3_Lib.lib(gpio.o)
    0x00000804   0x00000038   Code   RO          743    i.HAL_GPIO_SetDebounce  ELF2_CM3_Lib.lib(gpio.o)
    0x0000083c   0x00000074   Code   RO          744    i.HAL_GPIO_SetDir   ELF2_CM3_Lib.lib(gpio.o)
    0x000008b0   0x00000038   Code   RO          745    i.HAL_GPIO_SetPly   ELF2_CM3_Lib.lib(gpio.o)
    0x000008e8   0x00000062   Code   RO          748    i.HAL_GPIO_TrigType  ELF2_CM3_Lib.lib(gpio.o)
    0x0000094a   0x00000002   PAD
    0x0000094c   0x0000005c   Code   RO          750    i.HAL_GPIO_WritePin  ELF2_CM3_Lib.lib(gpio.o)
    0x000009a8   0x00000038   Code   RO          751    i.HAL_GPIO_setIrqLevel  ELF2_CM3_Lib.lib(gpio.o)
    0x000009e0   0x00000018   Code   RO          993    i.HAL_SYSCON_HCLK_Src_Sel  ELF2_CM3_Lib.lib(syscon.o)
    0x000009f8   0x0000006c   Code   RO          997    i.HAL_SYSCON_Set_HClk_Div  ELF2_CM3_Lib.lib(syscon.o)
    0x00000a64   0x00000070   Code   RO          998    i.HAL_SYSCON_Set_PClk0_Div  ELF2_CM3_Lib.lib(syscon.o)
    0x00000ad4   0x0000006c   Code   RO          999    i.HAL_SYSCON_Set_PClk1_Div  ELF2_CM3_Lib.lib(syscon.o)
    0x00000b40   0x000000c0   Code   RO         1000    i.HAL_SYSCON_Set_RTC_Div  ELF2_CM3_Lib.lib(syscon.o)
    0x00000c00   0x00000034   Code   RO          920    i.HAL_TIMER_Enable  ELF2_CM3_Lib.lib(timer.o)
    0x00000c34   0x000000b0   Code   RO          921    i.HAL_TIMER_Init    ELF2_CM3_Lib.lib(timer.o)
    0x00000ce4   0x00000020   Code   RO          922    i.HAL_TIMER_Int_Clr  ELF2_CM3_Lib.lib(timer.o)
    0x00000d04   0x00000034   Code   RO          924    i.HAL_TIMER_Set_LoadCount  ELF2_CM3_Lib.lib(timer.o)
    0x00000d38   0x0000001c   Code   RO          189    i.I2C0_IRQHandler   intc.o
    0x00000d54   0x0000001c   Code   RO          190    i.I2C1_IRQHandler   intc.o
    0x00000d70   0x0000001c   Code   RO          191    i.I2S_IRQHandler    intc.o
    0x00000d8c   0x0000001c   Code   RO          192    i.QSPI_IRQHandler   intc.o
    0x00000da8   0x0000001c   Code   RO          193    i.RTC_IRQHandler    intc.o
    0x00000dc4   0x00000038   Code   RO          485    i.SEGGER_RTT_Write  segger_rtt.o
    0x00000dfc   0x0000005c   Code   RO          486    i.SEGGER_RTT_WriteNoLock  segger_rtt.o
    0x00000e58   0x00000016   Code   RO          640    i.SEGGER_RTT_printf  segger_rtt_printf.o
    0x00000e6e   0x0000017e   Code   RO          641    i.SEGGER_RTT_vprintf  segger_rtt_printf.o
    0x00000fec   0x0000001c   Code   RO          194    i.SPIM_IRQHandler   intc.o
    0x00001008   0x00000058   Code   RO          378    i.SystemInit        system_elf2.o
    0x00001060   0x0000001c   Code   RO          195    i.TIMER_IRQHandler  intc.o
    0x0000107c   0x00000016   Code   RO           39    i.TIMER_Int_Register  int_register.o
    0x00001092   0x00000002   PAD
    0x00001094   0x0000001c   Code   RO          196    i.UART_IRQHandler   intc.o
    0x000010b0   0x0000000c   Code   RO          197    i.WDT_IRQHandler    intc.o
    0x000010bc   0x00000068   Code   RO          490    i._DoInit           segger_rtt.o
    0x00001124   0x00000016   Code   RO          491    i._GetAvailWriteSpace  segger_rtt.o
    0x0000113a   0x000000c4   Code   RO          642    i._PrintInt         segger_rtt_printf.o
    0x000011fe   0x00000002   PAD
    0x00001200   0x000000cc   Code   RO          643    i._PrintUnsigned    segger_rtt_printf.o
    0x000012cc   0x0000003e   Code   RO          644    i._StoreChar        segger_rtt_printf.o
    0x0000130a   0x0000005a   Code   RO          493    i._WriteBlocking    segger_rtt.o
    0x00001364   0x00000042   Code   RO          494    i._WriteNoCheck     segger_rtt.o
    0x000013a6   0x00000002   PAD
    0x000013a8   0x00000034   Code   RO          424    i.__aeabi_assert    debug.o
    0x000013dc   0x00000010   Code   RO          442    i.fputc             log.o
    0x000013ec   0x00000014   Code   RO          755    i.gpio_portadataregister_setf  ELF2_CM3_Lib.lib(gpio.o)
    0x00001400   0x00000014   Code   RO          756    i.gpio_portbdataregister_setf  ELF2_CM3_Lib.lib(gpio.o)
    0x00001414   0x0000001c   Code   RO           44    i.int_callback_register  int_register.o
    0x00001430   0x00000028   Code   RO            1    i.main              main.o
    0x00001458   0x0000000c   Code   RO         1002    i.sysc_awo_div_update_set  ELF2_CM3_Lib.lib(syscon.o)
    0x00001464   0x00000014   Code   RO         1005    i.sysc_awo_rtc_div_para_m1_setf  ELF2_CM3_Lib.lib(syscon.o)
    0x00001478   0x00000012   Code   RO          925    i.sysc_cpu_div_update_pack  ELF2_CM3_Lib.lib(timer.o)
    0x0000148a   0x00000002   PAD
    0x0000148c   0x0000008c   Code   RO          683    i.test_timer        test_timer.o
    0x00001518   0x00000050   Code   RO          684    i.timer_isr         test_timer.o
    0x00001568   0x00000010   Data   RO          645    .constdata          segger_rtt_printf.o
    0x00001578   0x00000020   Data   RO         1388    Region$$Table       anon$$obj.o


    Execution Region RW_IRAM0 (Base: 0x20000000, Size: 0x00000a28, Max: 0x00008000, ABSOLUTE)

    Base Addr    Size         Type   Attr      Idx    E Section Name        Object

    0x20000000   0x00000004   Data   RW          379    .data               system_elf2.o
    0x20000004   0x00000004   Data   RW          443    .data               log.o
    0x20000008   0x00000001   Data   RW          685    .data               test_timer.o
    0x20000009   0x00000003   PAD
    0x2000000c   0x000004b8   Zero   RW          495    .bss                segger_rtt.o
    0x200004c4   0x00000060   Zero   RW         1280    .bss                c_w.l(libspace.o)
    0x20000524   0x00000004   PAD
    0x20000528   0x00000100   Zero   RW          418    HEAP                startup_elf2.o
    0x20000628   0x00000400   Zero   RW          417    STACK               startup_elf2.o


==============================================================================

Image component sizes


      Code (inc. data)   RO Data    RW Data    ZI Data      Debug   Object Name

        52         40          0          0          0        557   debug.o
        50          4          0        144          0       5873   int_register.o
       488        106          0          0          0      12323   intc.o
        16          0          0          4          0       2410   log.o
        40         26          0          0          0       1847   main.o
       430         40          0          0       1208       8254   segger_rtt.o
       866          4         16          0          0       6281   segger_rtt_printf.o
        64         26        136          0       1280        888   startup_elf2.o
        88         12          0          4          0       1515   system_elf2.o
       220         42          0          1          0      29704   test_timer.o

    ----------------------------------------------------------------------
      2320        300        184        156       2488      69652   Object Totals
         0          0         32          0          0          0   (incl. Generated)
         6          0          0          3          0          0   (incl. Padding)

    ----------------------------------------------------------------------

      Code (inc. data)   RO Data    RW Data    ZI Data      Debug   Library Member Name

       570         38          0          0          0      14741   gpio.o
       576        298          0          0          0      32287   syscon.o
       330         16          0          0          0      24258   timer.o
         8          0          0          0          0         68   __main.o
       104          0          0          0          0         84   __printf.o
         0          0          0          0          0          0   __rtentry.o
        12          0          0          0          0          0   __rtentry2.o
         6          0          0          0          0          0   __rtentry4.o
        52          8          0          0          0          0   __scatter.o
        26          0          0          0          0          0   __scatter_copy.o
        28          0          0          0          0          0   __scatter_zi.o
        44          0          0          0          0        108   _printf_char.o
        48          6          0          0          0         96   _printf_char_common.o
        36          4          0          0          0         80   _printf_char_file.o
         6          0          0          0          0          0   _printf_d.o
       120         16          0          0          0         92   _printf_dec.o
       178          0          0          0          0         88   _printf_intcommon.o
         0          0          0          0          0          0   _printf_percent.o
         4          0          0          0          0          0   _printf_percent_end.o
         6          0          0          0          0          0   _printf_s.o
        82          0          0          0          0         80   _printf_str.o
        16          0          0          0          0         72   abort.o
        48         34          0          0          0         76   defsig_abrt_inner.o
        14          0          0          0          0         80   defsig_abrt_outer.o
        10          0          0          0          0         68   defsig_exit.o
        50          0          0          0          0         88   defsig_general.o
        12          0          0          0          0         72   exit.o
         8          0          0          0          0         68   ferror.o
         6          0          0          0          0        152   heapauxi.o
         0          0          0          0          0          0   indicate_semi.o
         2          0          0          0          0          0   libinit.o
         2          0          0          0          0          0   libinit2.o
         2          0          0          0          0          0   libshutdown.o
         2          0          0          0          0          0   libshutdown2.o
         8          4          0          0         96         68   libspace.o
        24          4          0          0          0         84   noretval__2printf.o
       138          0          0          0          0         68   rt_memcpy_v6.o
       100          0          0          0          0         80   rt_memcpy_w.o
         2          0          0          0          0          0   rtexit.o
        10          0          0          0          0          0   rtexit2.o
        72          0          0          0          0         80   strcpy.o
        12          4          0          0          0         68   sys_exit.o
        74          0          0          0          0         80   sys_stackheap_outer.o
        14          0          0          0          0         76   sys_wrch.o
         2          0          0          0          0         68   use_no_semi.o

    ----------------------------------------------------------------------
      2880        432          0          0        100      73330   Library Totals
        16          0          0          0          4          0   (incl. Padding)

    ----------------------------------------------------------------------

      Code (inc. data)   RO Data    RW Data    ZI Data      Debug   Library Name

      1476        352          0          0          0      71286   ELF2_CM3_Lib.lib
      1388         80          0          0         96       2044   c_w.l

    ----------------------------------------------------------------------
      2880        432          0          0        100      73330   Library Totals

    ----------------------------------------------------------------------

==============================================================================


      Code (inc. data)   RO Data    RW Data    ZI Data      Debug   

      5200        732        184        156       2588     139026   Grand Totals
      5200        732        184        156       2588     139026   ELF Image Totals
      5200        732        184        156          0          0   ROM Totals

==============================================================================

    Total RO  Size (Code + RO Data)                 5384 (   5.26kB)
    Total RW  Size (RW Data + ZI Data)              2744 (   2.68kB)
    Total ROM Size (Code + RO Data + RW Data)       5540 (   5.41kB)

==============================================================================

