<html>
<body>
<pre>
<h1>µVision Build Log</h1>
<h2>Tool Versions:</h2>
IDE-Version: ¦ÌVision V5.15
Copyright (C) 2015 ARM Ltd and ARM Germany GmbH. All rights reserved.
License Information: A AutoBVT, Microsoft, LIC=HN08T-RCE1H-8SAYU-SFWR2-ST45E-EQ3HD
 
Tool Versions:
Toolchain:       MDK-ARM Standard  Version: 5.15.0
Toolchain Path:  C:\Keil_v5\ARM\ARMCC\Bin
C Compiler:      Armcc.exe V5.05 update 2 (build 169)
Assembler:       Armasm.exe V5.05 update 2 (build 169)
Linker/Locator:  ArmLink.exe V5.05 update 2 (build 169)
Library Manager: ArmAr.exe V5.05 update 2 (build 169)
Hex Converter:   FromElf.exe V5.05 update 2 (build 169)
CPU DLL:         SARMCM3.DLL V5.15.0
Dialog DLL:      DCM.DLL V1.13.2.0
Target DLL:      Segger\JL2CM3.dll V2.99.15.0
Dialog DLL:      TCM.DLL V1.14.5.0
 
<h2>Project:</h2>
G:\ELF2_SOC_Shanghai\trunk\Demo\AHB_Demo\AHB_SDK48\Quick_Start.uvprojx
Project File Date:  05/05/2018

<h2>Output:</h2>
*** Using Compiler 'V5.05 update 2 (build 169)', folder: 'C:\Keil_v5\ARM\ARMCC\Bin'
Rebuild target 'Quick_Start'
compiling main.c...
compiling test_gpio.c...
assembling startup_elf2.s...
compiling system_elf2.c...
compiling log.c...
compiling debug.c...
compiling SEGGER_RTT_printf.c...
compiling SEGGER_RTT.c...
linking...
.\Objects\Quick_Start.axf: Warning: L6319W: Ignoring --keep command. Cannot find section int_register.o(int_callback_area).
.\elf2_example.sct(49): warning: L6314W: No section matches pattern *(int_callback_area).
Program Size: Code=4648 RO-data=184 RW-data=8 ZI-data=2584  
Finished: 0 information, 2 warning and 0 error messages.
After Build - User command #1: fromelf -c -v -a --output=Quick_Start.asm Objects\Quick_Start.axf
After Build - User command #2: fromelf --bin --output=Quick_Start.bin Objects\Quick_Start.axf
".\Objects\Quick_Start.axf" - 0 Error(s), 2 Warning(s).

<h2>Collection of Component include folders:</h2>
  G:\ELF2_SOC_Shanghai\trunk\Demo\AHB_Demo\AHB_SDK48\RTE
  C:\Keil_v5\ARM\PACK\ARM\CMSIS\4.3.0\Device\ARM\ARMCM3\Include

<h2>Collection of Component Files used:</h2>
</pre>
</body>
</html>
