Component: ARM Compiler 5.05 update 2 (build 169) Tool: armlink [4d0f33]

==============================================================================

Section Cross References

    main.o(i.main) refers to segger_rtt_printf.o(i.SEGGER_RTT_printf) for SEGGER_RTT_printf
    main.o(i.main) refers to test_gpio.o(i.test_gpio) for test_gpio
    test_gpio.o(i.test_gpio) refers to _printf_percent.o(.ARM.Collect$$_printf_percent$$00000000) for _printf_percent
    test_gpio.o(i.test_gpio) refers to _printf_d.o(.ARM.Collect$$_printf_percent$$00000009) for _printf_d
    test_gpio.o(i.test_gpio) refers to _printf_dec.o(.text) for _printf_int_dec
    test_gpio.o(i.test_gpio) refers to gpio.o(i.HAL_GPIO_Init) for HAL_GPIO_Init
    test_gpio.o(i.test_gpio) refers to noretval__2printf.o(.text) for __2printf
    test_gpio.o(i.test_gpio) refers to gpio.o(i.HAL_GPIO_WritePin) for HAL_GPIO_WritePin
    startup_elf2.o(STACK) refers (Special) to heapauxi.o(.text) for __use_two_region_memory
    startup_elf2.o(HEAP) refers (Special) to heapauxi.o(.text) for __use_two_region_memory
    startup_elf2.o(RESET) refers (Special) to heapauxi.o(.text) for __use_two_region_memory
    startup_elf2.o(RESET) refers to startup_elf2.o(STACK) for __initial_sp
    startup_elf2.o(RESET) refers to startup_elf2.o(.text) for Reset_Handler
    startup_elf2.o(.text) refers (Special) to heapauxi.o(.text) for __use_two_region_memory
    startup_elf2.o(.text) refers to system_elf2.o(i.SystemInit) for SystemInit
    startup_elf2.o(.text) refers to __main.o(!!!main) for __main
    startup_elf2.o(.text) refers to startup_elf2.o(HEAP) for Heap_Mem
    startup_elf2.o(.text) refers to startup_elf2.o(STACK) for Stack_Mem
    system_elf2.o(i.SystemCoreClockUpdate) refers to system_elf2.o(.data) for SystemCoreClock
    system_elf2.o(i.SystemInit) refers to system_elf2.o(i.delay) for delay
    system_elf2.o(i.SystemInit) refers to syscon.o(i.HAL_SYSCON_HCLK_Src_Sel) for HAL_SYSCON_HCLK_Src_Sel
    system_elf2.o(i.SystemInit) refers to syscon.o(i.HAL_SYSCON_Set_HClk_Div) for HAL_SYSCON_Set_HClk_Div
    system_elf2.o(i.SystemInit) refers to syscon.o(i.HAL_SYSCON_Set_PClk0_Div) for HAL_SYSCON_Set_PClk0_Div
    system_elf2.o(i.SystemInit) refers to syscon.o(i.HAL_SYSCON_Set_PClk1_Div) for HAL_SYSCON_Set_PClk1_Div
    system_elf2.o(i.SystemInit) refers to syscon.o(i.HAL_SYSCON_Set_RTC_Div) for HAL_SYSCON_Set_RTC_Div
    system_elf2.o(i.SystemInit) refers to system_elf2.o(.data) for SystemCoreClock
    log.o(i.fputc) refers to segger_rtt.o(i.SEGGER_RTT_Write) for SEGGER_RTT_Write
    debug.o(i.__aeabi_assert) refers to _printf_percent.o(.ARM.Collect$$_printf_percent$$00000000) for _printf_percent
    debug.o(i.__aeabi_assert) refers to _printf_d.o(.ARM.Collect$$_printf_percent$$00000009) for _printf_d
    debug.o(i.__aeabi_assert) refers to _printf_s.o(.ARM.Collect$$_printf_percent$$00000014) for _printf_s
    debug.o(i.__aeabi_assert) refers to _printf_dec.o(.text) for _printf_int_dec
    debug.o(i.__aeabi_assert) refers to _printf_str.o(.text) for _printf_str
    debug.o(i.__aeabi_assert) refers to noretval__2printf.o(.text) for __2printf
    segger_rtt_printf.o(i.SEGGER_RTT_printf) refers to segger_rtt_printf.o(i.SEGGER_RTT_vprintf) for SEGGER_RTT_vprintf
    segger_rtt_printf.o(i.SEGGER_RTT_vprintf) refers to segger_rtt_printf.o(i._StoreChar) for _StoreChar
    segger_rtt_printf.o(i.SEGGER_RTT_vprintf) refers to segger_rtt_printf.o(i._PrintInt) for _PrintInt
    segger_rtt_printf.o(i.SEGGER_RTT_vprintf) refers to segger_rtt_printf.o(i._PrintUnsigned) for _PrintUnsigned
    segger_rtt_printf.o(i.SEGGER_RTT_vprintf) refers to segger_rtt.o(i.SEGGER_RTT_Write) for SEGGER_RTT_Write
    segger_rtt_printf.o(i._PrintInt) refers to segger_rtt_printf.o(i._StoreChar) for _StoreChar
    segger_rtt_printf.o(i._PrintInt) refers to segger_rtt_printf.o(i._PrintUnsigned) for _PrintUnsigned
    segger_rtt_printf.o(i._PrintUnsigned) refers to segger_rtt_printf.o(i._StoreChar) for _StoreChar
    segger_rtt_printf.o(i._PrintUnsigned) refers to segger_rtt_printf.o(.constdata) for _aV2C
    segger_rtt_printf.o(i._StoreChar) refers to segger_rtt.o(i.SEGGER_RTT_Write) for SEGGER_RTT_Write
    segger_rtt.o(i.SEGGER_RTT_AllocDownBuffer) refers to segger_rtt.o(i._DoInit) for _DoInit
    segger_rtt.o(i.SEGGER_RTT_AllocDownBuffer) refers to segger_rtt.o(.bss) for _SEGGER_RTT
    segger_rtt.o(i.SEGGER_RTT_AllocUpBuffer) refers to segger_rtt.o(i._DoInit) for _DoInit
    segger_rtt.o(i.SEGGER_RTT_AllocUpBuffer) refers to segger_rtt.o(.bss) for _SEGGER_RTT
    segger_rtt.o(i.SEGGER_RTT_ConfigDownBuffer) refers to segger_rtt.o(i._DoInit) for _DoInit
    segger_rtt.o(i.SEGGER_RTT_ConfigDownBuffer) refers to segger_rtt.o(.bss) for _SEGGER_RTT
    segger_rtt.o(i.SEGGER_RTT_ConfigUpBuffer) refers to segger_rtt.o(i._DoInit) for _DoInit
    segger_rtt.o(i.SEGGER_RTT_ConfigUpBuffer) refers to segger_rtt.o(.bss) for _SEGGER_RTT
    segger_rtt.o(i.SEGGER_RTT_GetKey) refers to segger_rtt.o(i.SEGGER_RTT_Read) for SEGGER_RTT_Read
    segger_rtt.o(i.SEGGER_RTT_HasData) refers to segger_rtt.o(.bss) for _SEGGER_RTT
    segger_rtt.o(i.SEGGER_RTT_HasKey) refers to segger_rtt.o(i._DoInit) for _DoInit
    segger_rtt.o(i.SEGGER_RTT_HasKey) refers to segger_rtt.o(.bss) for _SEGGER_RTT
    segger_rtt.o(i.SEGGER_RTT_Init) refers to segger_rtt.o(i._DoInit) for _DoInit
    segger_rtt.o(i.SEGGER_RTT_Read) refers to segger_rtt.o(i.SEGGER_RTT_ReadNoLock) for SEGGER_RTT_ReadNoLock
    segger_rtt.o(i.SEGGER_RTT_ReadNoLock) refers to segger_rtt.o(i._DoInit) for _DoInit
    segger_rtt.o(i.SEGGER_RTT_ReadNoLock) refers to rt_memcpy_v6.o(.text) for __aeabi_memcpy
    segger_rtt.o(i.SEGGER_RTT_ReadNoLock) refers to segger_rtt.o(.bss) for _SEGGER_RTT
    segger_rtt.o(i.SEGGER_RTT_SetFlagsDownBuffer) refers to segger_rtt.o(i._DoInit) for _DoInit
    segger_rtt.o(i.SEGGER_RTT_SetFlagsDownBuffer) refers to segger_rtt.o(.bss) for _SEGGER_RTT
    segger_rtt.o(i.SEGGER_RTT_SetFlagsUpBuffer) refers to segger_rtt.o(i._DoInit) for _DoInit
    segger_rtt.o(i.SEGGER_RTT_SetFlagsUpBuffer) refers to segger_rtt.o(.bss) for _SEGGER_RTT
    segger_rtt.o(i.SEGGER_RTT_SetNameDownBuffer) refers to segger_rtt.o(i._DoInit) for _DoInit
    segger_rtt.o(i.SEGGER_RTT_SetNameDownBuffer) refers to segger_rtt.o(.bss) for _SEGGER_RTT
    segger_rtt.o(i.SEGGER_RTT_SetNameUpBuffer) refers to segger_rtt.o(i._DoInit) for _DoInit
    segger_rtt.o(i.SEGGER_RTT_SetNameUpBuffer) refers to segger_rtt.o(.bss) for _SEGGER_RTT
    segger_rtt.o(i.SEGGER_RTT_SetTerminal) refers to segger_rtt.o(i._DoInit) for _DoInit
    segger_rtt.o(i.SEGGER_RTT_SetTerminal) refers to segger_rtt.o(i._WriteBlocking) for _WriteBlocking
    segger_rtt.o(i.SEGGER_RTT_SetTerminal) refers to segger_rtt.o(i._GetAvailWriteSpace) for _GetAvailWriteSpace
    segger_rtt.o(i.SEGGER_RTT_SetTerminal) refers to segger_rtt.o(i._WriteNoCheck) for _WriteNoCheck
    segger_rtt.o(i.SEGGER_RTT_SetTerminal) refers to segger_rtt.o(.bss) for _SEGGER_RTT
    segger_rtt.o(i.SEGGER_RTT_SetTerminal) refers to segger_rtt.o(.data) for _aTerminalId
    segger_rtt.o(i.SEGGER_RTT_TerminalOut) refers to segger_rtt.o(i._DoInit) for _DoInit
    segger_rtt.o(i.SEGGER_RTT_TerminalOut) refers to strlen.o(.text) for strlen
    segger_rtt.o(i.SEGGER_RTT_TerminalOut) refers to segger_rtt.o(i._GetAvailWriteSpace) for _GetAvailWriteSpace
    segger_rtt.o(i.SEGGER_RTT_TerminalOut) refers to segger_rtt.o(i._PostTerminalSwitch) for _PostTerminalSwitch
    segger_rtt.o(i.SEGGER_RTT_TerminalOut) refers to segger_rtt.o(i._WriteBlocking) for _WriteBlocking
    segger_rtt.o(i.SEGGER_RTT_TerminalOut) refers to segger_rtt.o(.bss) for _SEGGER_RTT
    segger_rtt.o(i.SEGGER_RTT_TerminalOut) refers to segger_rtt.o(.data) for _ActiveTerminal
    segger_rtt.o(i.SEGGER_RTT_WaitKey) refers to segger_rtt.o(i.SEGGER_RTT_GetKey) for SEGGER_RTT_GetKey
    segger_rtt.o(i.SEGGER_RTT_Write) refers to segger_rtt.o(i._DoInit) for _DoInit
    segger_rtt.o(i.SEGGER_RTT_Write) refers to segger_rtt.o(i.SEGGER_RTT_WriteNoLock) for SEGGER_RTT_WriteNoLock
    segger_rtt.o(i.SEGGER_RTT_Write) refers to segger_rtt.o(.bss) for _SEGGER_RTT
    segger_rtt.o(i.SEGGER_RTT_WriteNoLock) refers to segger_rtt.o(i._GetAvailWriteSpace) for _GetAvailWriteSpace
    segger_rtt.o(i.SEGGER_RTT_WriteNoLock) refers to segger_rtt.o(i._WriteNoCheck) for _WriteNoCheck
    segger_rtt.o(i.SEGGER_RTT_WriteNoLock) refers to segger_rtt.o(i._WriteBlocking) for _WriteBlocking
    segger_rtt.o(i.SEGGER_RTT_WriteNoLock) refers to segger_rtt.o(.bss) for _SEGGER_RTT
    segger_rtt.o(i.SEGGER_RTT_WriteSkipNoLock) refers to rt_memcpy_v6.o(.text) for __aeabi_memcpy
    segger_rtt.o(i.SEGGER_RTT_WriteSkipNoLock) refers to segger_rtt.o(.bss) for _SEGGER_RTT
    segger_rtt.o(i.SEGGER_RTT_WriteString) refers to strlen.o(.text) for strlen
    segger_rtt.o(i.SEGGER_RTT_WriteString) refers to segger_rtt.o(i.SEGGER_RTT_Write) for SEGGER_RTT_Write
    segger_rtt.o(i.SEGGER_RTT_WriteWithOverwriteNoLock) refers to rt_memcpy_v6.o(.text) for __aeabi_memcpy
    segger_rtt.o(i.SEGGER_RTT_WriteWithOverwriteNoLock) refers to segger_rtt.o(.bss) for _SEGGER_RTT
    segger_rtt.o(i._DoInit) refers to strcpy.o(.text) for strcpy
    segger_rtt.o(i._DoInit) refers to segger_rtt.o(.bss) for _SEGGER_RTT
    segger_rtt.o(i._PostTerminalSwitch) refers to segger_rtt.o(i._WriteBlocking) for _WriteBlocking
    segger_rtt.o(i._PostTerminalSwitch) refers to segger_rtt.o(.data) for _aTerminalId
    segger_rtt.o(i._WriteBlocking) refers to rt_memcpy_v6.o(.text) for __aeabi_memcpy
    segger_rtt.o(i._WriteNoCheck) refers to rt_memcpy_v6.o(.text) for __aeabi_memcpy
    gpio.o(i.HAL_GPIO_Init) refers to gpio.o(i.HAL_GPIO_SetDir) for HAL_GPIO_SetDir
    gpio.o(i.HAL_GPIO_Init) refers to gpio.o(i.HAL_GPIO_WritePin) for HAL_GPIO_WritePin
    gpio.o(i.HAL_GPIO_Init) refers to gpio.o(i.HAL_GPIO_SetDebounce) for HAL_GPIO_SetDebounce
    gpio.o(i.HAL_GPIO_Init) refers to gpio.o(i.HAL_GPIO_TrigType) for HAL_GPIO_TrigType
    gpio.o(i.HAL_GPIO_IntDisable) refers to gpio.o(i.gpio_interruptenable_setf) for gpio_interruptenable_setf
    gpio.o(i.HAL_GPIO_IntEnable) refers to gpio.o(i.gpio_interruptenable_setf) for gpio_interruptenable_setf
    gpio.o(i.HAL_GPIO_MaskIrq) refers to gpio.o(i.gpio_int_mask_setf) for gpio_int_mask_setf
    gpio.o(i.HAL_GPIO_TogglePin) refers to gpio.o(i.gpio_portadataregister_setf) for gpio_portadataregister_setf
    gpio.o(i.HAL_GPIO_TogglePin) refers to gpio.o(i.gpio_portbdataregister_setf) for gpio_portbdataregister_setf
    gpio.o(i.HAL_GPIO_TrigBothEdge) refers to gpio.o(i.gpio_int_both_edge_setf) for gpio_int_both_edge_setf
    gpio.o(i.HAL_GPIO_TrigType) refers to gpio.o(i.HAL_GPIO_setIrqLevel) for HAL_GPIO_setIrqLevel
    gpio.o(i.HAL_GPIO_TrigType) refers to gpio.o(i.HAL_GPIO_SetPly) for HAL_GPIO_SetPly
    gpio.o(i.HAL_GPIO_UnmaskIrq) refers to gpio.o(i.gpio_int_mask_setf) for gpio_int_mask_setf
    gpio.o(i.HAL_GPIO_WritePin) refers to gpio.o(i.gpio_portadataregister_setf) for gpio_portadataregister_setf
    gpio.o(i.HAL_GPIO_WritePin) refers to gpio.o(i.gpio_portbdataregister_setf) for gpio_portbdataregister_setf
    syscon.o(i.HAL_SYSCON_Clk_Enable) refers to syscon.o(i.sysc_awo_sw_clkg_set) for sysc_awo_sw_clkg_set
    syscon.o(i.HAL_SYSCON_Clk_Enable) refers to syscon.o(i.sysc_cpu_sw_clkg_set) for sysc_cpu_sw_clkg_set
    syscon.o(i.HAL_SYSCON_Clk_Enable) refers to debug.o(i.__aeabi_assert) for __aeabi_assert
    syscon.o(i.HAL_SYSCON_Function_IO_Set) refers to syscon.o(i.sysc_cpu_func_en_set) for sysc_cpu_func_en_set
    syscon.o(i.HAL_SYSCON_Function_IO_disable_all) refers to syscon.o(i.sysc_cpu_func_en_set) for sysc_cpu_func_en_set
    syscon.o(i.HAL_SYSCON_GPIO_Pull_Down) refers to syscon.o(i.sysc_awo_gpil_pd_setf) for sysc_awo_gpil_pd_setf
    syscon.o(i.HAL_SYSCON_GPIO_Pull_Up) refers to syscon.o(i.sysc_awo_gpil_pu_n_setf) for sysc_awo_gpil_pu_n_setf
    syscon.o(i.HAL_SYSCON_IO_Ctrl_Set) refers to debug.o(i.__aeabi_assert) for __aeabi_assert
    syscon.o(i.HAL_SYSCON_SW_Reset) refers to syscon.o(i.sysc_cpu_sw_rstn_set) for sysc_cpu_sw_rstn_set
    syscon.o(i.HAL_SYSCON_SW_Reset) refers to syscon.o(i.sysc_awo_sw_rstn_set) for sysc_awo_sw_rstn_set
    syscon.o(i.HAL_SYSCON_SW_Reset) refers to debug.o(i.__aeabi_assert) for __aeabi_assert
    syscon.o(i.HAL_SYSCON_Set_HClk_Div) refers to debug.o(i.__aeabi_assert) for __aeabi_assert
    syscon.o(i.HAL_SYSCON_Set_HClk_Div) refers to syscon.o(i.sysc_awo_div_update_set) for sysc_awo_div_update_set
    syscon.o(i.HAL_SYSCON_Set_PClk0_Div) refers to debug.o(i.__aeabi_assert) for __aeabi_assert
    syscon.o(i.HAL_SYSCON_Set_PClk1_Div) refers to debug.o(i.__aeabi_assert) for __aeabi_assert
    syscon.o(i.HAL_SYSCON_Set_PClk1_Div) refers to syscon.o(i.sysc_awo_div_update_set) for sysc_awo_div_update_set
    syscon.o(i.HAL_SYSCON_Set_RTC_Div) refers to debug.o(i.__aeabi_assert) for __aeabi_assert
    syscon.o(i.HAL_SYSCON_Set_RTC_Div) refers to syscon.o(i.sysc_awo_rtc_div_para_m1_setf) for sysc_awo_rtc_div_para_m1_setf
    syscon.o(i.HAL_SYSCON_Set_RTC_Div) refers to syscon.o(i.sysc_awo_div_update_set) for sysc_awo_div_update_set
    __2printf.o(.text) refers to _printf_char_file.o(.text) for _printf_char_file
    __2printf.o(.text) refers to log.o(.data) for __stdout
    noretval__2printf.o(.text) refers to _printf_char_file.o(.text) for _printf_char_file
    noretval__2printf.o(.text) refers to log.o(.data) for __stdout
    __printf.o(.text) refers to _printf_percent.o(.ARM.Collect$$_printf_percent$$00000000) for _printf_percent
    _printf_str.o(.text) refers (Special) to _printf_char.o(.text) for _printf_cs_common
    _printf_dec.o(.text) refers to _printf_intcommon.o(.text) for _printf_int_common
    __printf_flags.o(.text) refers to _printf_percent.o(.ARM.Collect$$_printf_percent$$00000000) for _printf_percent
    __printf_flags.o(.text) refers to __printf_flags.o(.constdata) for .constdata
    __printf_ss.o(.text) refers to _printf_percent.o(.ARM.Collect$$_printf_percent$$00000000) for _printf_percent
    __printf_flags_ss.o(.text) refers to _printf_percent.o(.ARM.Collect$$_printf_percent$$00000000) for _printf_percent
    __printf_flags_ss.o(.text) refers to __printf_flags_ss.o(.constdata) for .constdata
    __printf_wp.o(.text) refers to __printf_wp.o(i._is_digit) for _is_digit
    __printf_wp.o(.text) refers to _printf_percent.o(.ARM.Collect$$_printf_percent$$00000000) for _printf_percent
    __printf_flags_wp.o(.text) refers to __printf_wp.o(i._is_digit) for _is_digit
    __printf_flags_wp.o(.text) refers to _printf_percent.o(.ARM.Collect$$_printf_percent$$00000000) for _printf_percent
    __printf_flags_wp.o(.text) refers to __printf_flags_wp.o(.constdata) for .constdata
    __printf_ss_wp.o(.text) refers to __printf_wp.o(i._is_digit) for _is_digit
    __printf_ss_wp.o(.text) refers to _printf_percent.o(.ARM.Collect$$_printf_percent$$00000000) for _printf_percent
    __printf_flags_ss_wp.o(.text) refers to __printf_wp.o(i._is_digit) for _is_digit
    __printf_flags_ss_wp.o(.text) refers to _printf_percent.o(.ARM.Collect$$_printf_percent$$00000000) for _printf_percent
    __printf_flags_ss_wp.o(.text) refers to __printf_flags_ss_wp.o(.constdata) for .constdata
    _printf_s.o(.ARM.Collect$$_printf_percent$$00000014) refers (Weak) to _printf_char.o(.text) for _printf_string
    _printf_d.o(.ARM.Collect$$_printf_percent$$00000009) refers (Weak) to _printf_dec.o(.text) for _printf_int_dec
    _printf_percent.o(.ARM.Collect$$_printf_percent$$00000000) refers (Special) to _printf_percent_end.o(.ARM.Collect$$_printf_percent$$00000017) for _printf_percent_end
    rt_memcpy_v6.o(.text) refers to rt_memcpy_w.o(.text) for __aeabi_memcpy4
    __main.o(!!!main) refers to __rtentry.o(.ARM.Collect$$rtentry$$00000000) for __rt_entry
    __rtentry.o(.ARM.Collect$$rtentry$$00000000) refers (Special) to __rtentry2.o(.ARM.Collect$$rtentry$$0000000A) for __rt_entry_li
    __rtentry.o(.ARM.Collect$$rtentry$$00000000) refers (Special) to __rtentry2.o(.ARM.Collect$$rtentry$$0000000D) for __rt_entry_main
    __rtentry.o(.ARM.Collect$$rtentry$$00000000) refers (Special) to __rtentry2.o(.ARM.Collect$$rtentry$$0000000C) for __rt_entry_postli_1
    __rtentry.o(.ARM.Collect$$rtentry$$00000000) refers (Special) to __rtentry2.o(.ARM.Collect$$rtentry$$00000009) for __rt_entry_postsh_1
    __rtentry.o(.ARM.Collect$$rtentry$$00000000) refers (Special) to __rtentry2.o(.ARM.Collect$$rtentry$$00000002) for __rt_entry_presh_1
    __rtentry.o(.ARM.Collect$$rtentry$$00000000) refers (Special) to __rtentry4.o(.ARM.Collect$$rtentry$$00000004) for __rt_entry_sh
    _printf_char.o(.text) refers (Weak) to _printf_str.o(.text) for _printf_str
    _printf_char_file.o(.text) refers to _printf_char_common.o(.text) for _printf_char_common
    _printf_char_file.o(.text) refers to ferror.o(.text) for ferror
    _printf_char_file.o(.text) refers to log.o(i.fputc) for fputc
    __rtentry2.o(.ARM.Collect$$rtentry$$00000008) refers to boardinit2.o(.text) for _platform_post_stackheap_init
    __rtentry2.o(.ARM.Collect$$rtentry$$0000000A) refers to libinit.o(.ARM.Collect$$libinit$$00000000) for __rt_lib_init
    __rtentry2.o(.ARM.Collect$$rtentry$$0000000B) refers to boardinit3.o(.text) for _platform_post_lib_init
    __rtentry2.o(.ARM.Collect$$rtentry$$0000000D) refers to main.o(i.main) for main
    __rtentry2.o(.ARM.Collect$$rtentry$$0000000D) refers to exit.o(.text) for exit
    __rtentry2.o(.ARM.exidx) refers to __rtentry2.o(.ARM.Collect$$rtentry$$00000001) for .ARM.Collect$$rtentry$$00000001
    __rtentry2.o(.ARM.exidx) refers to __rtentry2.o(.ARM.Collect$$rtentry$$00000008) for .ARM.Collect$$rtentry$$00000008
    __rtentry2.o(.ARM.exidx) refers to __rtentry2.o(.ARM.Collect$$rtentry$$0000000A) for .ARM.Collect$$rtentry$$0000000A
    __rtentry2.o(.ARM.exidx) refers to __rtentry2.o(.ARM.Collect$$rtentry$$0000000B) for .ARM.Collect$$rtentry$$0000000B
    __rtentry2.o(.ARM.exidx) refers to __rtentry2.o(.ARM.Collect$$rtentry$$0000000D) for .ARM.Collect$$rtentry$$0000000D
    __rtentry4.o(.ARM.Collect$$rtentry$$00000004) refers to sys_stackheap_outer.o(.text) for __user_setup_stackheap
    __rtentry4.o(.ARM.exidx) refers to __rtentry4.o(.ARM.Collect$$rtentry$$00000004) for .ARM.Collect$$rtentry$$00000004
    _printf_char_common.o(.text) refers to __printf.o(.text) for __printf
    sys_stackheap_outer.o(.text) refers to libspace.o(.text) for __user_perproc_libspace
    sys_stackheap_outer.o(.text) refers to startup_elf2.o(.text) for __user_initial_stackheap
    exit.o(.text) refers to rtexit.o(.ARM.Collect$$rtexit$$00000000) for __rt_exit
    libinit.o(.ARM.Collect$$libinit$$00000000) refers (Special) to libinit2.o(.ARM.Collect$$libinit$$0000002E) for __rt_lib_init_alloca_1
    libinit.o(.ARM.Collect$$libinit$$00000000) refers (Special) to libinit2.o(.ARM.Collect$$libinit$$0000002C) for __rt_lib_init_argv_1
    libinit.o(.ARM.Collect$$libinit$$00000000) refers (Special) to libinit2.o(.ARM.Collect$$libinit$$0000001B) for __rt_lib_init_atexit_1
    libinit.o(.ARM.Collect$$libinit$$00000000) refers (Special) to libinit2.o(.ARM.Collect$$libinit$$00000021) for __rt_lib_init_clock_1
    libinit.o(.ARM.Collect$$libinit$$00000000) refers (Special) to libinit2.o(.ARM.Collect$$libinit$$00000032) for __rt_lib_init_cpp_1
    libinit.o(.ARM.Collect$$libinit$$00000000) refers (Special) to libinit2.o(.ARM.Collect$$libinit$$00000030) for __rt_lib_init_exceptions_1
    libinit.o(.ARM.Collect$$libinit$$00000000) refers (Special) to libinit2.o(.ARM.Collect$$libinit$$00000002) for __rt_lib_init_fp_1
    libinit.o(.ARM.Collect$$libinit$$00000000) refers (Special) to libinit2.o(.ARM.Collect$$libinit$$0000001F) for __rt_lib_init_fp_trap_1
    libinit.o(.ARM.Collect$$libinit$$00000000) refers (Special) to libinit2.o(.ARM.Collect$$libinit$$00000023) for __rt_lib_init_getenv_1
    libinit.o(.ARM.Collect$$libinit$$00000000) refers (Special) to libinit2.o(.ARM.Collect$$libinit$$0000000A) for __rt_lib_init_heap_1
    libinit.o(.ARM.Collect$$libinit$$00000000) refers (Special) to libinit2.o(.ARM.Collect$$libinit$$00000011) for __rt_lib_init_lc_collate_1
    libinit.o(.ARM.Collect$$libinit$$00000000) refers (Special) to libinit2.o(.ARM.Collect$$libinit$$00000013) for __rt_lib_init_lc_ctype_1
    libinit.o(.ARM.Collect$$libinit$$00000000) refers (Special) to libinit2.o(.ARM.Collect$$libinit$$00000015) for __rt_lib_init_lc_monetary_1
    libinit.o(.ARM.Collect$$libinit$$00000000) refers (Special) to libinit2.o(.ARM.Collect$$libinit$$00000017) for __rt_lib_init_lc_numeric_1
    libinit.o(.ARM.Collect$$libinit$$00000000) refers (Special) to libinit2.o(.ARM.Collect$$libinit$$00000019) for __rt_lib_init_lc_time_1
    libinit.o(.ARM.Collect$$libinit$$00000000) refers (Special) to libinit2.o(.ARM.Collect$$libinit$$00000004) for __rt_lib_init_preinit_1
    libinit.o(.ARM.Collect$$libinit$$00000000) refers (Special) to libinit2.o(.ARM.Collect$$libinit$$0000000E) for __rt_lib_init_rand_1
    libinit.o(.ARM.Collect$$libinit$$00000000) refers (Special) to libinit2.o(.ARM.Collect$$libinit$$00000033) for __rt_lib_init_return
    libinit.o(.ARM.Collect$$libinit$$00000000) refers (Special) to libinit2.o(.ARM.Collect$$libinit$$0000001D) for __rt_lib_init_signal_1
    libinit.o(.ARM.Collect$$libinit$$00000000) refers (Special) to libinit2.o(.ARM.Collect$$libinit$$00000025) for __rt_lib_init_stdio_1
    libinit.o(.ARM.Collect$$libinit$$00000000) refers (Special) to libinit2.o(.ARM.Collect$$libinit$$0000000C) for __rt_lib_init_user_alloc_1
    libspace.o(.text) refers to libspace.o(.bss) for __libspace_start
    rtexit.o(.ARM.Collect$$rtexit$$00000000) refers (Special) to rtexit2.o(.ARM.Collect$$rtexit$$00000004) for __rt_exit_exit
    rtexit.o(.ARM.Collect$$rtexit$$00000000) refers (Special) to rtexit2.o(.ARM.Collect$$rtexit$$00000003) for __rt_exit_ls
    rtexit.o(.ARM.Collect$$rtexit$$00000000) refers (Special) to rtexit2.o(.ARM.Collect$$rtexit$$00000002) for __rt_exit_prels_1
    rtexit.o(.ARM.exidx) refers (Special) to rtexit2.o(.ARM.Collect$$rtexit$$00000004) for __rt_exit_exit
    rtexit.o(.ARM.exidx) refers (Special) to rtexit2.o(.ARM.Collect$$rtexit$$00000003) for __rt_exit_ls
    rtexit.o(.ARM.exidx) refers (Special) to rtexit2.o(.ARM.Collect$$rtexit$$00000002) for __rt_exit_prels_1
    rtexit.o(.ARM.exidx) refers to rtexit.o(.ARM.Collect$$rtexit$$00000000) for .ARM.Collect$$rtexit$$00000000
    libinit2.o(.ARM.Collect$$libinit$$00000010) refers to libinit2.o(.ARM.Collect$$libinit$$0000000F) for .ARM.Collect$$libinit$$0000000F
    libinit2.o(.ARM.Collect$$libinit$$00000012) refers to libinit2.o(.ARM.Collect$$libinit$$0000000F) for .ARM.Collect$$libinit$$0000000F
    libinit2.o(.ARM.Collect$$libinit$$00000014) refers to libinit2.o(.ARM.Collect$$libinit$$0000000F) for .ARM.Collect$$libinit$$0000000F
    libinit2.o(.ARM.Collect$$libinit$$00000016) refers to libinit2.o(.ARM.Collect$$libinit$$0000000F) for .ARM.Collect$$libinit$$0000000F
    libinit2.o(.ARM.Collect$$libinit$$00000018) refers to libinit2.o(.ARM.Collect$$libinit$$0000000F) for .ARM.Collect$$libinit$$0000000F
    libinit2.o(.ARM.Collect$$libinit$$00000026) refers to argv_veneer.o(.emb_text) for __ARM_argv_veneer
    libinit2.o(.ARM.Collect$$libinit$$00000027) refers to argv_veneer.o(.emb_text) for __ARM_argv_veneer
    rtexit2.o(.ARM.Collect$$rtexit$$00000003) refers to libshutdown.o(.ARM.Collect$$libshutdown$$00000000) for __rt_lib_shutdown
    rtexit2.o(.ARM.Collect$$rtexit$$00000004) refers to sys_exit.o(.text) for _sys_exit
    rtexit2.o(.ARM.exidx) refers to rtexit2.o(.ARM.Collect$$rtexit$$00000001) for .ARM.Collect$$rtexit$$00000001
    rtexit2.o(.ARM.exidx) refers to rtexit2.o(.ARM.Collect$$rtexit$$00000003) for .ARM.Collect$$rtexit$$00000003
    rtexit2.o(.ARM.exidx) refers to rtexit2.o(.ARM.Collect$$rtexit$$00000004) for .ARM.Collect$$rtexit$$00000004
    argv_veneer.o(.emb_text) refers to no_argv.o(.text) for __ARM_get_argv
    sys_exit.o(.text) refers (Special) to use_no_semi.o(.text) for __I$use$semihosting
    sys_exit.o(.text) refers (Special) to indicate_semi.o(.text) for __semihosting_library_function
    _get_argv_nomalloc.o(.text) refers (Special) to hrguard.o(.text) for __heap_region$guard
    _get_argv_nomalloc.o(.text) refers to defsig_rtmem_outer.o(.text) for __rt_SIGRTMEM
    _get_argv_nomalloc.o(.text) refers to sys_command.o(.text) for _sys_command_string
    libshutdown.o(.ARM.Collect$$libshutdown$$00000000) refers (Special) to libshutdown2.o(.ARM.Collect$$libshutdown$$00000006) for __rt_lib_shutdown_fp_trap_1
    libshutdown.o(.ARM.Collect$$libshutdown$$00000000) refers (Special) to libshutdown2.o(.ARM.Collect$$libshutdown$$0000000E) for __rt_lib_shutdown_heap_1
    libshutdown.o(.ARM.Collect$$libshutdown$$00000000) refers (Special) to libshutdown2.o(.ARM.Collect$$libshutdown$$0000000F) for __rt_lib_shutdown_return
    libshutdown.o(.ARM.Collect$$libshutdown$$00000000) refers (Special) to libshutdown2.o(.ARM.Collect$$libshutdown$$00000009) for __rt_lib_shutdown_signal_1
    libshutdown.o(.ARM.Collect$$libshutdown$$00000000) refers (Special) to libshutdown2.o(.ARM.Collect$$libshutdown$$00000003) for __rt_lib_shutdown_stdio_1
    libshutdown.o(.ARM.Collect$$libshutdown$$00000000) refers (Special) to libshutdown2.o(.ARM.Collect$$libshutdown$$0000000B) for __rt_lib_shutdown_user_alloc_1
    sys_command.o(.text) refers (Special) to use_no_semi.o(.text) for __I$use$semihosting
    sys_command.o(.text) refers (Special) to indicate_semi.o(.text) for __semihosting_library_function
    defsig_rtmem_outer.o(.text) refers to defsig_rtmem_inner.o(.text) for __rt_SIGRTMEM_inner
    defsig_rtmem_outer.o(.text) refers to defsig_exit.o(.text) for __sig_exit
    defsig_rtmem_formal.o(.text) refers to rt_raise.o(.text) for __rt_raise
    rt_raise.o(.text) refers to __raise.o(.text) for __raise
    rt_raise.o(.text) refers to sys_exit.o(.text) for _sys_exit
    defsig_exit.o(.text) refers to sys_exit.o(.text) for _sys_exit
    defsig_rtmem_inner.o(.text) refers to defsig_general.o(.text) for __default_signal_display
    __raise.o(.text) refers to defsig.o(CL$$defsig) for __default_signal_handler
    defsig_general.o(.text) refers to sys_wrch.o(.text) for _ttywrch
    sys_wrch.o(.text) refers (Special) to use_no_semi.o(.text) for __I$use$semihosting
    sys_wrch.o(.text) refers (Special) to indicate_semi.o(.text) for __semihosting_library_function
    defsig.o(CL$$defsig) refers to defsig_rtmem_inner.o(.text) for __rt_SIGRTMEM_inner
    defsig_abrt_inner.o(.text) refers to defsig_general.o(.text) for __default_signal_display
    defsig_fpe_inner.o(.text) refers to defsig_general.o(.text) for __default_signal_display
    defsig_rtred_inner.o(.text) refers to defsig_general.o(.text) for __default_signal_display
    defsig_stak_inner.o(.text) refers to defsig_general.o(.text) for __default_signal_display
    defsig_pvfn_inner.o(.text) refers to defsig_general.o(.text) for __default_signal_display
    defsig_cppl_inner.o(.text) refers to defsig_general.o(.text) for __default_signal_display
    defsig_segv_inner.o(.text) refers to defsig_general.o(.text) for __default_signal_display
    defsig_other.o(.text) refers to defsig_general.o(.text) for __default_signal_display


==============================================================================

Removing Unused input sections from the image.

    Removing test_gpio.o(.rev16_text), (4 bytes).
    Removing test_gpio.o(.revsh_text), (4 bytes).
    Removing test_gpio.o(.rrx_text), (6 bytes).
    Removing system_elf2.o(.rev16_text), (4 bytes).
    Removing system_elf2.o(.revsh_text), (4 bytes).
    Removing system_elf2.o(.rrx_text), (6 bytes).
    Removing system_elf2.o(i.SystemCoreClockUpdate), (16 bytes).
    Removing segger_rtt.o(i.SEGGER_RTT_AllocDownBuffer), (192 bytes).
    Removing segger_rtt.o(i.SEGGER_RTT_AllocUpBuffer), (192 bytes).
    Removing segger_rtt.o(i.SEGGER_RTT_ConfigDownBuffer), (168 bytes).
    Removing segger_rtt.o(i.SEGGER_RTT_ConfigUpBuffer), (168 bytes).
    Removing segger_rtt.o(i.SEGGER_RTT_GetKey), (32 bytes).
    Removing segger_rtt.o(i.SEGGER_RTT_HasData), (28 bytes).
    Removing segger_rtt.o(i.SEGGER_RTT_HasKey), (40 bytes).
    Removing segger_rtt.o(i.SEGGER_RTT_Init), (8 bytes).
    Removing segger_rtt.o(i.SEGGER_RTT_Read), (56 bytes).
    Removing segger_rtt.o(i.SEGGER_RTT_ReadNoLock), (152 bytes).
    Removing segger_rtt.o(i.SEGGER_RTT_SetFlagsDownBuffer), (84 bytes).
    Removing segger_rtt.o(i.SEGGER_RTT_SetFlagsUpBuffer), (84 bytes).
    Removing segger_rtt.o(i.SEGGER_RTT_SetNameDownBuffer), (84 bytes).
    Removing segger_rtt.o(i.SEGGER_RTT_SetNameUpBuffer), (84 bytes).
    Removing segger_rtt.o(i.SEGGER_RTT_SetTerminal), (156 bytes).
    Removing segger_rtt.o(i.SEGGER_RTT_TerminalOut), (256 bytes).
    Removing segger_rtt.o(i.SEGGER_RTT_WaitKey), (14 bytes).
    Removing segger_rtt.o(i.SEGGER_RTT_WriteSkipNoLock), (184 bytes).
    Removing segger_rtt.o(i.SEGGER_RTT_WriteString), (26 bytes).
    Removing segger_rtt.o(i.SEGGER_RTT_WriteWithOverwriteNoLock), (180 bytes).
    Removing segger_rtt.o(i._PostTerminalSwitch), (36 bytes).
    Removing segger_rtt.o(.data), (17 bytes).
    Removing gpio.o(.rev16_text), (4 bytes).
    Removing gpio.o(.revsh_text), (4 bytes).
    Removing gpio.o(.rrx_text), (6 bytes).
    Removing gpio.o(i.HAL_GPIO_ClrIrq), (20 bytes).
    Removing gpio.o(i.HAL_GPIO_GetDir), (48 bytes).
    Removing gpio.o(i.HAL_GPIO_IntDisable), (32 bytes).
    Removing gpio.o(i.HAL_GPIO_IntEnable), (32 bytes).
    Removing gpio.o(i.HAL_GPIO_IntStatus), (16 bytes).
    Removing gpio.o(i.HAL_GPIO_MaskIrq), (32 bytes).
    Removing gpio.o(i.HAL_GPIO_ReadPin), (48 bytes).
    Removing gpio.o(i.HAL_GPIO_TogglePin), (104 bytes).
    Removing gpio.o(i.HAL_GPIO_TrigBothEdge), (52 bytes).
    Removing gpio.o(i.HAL_GPIO_UnmaskIrq), (32 bytes).
    Removing gpio.o(i.gpio_int_both_edge_setf), (20 bytes).
    Removing gpio.o(i.gpio_int_mask_setf), (20 bytes).
    Removing gpio.o(i.gpio_interruptenable_setf), (20 bytes).
    Removing syscon.o(.rev16_text), (4 bytes).
    Removing syscon.o(.revsh_text), (4 bytes).
    Removing syscon.o(.rrx_text), (6 bytes).
    Removing syscon.o(i.HAL_SYSCON_Clk_Enable), (192 bytes).
    Removing syscon.o(i.HAL_SYSCON_Function_IO_Set), (436 bytes).
    Removing syscon.o(i.HAL_SYSCON_Function_IO_disable_all), (10 bytes).
    Removing syscon.o(i.HAL_SYSCON_GPIO_IO_En), (36 bytes).
    Removing syscon.o(i.HAL_SYSCON_GPIO_Pull_Down), (44 bytes).
    Removing syscon.o(i.HAL_SYSCON_GPIO_Pull_Up), (44 bytes).
    Removing syscon.o(i.HAL_SYSCON_IO_Ctrl_Set), (136 bytes).
    Removing syscon.o(i.HAL_SYSCON_Retention_Enable), (36 bytes).
    Removing syscon.o(i.HAL_SYSCON_SW_Reset), (136 bytes).
    Removing syscon.o(i.HAL_SYSCON_Start_Cap_IO), (28 bytes).
    Removing syscon.o(i.sysc_awo_gpil_pd_setf), (20 bytes).
    Removing syscon.o(i.sysc_awo_gpil_pu_n_setf), (20 bytes).
    Removing syscon.o(i.sysc_awo_sw_clkg_set), (12 bytes).
    Removing syscon.o(i.sysc_awo_sw_rstn_set), (12 bytes).
    Removing syscon.o(i.sysc_cpu_func_en_set), (8 bytes).
    Removing syscon.o(i.sysc_cpu_sw_clkg_set), (8 bytes).
    Removing syscon.o(i.sysc_cpu_sw_rstn_set), (8 bytes).

65 unused section(s) (total 3975 bytes) removed from the image.

==============================================================================

Image Symbol Table

    Local Symbols

    Symbol Name                              Value     Ov Type        Size  Object(Section)

    RESET                                    0x00000000   Section      136  startup_elf2.o(RESET)
    ../clib/angel/boardlib.s                 0x00000000   Number         0  boardinit2.o ABSOLUTE
    ../clib/angel/boardlib.s                 0x00000000   Number         0  boardinit1.o ABSOLUTE
    ../clib/angel/boardlib.s                 0x00000000   Number         0  boardinit3.o ABSOLUTE
    ../clib/angel/boardlib.s                 0x00000000   Number         0  boardshut.o ABSOLUTE
    ../clib/angel/handlers.s                 0x00000000   Number         0  __scatter_zi.o ABSOLUTE
    ../clib/angel/kernel.s                   0x00000000   Number         0  __rtentry4.o ABSOLUTE
    ../clib/angel/kernel.s                   0x00000000   Number         0  rtexit2.o ABSOLUTE
    ../clib/angel/kernel.s                   0x00000000   Number         0  __rtentry2.o ABSOLUTE
    ../clib/angel/kernel.s                   0x00000000   Number         0  __rtentry.o ABSOLUTE
    ../clib/angel/kernel.s                   0x00000000   Number         0  rtexit.o ABSOLUTE
    ../clib/angel/rt.s                       0x00000000   Number         0  rt_raise.o ABSOLUTE
    ../clib/angel/scatter.s                  0x00000000   Number         0  __scatter.o ABSOLUTE
    ../clib/angel/startup.s                  0x00000000   Number         0  __main.o ABSOLUTE
    ../clib/angel/sys.s                      0x00000000   Number         0  indicate_semi.o ABSOLUTE
    ../clib/angel/sys.s                      0x00000000   Number         0  use_no_semi.o ABSOLUTE
    ../clib/angel/sys.s                      0x00000000   Number         0  sys_stackheap_outer.o ABSOLUTE
    ../clib/angel/sys.s                      0x00000000   Number         0  libspace.o ABSOLUTE
    ../clib/angel/sysapp.c                   0x00000000   Number         0  sys_exit.o ABSOLUTE
    ../clib/angel/sysapp.c                   0x00000000   Number         0  sys_command.o ABSOLUTE
    ../clib/angel/sysapp.c                   0x00000000   Number         0  sys_wrch.o ABSOLUTE
    ../clib/armsys.c                         0x00000000   Number         0  argv_veneer.o ABSOLUTE
    ../clib/armsys.c                         0x00000000   Number         0  argv_veneer.o ABSOLUTE
    ../clib/armsys.c                         0x00000000   Number         0  no_argv.o ABSOLUTE
    ../clib/armsys.c                         0x00000000   Number         0  _get_argv_nomalloc.o ABSOLUTE
    ../clib/heapalloc.c                      0x00000000   Number         0  hrguard.o ABSOLUTE
    ../clib/heapaux.c                        0x00000000   Number         0  heapauxi.o ABSOLUTE
    ../clib/libinit.s                        0x00000000   Number         0  libshutdown.o ABSOLUTE
    ../clib/libinit.s                        0x00000000   Number         0  libinit.o ABSOLUTE
    ../clib/libinit.s                        0x00000000   Number         0  libshutdown2.o ABSOLUTE
    ../clib/libinit.s                        0x00000000   Number         0  libinit2.o ABSOLUTE
    ../clib/memcpset.s                       0x00000000   Number         0  rt_memcpy_w.o ABSOLUTE
    ../clib/memcpset.s                       0x00000000   Number         0  rt_memcpy_v6.o ABSOLUTE
    ../clib/printf.c                         0x00000000   Number         0  __printf.o ABSOLUTE
    ../clib/printf.c                         0x00000000   Number         0  _printf_str.o ABSOLUTE
    ../clib/printf.c                         0x00000000   Number         0  _printf_intcommon.o ABSOLUTE
    ../clib/printf.c                         0x00000000   Number         0  _printf_char_common.o ABSOLUTE
    ../clib/printf.c                         0x00000000   Number         0  _printf_dec.o ABSOLUTE
    ../clib/printf.c                         0x00000000   Number         0  __printf_flags.o ABSOLUTE
    ../clib/printf.c                         0x00000000   Number         0  __printf_ss.o ABSOLUTE
    ../clib/printf.c                         0x00000000   Number         0  __printf_flags_ss.o ABSOLUTE
    ../clib/printf.c                         0x00000000   Number         0  __printf_wp.o ABSOLUTE
    ../clib/printf.c                         0x00000000   Number         0  __printf_flags_wp.o ABSOLUTE
    ../clib/printf.c                         0x00000000   Number         0  __printf_ss_wp.o ABSOLUTE
    ../clib/printf.c                         0x00000000   Number         0  _printf_char_file.o ABSOLUTE
    ../clib/printf.c                         0x00000000   Number         0  _printf_char.o ABSOLUTE
    ../clib/printf.c                         0x00000000   Number         0  __printf_flags_ss_wp.o ABSOLUTE
    ../clib/printf.c                         0x00000000   Number         0  __printf_nopercent.o ABSOLUTE
    ../clib/printf.c                         0x00000000   Number         0  __2printf.o ABSOLUTE
    ../clib/printf.c                         0x00000000   Number         0  noretval__2printf.o ABSOLUTE
    ../clib/printf_percent.s                 0x00000000   Number         0  _printf_s.o ABSOLUTE
    ../clib/printf_percent.s                 0x00000000   Number         0  _printf_d.o ABSOLUTE
    ../clib/printf_percent.s                 0x00000000   Number         0  _printf_percent.o ABSOLUTE
    ../clib/printf_percent.s                 0x00000000   Number         0  _printf_percent_end.o ABSOLUTE
    ../clib/signal.c                         0x00000000   Number         0  defsig_other.o ABSOLUTE
    ../clib/signal.c                         0x00000000   Number         0  defsig_rtred_inner.o ABSOLUTE
    ../clib/signal.c                         0x00000000   Number         0  defsig_stak_inner.o ABSOLUTE
    ../clib/signal.c                         0x00000000   Number         0  defsig_rtmem_formal.o ABSOLUTE
    ../clib/signal.c                         0x00000000   Number         0  defsig_exit.o ABSOLUTE
    ../clib/signal.c                         0x00000000   Number         0  defsig_rtmem_inner.o ABSOLUTE
    ../clib/signal.c                         0x00000000   Number         0  __raise.o ABSOLUTE
    ../clib/signal.c                         0x00000000   Number         0  defsig_general.o ABSOLUTE
    ../clib/signal.c                         0x00000000   Number         0  defsig_pvfn_inner.o ABSOLUTE
    ../clib/signal.c                         0x00000000   Number         0  defsig_cppl_inner.o ABSOLUTE
    ../clib/signal.c                         0x00000000   Number         0  defsig_segv_inner.o ABSOLUTE
    ../clib/signal.c                         0x00000000   Number         0  defsig_abrt_inner.o ABSOLUTE
    ../clib/signal.c                         0x00000000   Number         0  defsig_fpe_inner.o ABSOLUTE
    ../clib/signal.c                         0x00000000   Number         0  defsig_rtmem_outer.o ABSOLUTE
    ../clib/signal.s                         0x00000000   Number         0  defsig.o ABSOLUTE
    ../clib/stdio.c                          0x00000000   Number         0  ferror.o ABSOLUTE
    ../clib/stdio.c                          0x00000000   Number         0  ferror_locked.o ABSOLUTE
    ../clib/stdlib.c                         0x00000000   Number         0  exit.o ABSOLUTE
    ../clib/string.c                         0x00000000   Number         0  strcpy.o ABSOLUTE
    ../clib/string.c                         0x00000000   Number         0  strlen.o ABSOLUTE
    ../fplib/fpinit.s                        0x00000000   Number         0  fpinit.o ABSOLUTE
    ..\..\..\ELF2_BSP\Debug\RTT\SEGGER_RTT.c 0x00000000   Number         0  segger_rtt.o ABSOLUTE
    ..\..\..\ELF2_BSP\Debug\RTT\SEGGER_RTT_printf.c 0x00000000   Number         0  segger_rtt_printf.o ABSOLUTE
    ..\..\..\ELF2_BSP\Debug\debug.c          0x00000000   Number         0  debug.o ABSOLUTE
    ..\..\..\ELF2_BSP\Debug\log.c            0x00000000   Number         0  log.o ABSOLUTE
    ..\..\..\ELF2_BSP\Device\ELF2\Source\ARM\startup_elf2.s 0x00000000   Number         0  startup_elf2.o ABSOLUTE
    ..\..\..\ELF2_BSP\Device\ELF2\Source\system_elf2.c 0x00000000   Number         0  system_elf2.o ABSOLUTE
    ..\\..\\..\\ELF2_BSP\\Device\\ELF2\\Source\\system_elf2.c 0x00000000   Number         0  system_elf2.o ABSOLUTE
    ..\\sdk\\src\\soc\\driver\\gpio.c        0x00000000   Number         0  gpio.o ABSOLUTE
    ..\\sdk\\src\\soc\\driver\\syscon.c      0x00000000   Number         0  syscon.o ABSOLUTE
    ..\sdk\src\soc\driver\gpio.c             0x00000000   Number         0  gpio.o ABSOLUTE
    ..\sdk\src\soc\driver\syscon.c           0x00000000   Number         0  syscon.o ABSOLUTE
    dc.s                                     0x00000000   Number         0  dc.o ABSOLUTE
    src\\test_gpio.c                         0x00000000   Number         0  test_gpio.o ABSOLUTE
    src\main.c                               0x00000000   Number         0  main.o ABSOLUTE
    src\test_gpio.c                          0x00000000   Number         0  test_gpio.o ABSOLUTE
    !!!main                                  0x00000088   Section        8  __main.o(!!!main)
    !!!scatter                               0x00000090   Section       52  __scatter.o(!!!scatter)
    !!handler_zi                             0x000000c4   Section       28  __scatter_zi.o(!!handler_zi)
    .ARM.Collect$$_printf_percent$$00000000  0x000000e0   Section        0  _printf_percent.o(.ARM.Collect$$_printf_percent$$00000000)
    .ARM.Collect$$_printf_percent$$00000009  0x000000e0   Section        6  _printf_d.o(.ARM.Collect$$_printf_percent$$00000009)
    .ARM.Collect$$_printf_percent$$00000014  0x000000e6   Section        6  _printf_s.o(.ARM.Collect$$_printf_percent$$00000014)
    .ARM.Collect$$_printf_percent$$00000017  0x000000ec   Section        4  _printf_percent_end.o(.ARM.Collect$$_printf_percent$$00000017)
    .ARM.Collect$$libinit$$00000000          0x000000f0   Section        2  libinit.o(.ARM.Collect$$libinit$$00000000)
    .ARM.Collect$$libinit$$00000002          0x000000f2   Section        0  libinit2.o(.ARM.Collect$$libinit$$00000002)
    .ARM.Collect$$libinit$$00000004          0x000000f2   Section        0  libinit2.o(.ARM.Collect$$libinit$$00000004)
    .ARM.Collect$$libinit$$0000000A          0x000000f2   Section        0  libinit2.o(.ARM.Collect$$libinit$$0000000A)
    .ARM.Collect$$libinit$$0000000C          0x000000f2   Section        0  libinit2.o(.ARM.Collect$$libinit$$0000000C)
    .ARM.Collect$$libinit$$0000000E          0x000000f2   Section        0  libinit2.o(.ARM.Collect$$libinit$$0000000E)
    .ARM.Collect$$libinit$$00000011          0x000000f2   Section        0  libinit2.o(.ARM.Collect$$libinit$$00000011)
    .ARM.Collect$$libinit$$00000013          0x000000f2   Section        0  libinit2.o(.ARM.Collect$$libinit$$00000013)
    .ARM.Collect$$libinit$$00000015          0x000000f2   Section        0  libinit2.o(.ARM.Collect$$libinit$$00000015)
    .ARM.Collect$$libinit$$00000017          0x000000f2   Section        0  libinit2.o(.ARM.Collect$$libinit$$00000017)
    .ARM.Collect$$libinit$$00000019          0x000000f2   Section        0  libinit2.o(.ARM.Collect$$libinit$$00000019)
    .ARM.Collect$$libinit$$0000001B          0x000000f2   Section        0  libinit2.o(.ARM.Collect$$libinit$$0000001B)
    .ARM.Collect$$libinit$$0000001D          0x000000f2   Section        0  libinit2.o(.ARM.Collect$$libinit$$0000001D)
    .ARM.Collect$$libinit$$0000001F          0x000000f2   Section        0  libinit2.o(.ARM.Collect$$libinit$$0000001F)
    .ARM.Collect$$libinit$$00000021          0x000000f2   Section        0  libinit2.o(.ARM.Collect$$libinit$$00000021)
    .ARM.Collect$$libinit$$00000023          0x000000f2   Section        0  libinit2.o(.ARM.Collect$$libinit$$00000023)
    .ARM.Collect$$libinit$$00000025          0x000000f2   Section        0  libinit2.o(.ARM.Collect$$libinit$$00000025)
    .ARM.Collect$$libinit$$0000002C          0x000000f2   Section        0  libinit2.o(.ARM.Collect$$libinit$$0000002C)
    .ARM.Collect$$libinit$$0000002E          0x000000f2   Section        0  libinit2.o(.ARM.Collect$$libinit$$0000002E)
    .ARM.Collect$$libinit$$00000030          0x000000f2   Section        0  libinit2.o(.ARM.Collect$$libinit$$00000030)
    .ARM.Collect$$libinit$$00000032          0x000000f2   Section        0  libinit2.o(.ARM.Collect$$libinit$$00000032)
    .ARM.Collect$$libinit$$00000033          0x000000f2   Section        2  libinit2.o(.ARM.Collect$$libinit$$00000033)
    .ARM.Collect$$libshutdown$$00000000      0x000000f4   Section        2  libshutdown.o(.ARM.Collect$$libshutdown$$00000000)
    .ARM.Collect$$libshutdown$$00000003      0x000000f6   Section        0  libshutdown2.o(.ARM.Collect$$libshutdown$$00000003)
    .ARM.Collect$$libshutdown$$00000006      0x000000f6   Section        0  libshutdown2.o(.ARM.Collect$$libshutdown$$00000006)
    .ARM.Collect$$libshutdown$$00000009      0x000000f6   Section        0  libshutdown2.o(.ARM.Collect$$libshutdown$$00000009)
    .ARM.Collect$$libshutdown$$0000000B      0x000000f6   Section        0  libshutdown2.o(.ARM.Collect$$libshutdown$$0000000B)
    .ARM.Collect$$libshutdown$$0000000E      0x000000f6   Section        0  libshutdown2.o(.ARM.Collect$$libshutdown$$0000000E)
    .ARM.Collect$$libshutdown$$0000000F      0x000000f6   Section        2  libshutdown2.o(.ARM.Collect$$libshutdown$$0000000F)
    .ARM.Collect$$rtentry$$00000000          0x000000f8   Section        0  __rtentry.o(.ARM.Collect$$rtentry$$00000000)
    .ARM.Collect$$rtentry$$00000002          0x000000f8   Section        0  __rtentry2.o(.ARM.Collect$$rtentry$$00000002)
    .ARM.Collect$$rtentry$$00000004          0x000000f8   Section        6  __rtentry4.o(.ARM.Collect$$rtentry$$00000004)
    .ARM.Collect$$rtentry$$00000009          0x000000fe   Section        0  __rtentry2.o(.ARM.Collect$$rtentry$$00000009)
    .ARM.Collect$$rtentry$$0000000A          0x000000fe   Section        4  __rtentry2.o(.ARM.Collect$$rtentry$$0000000A)
    .ARM.Collect$$rtentry$$0000000C          0x00000102   Section        0  __rtentry2.o(.ARM.Collect$$rtentry$$0000000C)
    .ARM.Collect$$rtentry$$0000000D          0x00000102   Section        8  __rtentry2.o(.ARM.Collect$$rtentry$$0000000D)
    .ARM.Collect$$rtexit$$00000000           0x0000010a   Section        2  rtexit.o(.ARM.Collect$$rtexit$$00000000)
    .ARM.Collect$$rtexit$$00000002           0x0000010c   Section        0  rtexit2.o(.ARM.Collect$$rtexit$$00000002)
    .ARM.Collect$$rtexit$$00000003           0x0000010c   Section        4  rtexit2.o(.ARM.Collect$$rtexit$$00000003)
    .ARM.Collect$$rtexit$$00000004           0x00000110   Section        6  rtexit2.o(.ARM.Collect$$rtexit$$00000004)
    .text                                    0x00000118   Section       64  startup_elf2.o(.text)
    .text                                    0x00000158   Section        0  noretval__2printf.o(.text)
    .text                                    0x00000170   Section        0  __printf.o(.text)
    .text                                    0x000001d8   Section        0  _printf_str.o(.text)
    .text                                    0x0000022c   Section        0  _printf_dec.o(.text)
    .text                                    0x000002a4   Section        0  strcpy.o(.text)
    .text                                    0x000002ec   Section      138  rt_memcpy_v6.o(.text)
    .text                                    0x00000376   Section        0  heapauxi.o(.text)
    .text                                    0x0000037c   Section        0  _printf_intcommon.o(.text)
    .text                                    0x0000042e   Section        0  _printf_char.o(.text)
    .text                                    0x0000045c   Section        0  _printf_char_file.o(.text)
    .text                                    0x00000480   Section      100  rt_memcpy_w.o(.text)
    .text                                    0x000004e4   Section        0  _printf_char_common.o(.text)
    _printf_input_char                       0x000004e5   Thumb Code    10  _printf_char_common.o(.text)
    .text                                    0x00000514   Section        0  ferror.o(.text)
    .text                                    0x0000051c   Section       74  sys_stackheap_outer.o(.text)
    .text                                    0x00000566   Section        0  exit.o(.text)
    .text                                    0x00000574   Section        8  libspace.o(.text)
    .text                                    0x0000057c   Section        0  sys_exit.o(.text)
    .text                                    0x00000588   Section        2  use_no_semi.o(.text)
    .text                                    0x0000058a   Section        0  indicate_semi.o(.text)
    i.HAL_GPIO_Init                          0x0000058a   Section        0  gpio.o(i.HAL_GPIO_Init)
    i.HAL_GPIO_SetDebounce                   0x000005c4   Section        0  gpio.o(i.HAL_GPIO_SetDebounce)
    i.HAL_GPIO_SetDir                        0x000005fc   Section        0  gpio.o(i.HAL_GPIO_SetDir)
    i.HAL_GPIO_SetPly                        0x00000670   Section        0  gpio.o(i.HAL_GPIO_SetPly)
    HAL_GPIO_SetPly                          0x00000671   Thumb Code    50  gpio.o(i.HAL_GPIO_SetPly)
    i.HAL_GPIO_TrigType                      0x000006a8   Section        0  gpio.o(i.HAL_GPIO_TrigType)
    i.HAL_GPIO_WritePin                      0x0000070c   Section        0  gpio.o(i.HAL_GPIO_WritePin)
    i.HAL_GPIO_setIrqLevel                   0x00000768   Section        0  gpio.o(i.HAL_GPIO_setIrqLevel)
    HAL_GPIO_setIrqLevel                     0x00000769   Thumb Code    50  gpio.o(i.HAL_GPIO_setIrqLevel)
    i.HAL_SYSCON_HCLK_Src_Sel                0x000007a0   Section        0  syscon.o(i.HAL_SYSCON_HCLK_Src_Sel)
    i.HAL_SYSCON_Set_HClk_Div                0x000007b8   Section        0  syscon.o(i.HAL_SYSCON_Set_HClk_Div)
    i.HAL_SYSCON_Set_PClk0_Div               0x00000824   Section        0  syscon.o(i.HAL_SYSCON_Set_PClk0_Div)
    i.HAL_SYSCON_Set_PClk1_Div               0x00000894   Section        0  syscon.o(i.HAL_SYSCON_Set_PClk1_Div)
    i.HAL_SYSCON_Set_RTC_Div                 0x00000900   Section        0  syscon.o(i.HAL_SYSCON_Set_RTC_Div)
    i.SEGGER_RTT_Write                       0x000009c0   Section        0  segger_rtt.o(i.SEGGER_RTT_Write)
    i.SEGGER_RTT_WriteNoLock                 0x00000a08   Section        0  segger_rtt.o(i.SEGGER_RTT_WriteNoLock)
    i.SEGGER_RTT_printf                      0x00000a8c   Section        0  segger_rtt_printf.o(i.SEGGER_RTT_printf)
    i.SEGGER_RTT_vprintf                     0x00000aae   Section        0  segger_rtt_printf.o(i.SEGGER_RTT_vprintf)
    i.SystemInit                             0x00000cb8   Section        0  system_elf2.o(i.SystemInit)
    i._DoInit                                0x00000d08   Section        0  segger_rtt.o(i._DoInit)
    _DoInit                                  0x00000d09   Thumb Code    74  segger_rtt.o(i._DoInit)
    i._GetAvailWriteSpace                    0x00000d78   Section        0  segger_rtt.o(i._GetAvailWriteSpace)
    _GetAvailWriteSpace                      0x00000d79   Thumb Code    28  segger_rtt.o(i._GetAvailWriteSpace)
    i._PrintInt                              0x00000d94   Section        0  segger_rtt_printf.o(i._PrintInt)
    _PrintInt                                0x00000d95   Thumb Code   236  segger_rtt_printf.o(i._PrintInt)
    i._PrintUnsigned                         0x00000e80   Section        0  segger_rtt_printf.o(i._PrintUnsigned)
    _PrintUnsigned                           0x00000e81   Thumb Code   230  segger_rtt_printf.o(i._PrintUnsigned)
    i._StoreChar                             0x00000f6c   Section        0  segger_rtt_printf.o(i._StoreChar)
    _StoreChar                               0x00000f6d   Thumb Code    68  segger_rtt_printf.o(i._StoreChar)
    i._WriteBlocking                         0x00000fb0   Section        0  segger_rtt.o(i._WriteBlocking)
    _WriteBlocking                           0x00000fb1   Thumb Code   114  segger_rtt.o(i._WriteBlocking)
    i._WriteNoCheck                          0x00001022   Section        0  segger_rtt.o(i._WriteNoCheck)
    _WriteNoCheck                            0x00001023   Thumb Code    76  segger_rtt.o(i._WriteNoCheck)
    i.__aeabi_assert                         0x00001070   Section        0  debug.o(i.__aeabi_assert)
    i.delay                                  0x000010b0   Section        0  system_elf2.o(i.delay)
    delay                                    0x000010b1   Thumb Code    24  system_elf2.o(i.delay)
    i.fputc                                  0x000010c8   Section        0  log.o(i.fputc)
    i.gpio_portadataregister_setf            0x000010dc   Section        0  gpio.o(i.gpio_portadataregister_setf)
    gpio_portadataregister_setf              0x000010dd   Thumb Code    14  gpio.o(i.gpio_portadataregister_setf)
    i.gpio_portbdataregister_setf            0x000010f0   Section        0  gpio.o(i.gpio_portbdataregister_setf)
    gpio_portbdataregister_setf              0x000010f1   Thumb Code    14  gpio.o(i.gpio_portbdataregister_setf)
    i.main                                   0x00001104   Section        0  main.o(i.main)
    i.sysc_awo_div_update_set                0x0000112c   Section        0  syscon.o(i.sysc_awo_div_update_set)
    sysc_awo_div_update_set                  0x0000112d   Thumb Code     6  syscon.o(i.sysc_awo_div_update_set)
    i.sysc_awo_rtc_div_para_m1_setf          0x00001138   Section        0  syscon.o(i.sysc_awo_rtc_div_para_m1_setf)
    sysc_awo_rtc_div_para_m1_setf            0x00001139   Thumb Code    14  syscon.o(i.sysc_awo_rtc_div_para_m1_setf)
    i.test_gpio                              0x0000114c   Section        0  test_gpio.o(i.test_gpio)
    .constdata                               0x0000128c   Section       16  segger_rtt_printf.o(.constdata)
    _aV2C                                    0x0000128c   Data          16  segger_rtt_printf.o(.constdata)
    .data                                    0x000012ac   Section        4  system_elf2.o(.data)
    .data                                    0x000012b0   Section        4  log.o(.data)
    .bss                                     0x000012b4   Section     1208  segger_rtt.o(.bss)
    _acUpBuffer                              0x0000135c   Data        1024  segger_rtt.o(.bss)
    _acDownBuffer                            0x0000175c   Data          16  segger_rtt.o(.bss)
    .bss                                     0x0000176c   Section       96  libspace.o(.bss)
    HEAP                                     0x000017d0   Section      256  startup_elf2.o(HEAP)
    Heap_Mem                                 0x000017d0   Data         256  startup_elf2.o(HEAP)
    STACK                                    0x000018d0   Section     1024  startup_elf2.o(STACK)
    Stack_Mem                                0x000018d0   Data        1024  startup_elf2.o(STACK)
    __initial_sp                             0x00001cd0   Data           0  startup_elf2.o(STACK)

    Global Symbols

    Symbol Name                              Value     Ov Type        Size  Object(Section)

    BuildAttributes$$THM_ISAv4$P$D$K$B$S$PE$A:L22UL41UL21$X:L11$S22US41US21$IEEE1$IW$USESV6$~STKCKD$USESV7$~SHL$OSPACE$ROPI$EBA8$UX$STANDARDLIB$REQ8$PRES8$EABIv2 0x00000000   Number         0  anon$$obj.o ABSOLUTE
    __ARM_use_no_argv                        0x00000000   Number         0  main.o ABSOLUTE
    __Vectors                                0x00000000   Data           4  startup_elf2.o(RESET)
    __ARM_exceptions_init                     - Undefined Weak Reference
    __alloca_initialize                       - Undefined Weak Reference
    __arm_preinit_                            - Undefined Weak Reference
    __cpp_initialize__aeabi_                  - Undefined Weak Reference
    __cxa_finalize                            - Undefined Weak Reference
    __rt_locale                               - Undefined Weak Reference
    __sigvec_lookup                           - Undefined Weak Reference
    _atexit_init                              - Undefined Weak Reference
    _call_atexit_fns                          - Undefined Weak Reference
    _clock_init                               - Undefined Weak Reference
    _fp_trap_init                             - Undefined Weak Reference
    _fp_trap_shutdown                         - Undefined Weak Reference
    _get_lc_collate                           - Undefined Weak Reference
    _get_lc_ctype                             - Undefined Weak Reference
    _get_lc_monetary                          - Undefined Weak Reference
    _get_lc_numeric                           - Undefined Weak Reference
    _get_lc_time                              - Undefined Weak Reference
    _getenv_init                              - Undefined Weak Reference
    _handle_redirection                       - Undefined Weak Reference
    _init_alloc                               - Undefined Weak Reference
    _init_user_alloc                          - Undefined Weak Reference
    _initio                                   - Undefined Weak Reference
    _mutex_acquire                            - Undefined Weak Reference
    _mutex_release                            - Undefined Weak Reference
    _printf_mbtowc                            - Undefined Weak Reference
    _printf_post_padding                      - Undefined Weak Reference
    _printf_pre_padding                       - Undefined Weak Reference
    _printf_truncate_signed                   - Undefined Weak Reference
    _printf_truncate_unsigned                 - Undefined Weak Reference
    _rand_init                                - Undefined Weak Reference
    _signal_finish                            - Undefined Weak Reference
    _signal_init                              - Undefined Weak Reference
    _terminate_alloc                          - Undefined Weak Reference
    _terminate_user_alloc                     - Undefined Weak Reference
    _terminateio                              - Undefined Weak Reference
    __Vectors_End                            0x00000088   Data           0  startup_elf2.o(RESET)
    __Vectors_Size                           0x00000088   Number         0  startup_elf2.o ABSOLUTE
    __main                                   0x00000089   Thumb Code     8  __main.o(!!!main)
    __scatterload                            0x00000091   Thumb Code     0  __scatter.o(!!!scatter)
    __scatterload_rt2                        0x00000091   Thumb Code    44  __scatter.o(!!!scatter)
    __scatterload_rt2_thumb_only             0x00000091   Thumb Code     0  __scatter.o(!!!scatter)
    __scatterload_null                       0x0000009f   Thumb Code     0  __scatter.o(!!!scatter)
    __scatterload_zeroinit                   0x000000c5   Thumb Code    28  __scatter_zi.o(!!handler_zi)
    _printf_d                                0x000000e1   Thumb Code     0  _printf_d.o(.ARM.Collect$$_printf_percent$$00000009)
    _printf_percent                          0x000000e1   Thumb Code     0  _printf_percent.o(.ARM.Collect$$_printf_percent$$00000000)
    _printf_s                                0x000000e7   Thumb Code     0  _printf_s.o(.ARM.Collect$$_printf_percent$$00000014)
    _printf_percent_end                      0x000000ed   Thumb Code     0  _printf_percent_end.o(.ARM.Collect$$_printf_percent$$00000017)
    __rt_lib_init                            0x000000f1   Thumb Code     0  libinit.o(.ARM.Collect$$libinit$$00000000)
    __rt_lib_init_alloca_1                   0x000000f3   Thumb Code     0  libinit2.o(.ARM.Collect$$libinit$$0000002E)
    __rt_lib_init_argv_1                     0x000000f3   Thumb Code     0  libinit2.o(.ARM.Collect$$libinit$$0000002C)
    __rt_lib_init_atexit_1                   0x000000f3   Thumb Code     0  libinit2.o(.ARM.Collect$$libinit$$0000001B)
    __rt_lib_init_clock_1                    0x000000f3   Thumb Code     0  libinit2.o(.ARM.Collect$$libinit$$00000021)
    __rt_lib_init_cpp_1                      0x000000f3   Thumb Code     0  libinit2.o(.ARM.Collect$$libinit$$00000032)
    __rt_lib_init_exceptions_1               0x000000f3   Thumb Code     0  libinit2.o(.ARM.Collect$$libinit$$00000030)
    __rt_lib_init_fp_1                       0x000000f3   Thumb Code     0  libinit2.o(.ARM.Collect$$libinit$$00000002)
    __rt_lib_init_fp_trap_1                  0x000000f3   Thumb Code     0  libinit2.o(.ARM.Collect$$libinit$$0000001F)
    __rt_lib_init_getenv_1                   0x000000f3   Thumb Code     0  libinit2.o(.ARM.Collect$$libinit$$00000023)
    __rt_lib_init_heap_1                     0x000000f3   Thumb Code     0  libinit2.o(.ARM.Collect$$libinit$$0000000A)
    __rt_lib_init_lc_collate_1               0x000000f3   Thumb Code     0  libinit2.o(.ARM.Collect$$libinit$$00000011)
    __rt_lib_init_lc_ctype_1                 0x000000f3   Thumb Code     0  libinit2.o(.ARM.Collect$$libinit$$00000013)
    __rt_lib_init_lc_monetary_1              0x000000f3   Thumb Code     0  libinit2.o(.ARM.Collect$$libinit$$00000015)
    __rt_lib_init_lc_numeric_1               0x000000f3   Thumb Code     0  libinit2.o(.ARM.Collect$$libinit$$00000017)
    __rt_lib_init_lc_time_1                  0x000000f3   Thumb Code     0  libinit2.o(.ARM.Collect$$libinit$$00000019)
    __rt_lib_init_preinit_1                  0x000000f3   Thumb Code     0  libinit2.o(.ARM.Collect$$libinit$$00000004)
    __rt_lib_init_rand_1                     0x000000f3   Thumb Code     0  libinit2.o(.ARM.Collect$$libinit$$0000000E)
    __rt_lib_init_return                     0x000000f3   Thumb Code     0  libinit2.o(.ARM.Collect$$libinit$$00000033)
    __rt_lib_init_signal_1                   0x000000f3   Thumb Code     0  libinit2.o(.ARM.Collect$$libinit$$0000001D)
    __rt_lib_init_stdio_1                    0x000000f3   Thumb Code     0  libinit2.o(.ARM.Collect$$libinit$$00000025)
    __rt_lib_init_user_alloc_1               0x000000f3   Thumb Code     0  libinit2.o(.ARM.Collect$$libinit$$0000000C)
    __rt_lib_shutdown                        0x000000f5   Thumb Code     0  libshutdown.o(.ARM.Collect$$libshutdown$$00000000)
    __rt_lib_shutdown_fp_trap_1              0x000000f7   Thumb Code     0  libshutdown2.o(.ARM.Collect$$libshutdown$$00000006)
    __rt_lib_shutdown_heap_1                 0x000000f7   Thumb Code     0  libshutdown2.o(.ARM.Collect$$libshutdown$$0000000E)
    __rt_lib_shutdown_return                 0x000000f7   Thumb Code     0  libshutdown2.o(.ARM.Collect$$libshutdown$$0000000F)
    __rt_lib_shutdown_signal_1               0x000000f7   Thumb Code     0  libshutdown2.o(.ARM.Collect$$libshutdown$$00000009)
    __rt_lib_shutdown_stdio_1                0x000000f7   Thumb Code     0  libshutdown2.o(.ARM.Collect$$libshutdown$$00000003)
    __rt_lib_shutdown_user_alloc_1           0x000000f7   Thumb Code     0  libshutdown2.o(.ARM.Collect$$libshutdown$$0000000B)
    __rt_entry                               0x000000f9   Thumb Code     0  __rtentry.o(.ARM.Collect$$rtentry$$00000000)
    __rt_entry_presh_1                       0x000000f9   Thumb Code     0  __rtentry2.o(.ARM.Collect$$rtentry$$00000002)
    __rt_entry_sh                            0x000000f9   Thumb Code     0  __rtentry4.o(.ARM.Collect$$rtentry$$00000004)
    __rt_entry_li                            0x000000ff   Thumb Code     0  __rtentry2.o(.ARM.Collect$$rtentry$$0000000A)
    __rt_entry_postsh_1                      0x000000ff   Thumb Code     0  __rtentry2.o(.ARM.Collect$$rtentry$$00000009)
    __rt_entry_main                          0x00000103   Thumb Code     0  __rtentry2.o(.ARM.Collect$$rtentry$$0000000D)
    __rt_entry_postli_1                      0x00000103   Thumb Code     0  __rtentry2.o(.ARM.Collect$$rtentry$$0000000C)
    __rt_exit                                0x0000010b   Thumb Code     0  rtexit.o(.ARM.Collect$$rtexit$$00000000)
    __rt_exit_ls                             0x0000010d   Thumb Code     0  rtexit2.o(.ARM.Collect$$rtexit$$00000003)
    __rt_exit_prels_1                        0x0000010d   Thumb Code     0  rtexit2.o(.ARM.Collect$$rtexit$$00000002)
    __rt_exit_exit                           0x00000111   Thumb Code     0  rtexit2.o(.ARM.Collect$$rtexit$$00000004)
    Reset_Handler                            0x00000119   Thumb Code     8  startup_elf2.o(.text)
    NMI_Handler                              0x00000121   Thumb Code     2  startup_elf2.o(.text)
    HardFault_Handler                        0x00000123   Thumb Code     2  startup_elf2.o(.text)
    MemManage_Handler                        0x00000125   Thumb Code     2  startup_elf2.o(.text)
    BusFault_Handler                         0x00000127   Thumb Code     2  startup_elf2.o(.text)
    UsageFault_Handler                       0x00000129   Thumb Code     2  startup_elf2.o(.text)
    SVC_Handler                              0x0000012b   Thumb Code     2  startup_elf2.o(.text)
    DebugMon_Handler                         0x0000012d   Thumb Code     2  startup_elf2.o(.text)
    PendSV_Handler                           0x0000012f   Thumb Code     2  startup_elf2.o(.text)
    SysTick_Handler                          0x00000131   Thumb Code     2  startup_elf2.o(.text)
    ADCC0_IRQHandler                         0x00000133   Thumb Code     0  startup_elf2.o(.text)
    ADCC1_IRQHandler                         0x00000133   Thumb Code     0  startup_elf2.o(.text)
    ADCC2_IRQHandler                         0x00000133   Thumb Code     0  startup_elf2.o(.text)
    ADCC3_IRQHandler                         0x00000133   Thumb Code     0  startup_elf2.o(.text)
    ADCC4_IRQHandler                         0x00000133   Thumb Code     0  startup_elf2.o(.text)
    ADCC5_IRQHandler                         0x00000133   Thumb Code     0  startup_elf2.o(.text)
    DMAC_IRQHandler                          0x00000133   Thumb Code     0  startup_elf2.o(.text)
    EXT_IRQHandler                           0x00000133   Thumb Code     0  startup_elf2.o(.text)
    GPIO_IRQHandler                          0x00000133   Thumb Code     0  startup_elf2.o(.text)
    I2C0_IRQHandler                          0x00000133   Thumb Code     0  startup_elf2.o(.text)
    I2C1_IRQHandler                          0x00000133   Thumb Code     0  startup_elf2.o(.text)
    I2S_IRQHandler                           0x00000133   Thumb Code     0  startup_elf2.o(.text)
    QSPI_IRQHandler                          0x00000133   Thumb Code     0  startup_elf2.o(.text)
    RTC_IRQHandler                           0x00000133   Thumb Code     0  startup_elf2.o(.text)
    SPIM_IRQHandler                          0x00000133   Thumb Code     0  startup_elf2.o(.text)
    TIMER_IRQHandler                         0x00000133   Thumb Code     0  startup_elf2.o(.text)
    UART_IRQHandler                          0x00000133   Thumb Code     0  startup_elf2.o(.text)
    WDT_IRQHandler                           0x00000133   Thumb Code     0  startup_elf2.o(.text)
    __user_initial_stackheap                 0x00000135   Thumb Code    10  startup_elf2.o(.text)
    __2printf                                0x00000159   Thumb Code    20  noretval__2printf.o(.text)
    __printf                                 0x00000171   Thumb Code   104  __printf.o(.text)
    _printf_str                              0x000001d9   Thumb Code    82  _printf_str.o(.text)
    _printf_int_dec                          0x0000022d   Thumb Code   104  _printf_dec.o(.text)
    strcpy                                   0x000002a5   Thumb Code    72  strcpy.o(.text)
    __aeabi_memcpy                           0x000002ed   Thumb Code     0  rt_memcpy_v6.o(.text)
    __rt_memcpy                              0x000002ed   Thumb Code   138  rt_memcpy_v6.o(.text)
    _memcpy_lastbytes                        0x00000353   Thumb Code     0  rt_memcpy_v6.o(.text)
    __use_two_region_memory                  0x00000377   Thumb Code     2  heapauxi.o(.text)
    __rt_heap_escrow$2region                 0x00000379   Thumb Code     2  heapauxi.o(.text)
    __rt_heap_expand$2region                 0x0000037b   Thumb Code     2  heapauxi.o(.text)
    _printf_int_common                       0x0000037d   Thumb Code   178  _printf_intcommon.o(.text)
    _printf_cs_common                        0x0000042f   Thumb Code    20  _printf_char.o(.text)
    _printf_char                             0x00000443   Thumb Code    16  _printf_char.o(.text)
    _printf_string                           0x00000453   Thumb Code     8  _printf_char.o(.text)
    _printf_char_file                        0x0000045d   Thumb Code    32  _printf_char_file.o(.text)
    __aeabi_memcpy4                          0x00000481   Thumb Code     0  rt_memcpy_w.o(.text)
    __aeabi_memcpy8                          0x00000481   Thumb Code     0  rt_memcpy_w.o(.text)
    __rt_memcpy_w                            0x00000481   Thumb Code   100  rt_memcpy_w.o(.text)
    _memcpy_lastbytes_aligned                0x000004c9   Thumb Code     0  rt_memcpy_w.o(.text)
    _printf_char_common                      0x000004ef   Thumb Code    32  _printf_char_common.o(.text)
    ferror                                   0x00000515   Thumb Code     8  ferror.o(.text)
    __user_setup_stackheap                   0x0000051d   Thumb Code    74  sys_stackheap_outer.o(.text)
    exit                                     0x00000567   Thumb Code    12  exit.o(.text)
    __user_libspace                          0x00000575   Thumb Code     8  libspace.o(.text)
    __user_perproc_libspace                  0x00000575   Thumb Code     0  libspace.o(.text)
    __user_perthread_libspace                0x00000575   Thumb Code     0  libspace.o(.text)
    _sys_exit                                0x0000057d   Thumb Code     8  sys_exit.o(.text)
    __I$use$semihosting                      0x00000589   Thumb Code     0  use_no_semi.o(.text)
    __use_no_semihosting_swi                 0x00000589   Thumb Code     2  use_no_semi.o(.text)
    HAL_GPIO_Init                            0x0000058b   Thumb Code    56  gpio.o(i.HAL_GPIO_Init)
    __semihosting_library_function           0x0000058b   Thumb Code     0  indicate_semi.o(.text)
    HAL_GPIO_SetDebounce                     0x000005c5   Thumb Code    50  gpio.o(i.HAL_GPIO_SetDebounce)
    HAL_GPIO_SetDir                          0x000005fd   Thumb Code   112  gpio.o(i.HAL_GPIO_SetDir)
    HAL_GPIO_TrigType                        0x000006a9   Thumb Code    98  gpio.o(i.HAL_GPIO_TrigType)
    HAL_GPIO_WritePin                        0x0000070d   Thumb Code    88  gpio.o(i.HAL_GPIO_WritePin)
    HAL_SYSCON_HCLK_Src_Sel                  0x000007a1   Thumb Code    18  syscon.o(i.HAL_SYSCON_HCLK_Src_Sel)
    HAL_SYSCON_Set_HClk_Div                  0x000007b9   Thumb Code    48  syscon.o(i.HAL_SYSCON_Set_HClk_Div)
    HAL_SYSCON_Set_PClk0_Div                 0x00000825   Thumb Code    54  syscon.o(i.HAL_SYSCON_Set_PClk0_Div)
    HAL_SYSCON_Set_PClk1_Div                 0x00000895   Thumb Code    48  syscon.o(i.HAL_SYSCON_Set_PClk1_Div)
    HAL_SYSCON_Set_RTC_Div                   0x00000901   Thumb Code    90  syscon.o(i.HAL_SYSCON_Set_RTC_Div)
    SEGGER_RTT_Write                         0x000009c1   Thumb Code    68  segger_rtt.o(i.SEGGER_RTT_Write)
    SEGGER_RTT_WriteNoLock                   0x00000a09   Thumb Code   126  segger_rtt.o(i.SEGGER_RTT_WriteNoLock)
    SEGGER_RTT_printf                        0x00000a8d   Thumb Code    34  segger_rtt_printf.o(i.SEGGER_RTT_printf)
    SEGGER_RTT_vprintf                       0x00000aaf   Thumb Code   522  segger_rtt_printf.o(i.SEGGER_RTT_vprintf)
    SystemInit                               0x00000cb9   Thumb Code    66  system_elf2.o(i.SystemInit)
    __aeabi_assert                           0x00001071   Thumb Code    24  debug.o(i.__aeabi_assert)
    fputc                                    0x000010c9   Thumb Code    18  log.o(i.fputc)
    main                                     0x00001105   Thumb Code    16  main.o(i.main)
    test_gpio                                0x0000114d   Thumb Code   210  test_gpio.o(i.test_gpio)
    Region$$Table$$Base                      0x0000129c   Number         0  anon$$obj.o(Region$$Table)
    Region$$Table$$Limit                     0x000012ac   Number         0  anon$$obj.o(Region$$Table)
    SystemCoreClock                          0x000012ac   Data           4  system_elf2.o(.data)
    __stdout                                 0x000012b0   Data           4  log.o(.data)
    _SEGGER_RTT                              0x000012b4   Data         168  segger_rtt.o(.bss)
    __libspace_start                         0x0000176c   Data          96  libspace.o(.bss)
    __temporary_stack_top$libspace           0x000017cc   Data           0  libspace.o(.bss)



==============================================================================

Memory Map of the image

  Image Entry point : 0x00000089

  Load Region LR_IRAM1 (Base: 0x00000000, Size: 0x000012b4, Max: 0xffffffff, ABSOLUTE)

    Execution Region RO_IRAM1 (Base: 0x00000000, Size: 0x00000088, Max: 0xffffffff, ABSOLUTE)

    Base Addr    Size         Type   Attr      Idx    E Section Name        Object

    0x00000000   0x00000088   Data   RO          113    RESET               startup_elf2.o


    Execution Region INT_CALLBACK_TBL (Base: 0x00000088, Size: 0x00000000, Max: 0xffffffff, ABSOLUTE)

    **** No section assigned to this execution region ****


    Execution Region RO_IRAM2 (Base: 0x00000088, Size: 0x00001c48, Max: 0xffffffff, ABSOLUTE)

    Base Addr    Size         Type   Attr      Idx    E Section Name        Object

    0x00000088   0x00000008   Code   RO          843  * !!!main             c_w.l(__main.o)
    0x00000090   0x00000034   Code   RO         1016    !!!scatter          c_w.l(__scatter.o)
    0x000000c4   0x0000001c   Code   RO         1018    !!handler_zi        c_w.l(__scatter_zi.o)
    0x000000e0   0x00000000   Code   RO          834    .ARM.Collect$$_printf_percent$$00000000  c_w.l(_printf_percent.o)
    0x000000e0   0x00000006   Code   RO          833    .ARM.Collect$$_printf_percent$$00000009  c_w.l(_printf_d.o)
    0x000000e6   0x00000006   Code   RO          832    .ARM.Collect$$_printf_percent$$00000014  c_w.l(_printf_s.o)
    0x000000ec   0x00000004   Code   RO          852    .ARM.Collect$$_printf_percent$$00000017  c_w.l(_printf_percent_end.o)
    0x000000f0   0x00000002   Code   RO          887    .ARM.Collect$$libinit$$00000000  c_w.l(libinit.o)
    0x000000f2   0x00000000   Code   RO          894    .ARM.Collect$$libinit$$00000002  c_w.l(libinit2.o)
    0x000000f2   0x00000000   Code   RO          896    .ARM.Collect$$libinit$$00000004  c_w.l(libinit2.o)
    0x000000f2   0x00000000   Code   RO          899    .ARM.Collect$$libinit$$0000000A  c_w.l(libinit2.o)
    0x000000f2   0x00000000   Code   RO          901    .ARM.Collect$$libinit$$0000000C  c_w.l(libinit2.o)
    0x000000f2   0x00000000   Code   RO          903    .ARM.Collect$$libinit$$0000000E  c_w.l(libinit2.o)
    0x000000f2   0x00000000   Code   RO          906    .ARM.Collect$$libinit$$00000011  c_w.l(libinit2.o)
    0x000000f2   0x00000000   Code   RO          908    .ARM.Collect$$libinit$$00000013  c_w.l(libinit2.o)
    0x000000f2   0x00000000   Code   RO          910    .ARM.Collect$$libinit$$00000015  c_w.l(libinit2.o)
    0x000000f2   0x00000000   Code   RO          912    .ARM.Collect$$libinit$$00000017  c_w.l(libinit2.o)
    0x000000f2   0x00000000   Code   RO          914    .ARM.Collect$$libinit$$00000019  c_w.l(libinit2.o)
    0x000000f2   0x00000000   Code   RO          916    .ARM.Collect$$libinit$$0000001B  c_w.l(libinit2.o)
    0x000000f2   0x00000000   Code   RO          918    .ARM.Collect$$libinit$$0000001D  c_w.l(libinit2.o)
    0x000000f2   0x00000000   Code   RO          920    .ARM.Collect$$libinit$$0000001F  c_w.l(libinit2.o)
    0x000000f2   0x00000000   Code   RO          922    .ARM.Collect$$libinit$$00000021  c_w.l(libinit2.o)
    0x000000f2   0x00000000   Code   RO          924    .ARM.Collect$$libinit$$00000023  c_w.l(libinit2.o)
    0x000000f2   0x00000000   Code   RO          926    .ARM.Collect$$libinit$$00000025  c_w.l(libinit2.o)
    0x000000f2   0x00000000   Code   RO          930    .ARM.Collect$$libinit$$0000002C  c_w.l(libinit2.o)
    0x000000f2   0x00000000   Code   RO          932    .ARM.Collect$$libinit$$0000002E  c_w.l(libinit2.o)
    0x000000f2   0x00000000   Code   RO          934    .ARM.Collect$$libinit$$00000030  c_w.l(libinit2.o)
    0x000000f2   0x00000000   Code   RO          936    .ARM.Collect$$libinit$$00000032  c_w.l(libinit2.o)
    0x000000f2   0x00000002   Code   RO          937    .ARM.Collect$$libinit$$00000033  c_w.l(libinit2.o)
    0x000000f4   0x00000002   Code   RO          957    .ARM.Collect$$libshutdown$$00000000  c_w.l(libshutdown.o)
    0x000000f6   0x00000000   Code   RO          971    .ARM.Collect$$libshutdown$$00000003  c_w.l(libshutdown2.o)
    0x000000f6   0x00000000   Code   RO          974    .ARM.Collect$$libshutdown$$00000006  c_w.l(libshutdown2.o)
    0x000000f6   0x00000000   Code   RO          977    .ARM.Collect$$libshutdown$$00000009  c_w.l(libshutdown2.o)
    0x000000f6   0x00000000   Code   RO          979    .ARM.Collect$$libshutdown$$0000000B  c_w.l(libshutdown2.o)
    0x000000f6   0x00000000   Code   RO          982    .ARM.Collect$$libshutdown$$0000000E  c_w.l(libshutdown2.o)
    0x000000f6   0x00000002   Code   RO          983    .ARM.Collect$$libshutdown$$0000000F  c_w.l(libshutdown2.o)
    0x000000f8   0x00000000   Code   RO          845    .ARM.Collect$$rtentry$$00000000  c_w.l(__rtentry.o)
    0x000000f8   0x00000000   Code   RO          856    .ARM.Collect$$rtentry$$00000002  c_w.l(__rtentry2.o)
    0x000000f8   0x00000006   Code   RO          868    .ARM.Collect$$rtentry$$00000004  c_w.l(__rtentry4.o)
    0x000000fe   0x00000000   Code   RO          858    .ARM.Collect$$rtentry$$00000009  c_w.l(__rtentry2.o)
    0x000000fe   0x00000004   Code   RO          859    .ARM.Collect$$rtentry$$0000000A  c_w.l(__rtentry2.o)
    0x00000102   0x00000000   Code   RO          861    .ARM.Collect$$rtentry$$0000000C  c_w.l(__rtentry2.o)
    0x00000102   0x00000008   Code   RO          862    .ARM.Collect$$rtentry$$0000000D  c_w.l(__rtentry2.o)
    0x0000010a   0x00000002   Code   RO          891    .ARM.Collect$$rtexit$$00000000  c_w.l(rtexit.o)
    0x0000010c   0x00000000   Code   RO          939    .ARM.Collect$$rtexit$$00000002  c_w.l(rtexit2.o)
    0x0000010c   0x00000004   Code   RO          940    .ARM.Collect$$rtexit$$00000003  c_w.l(rtexit2.o)
    0x00000110   0x00000006   Code   RO          941    .ARM.Collect$$rtexit$$00000004  c_w.l(rtexit2.o)
    0x00000116   0x00000002   PAD
    0x00000118   0x00000040   Code   RO          114    .text               startup_elf2.o
    0x00000158   0x00000018   Code   RO          804    .text               c_w.l(noretval__2printf.o)
    0x00000170   0x00000068   Code   RO          806    .text               c_w.l(__printf.o)
    0x000001d8   0x00000052   Code   RO          808    .text               c_w.l(_printf_str.o)
    0x0000022a   0x00000002   PAD
    0x0000022c   0x00000078   Code   RO          810    .text               c_w.l(_printf_dec.o)
    0x000002a4   0x00000048   Code   RO          835    .text               c_w.l(strcpy.o)
    0x000002ec   0x0000008a   Code   RO          839    .text               c_w.l(rt_memcpy_v6.o)
    0x00000376   0x00000006   Code   RO          841    .text               c_w.l(heapauxi.o)
    0x0000037c   0x000000b2   Code   RO          846    .text               c_w.l(_printf_intcommon.o)
    0x0000042e   0x0000002c   Code   RO          848    .text               c_w.l(_printf_char.o)
    0x0000045a   0x00000002   PAD
    0x0000045c   0x00000024   Code   RO          850    .text               c_w.l(_printf_char_file.o)
    0x00000480   0x00000064   Code   RO          853    .text               c_w.l(rt_memcpy_w.o)
    0x000004e4   0x00000030   Code   RO          870    .text               c_w.l(_printf_char_common.o)
    0x00000514   0x00000008   Code   RO          872    .text               c_w.l(ferror.o)
    0x0000051c   0x0000004a   Code   RO          876    .text               c_w.l(sys_stackheap_outer.o)
    0x00000566   0x0000000c   Code   RO          880    .text               c_w.l(exit.o)
    0x00000572   0x00000002   PAD
    0x00000574   0x00000008   Code   RO          888    .text               c_w.l(libspace.o)
    0x0000057c   0x0000000c   Code   RO          949    .text               c_w.l(sys_exit.o)
    0x00000588   0x00000002   Code   RO          960    .text               c_w.l(use_no_semi.o)
    0x0000058a   0x00000000   Code   RO          962    .text               c_w.l(indicate_semi.o)
    0x0000058a   0x00000038   Code   RO          440    i.HAL_GPIO_Init     ELF2_CM3_Lib.lib(gpio.o)
    0x000005c2   0x00000002   PAD
    0x000005c4   0x00000038   Code   RO          446    i.HAL_GPIO_SetDebounce  ELF2_CM3_Lib.lib(gpio.o)
    0x000005fc   0x00000074   Code   RO          447    i.HAL_GPIO_SetDir   ELF2_CM3_Lib.lib(gpio.o)
    0x00000670   0x00000038   Code   RO          448    i.HAL_GPIO_SetPly   ELF2_CM3_Lib.lib(gpio.o)
    0x000006a8   0x00000062   Code   RO          451    i.HAL_GPIO_TrigType  ELF2_CM3_Lib.lib(gpio.o)
    0x0000070a   0x00000002   PAD
    0x0000070c   0x0000005c   Code   RO          453    i.HAL_GPIO_WritePin  ELF2_CM3_Lib.lib(gpio.o)
    0x00000768   0x00000038   Code   RO          454    i.HAL_GPIO_setIrqLevel  ELF2_CM3_Lib.lib(gpio.o)
    0x000007a0   0x00000018   Code   RO          625    i.HAL_SYSCON_HCLK_Src_Sel  ELF2_CM3_Lib.lib(syscon.o)
    0x000007b8   0x0000006c   Code   RO          629    i.HAL_SYSCON_Set_HClk_Div  ELF2_CM3_Lib.lib(syscon.o)
    0x00000824   0x00000070   Code   RO          630    i.HAL_SYSCON_Set_PClk0_Div  ELF2_CM3_Lib.lib(syscon.o)
    0x00000894   0x0000006c   Code   RO          631    i.HAL_SYSCON_Set_PClk1_Div  ELF2_CM3_Lib.lib(syscon.o)
    0x00000900   0x000000c0   Code   RO          632    i.HAL_SYSCON_Set_RTC_Div  ELF2_CM3_Lib.lib(syscon.o)
    0x000009c0   0x00000048   Code   RO          279    i.SEGGER_RTT_Write  segger_rtt.o
    0x00000a08   0x00000084   Code   RO          280    i.SEGGER_RTT_WriteNoLock  segger_rtt.o
    0x00000a8c   0x00000022   Code   RO          222    i.SEGGER_RTT_printf  segger_rtt_printf.o
    0x00000aae   0x0000020a   Code   RO          223    i.SEGGER_RTT_vprintf  segger_rtt_printf.o
    0x00000cb8   0x00000050   Code   RO          122    i.SystemInit        system_elf2.o
    0x00000d08   0x00000070   Code   RO          284    i._DoInit           segger_rtt.o
    0x00000d78   0x0000001c   Code   RO          285    i._GetAvailWriteSpace  segger_rtt.o
    0x00000d94   0x000000ec   Code   RO          224    i._PrintInt         segger_rtt_printf.o
    0x00000e80   0x000000ec   Code   RO          225    i._PrintUnsigned    segger_rtt_printf.o
    0x00000f6c   0x00000044   Code   RO          226    i._StoreChar        segger_rtt_printf.o
    0x00000fb0   0x00000072   Code   RO          287    i._WriteBlocking    segger_rtt.o
    0x00001022   0x0000004c   Code   RO          288    i._WriteNoCheck     segger_rtt.o
    0x0000106e   0x00000002   PAD
    0x00001070   0x00000040   Code   RO          207    i.__aeabi_assert    debug.o
    0x000010b0   0x00000018   Code   RO          123    i.delay             system_elf2.o
    0x000010c8   0x00000012   Code   RO          178    i.fputc             log.o
    0x000010da   0x00000002   PAD
    0x000010dc   0x00000014   Code   RO          458    i.gpio_portadataregister_setf  ELF2_CM3_Lib.lib(gpio.o)
    0x000010f0   0x00000014   Code   RO          459    i.gpio_portbdataregister_setf  ELF2_CM3_Lib.lib(gpio.o)
    0x00001104   0x00000028   Code   RO            1    i.main              main.o
    0x0000112c   0x0000000c   Code   RO          634    i.sysc_awo_div_update_set  ELF2_CM3_Lib.lib(syscon.o)
    0x00001138   0x00000014   Code   RO          637    i.sysc_awo_rtc_div_para_m1_setf  ELF2_CM3_Lib.lib(syscon.o)
    0x0000114c   0x00000140   Code   RO           28    i.test_gpio         test_gpio.o
    0x0000128c   0x00000010   Data   RO          227    .constdata          segger_rtt_printf.o
    0x0000129c   0x00000010   Data   RO         1014    Region$$Table       anon$$obj.o
    0x000012ac   0x00000004   Data   RW          124    .data               system_elf2.o
    0x000012b0   0x00000004   Data   RW          179    .data               log.o
    0x000012b4   0x000004b8   Zero   RW          289    .bss                segger_rtt.o
    0x0000176c   0x00000060   Zero   RW          889    .bss                c_w.l(libspace.o)
    0x000017cc   0x00000004   PAD
    0x000017d0   0x00000100   Zero   RW          112    HEAP                startup_elf2.o
    0x000018d0   0x00000400   Zero   RW          111    STACK               startup_elf2.o


==============================================================================

Image component sizes


      Code (inc. data)   RO Data    RW Data    ZI Data      Debug   Object Name

        64         40          0          0          0        569   debug.o
        18          0          0          4          0       2446   log.o
        40         24          0          0          0       1855   main.o
       534         48          0          0       1208       7750   segger_rtt.o
      1096          6         16          0          0       6105   segger_rtt_printf.o
        64         26        136          0       1280        892   startup_elf2.o
       104         14          0          4          0       1287   system_elf2.o
       320        110          0          0          0       4924   test_gpio.o

    ----------------------------------------------------------------------
      2244        268        168          8       2488      25828   Object Totals
         0          0         16          0          0          0   (incl. Generated)
         4          0          0          0          0          0   (incl. Padding)

    ----------------------------------------------------------------------

      Code (inc. data)   RO Data    RW Data    ZI Data      Debug   Library Member Name

       570         38          0          0          0      14741   gpio.o
       576        298          0          0          0      32287   syscon.o
         8          0          0          0          0         68   __main.o
       104          0          0          0          0         84   __printf.o
         0          0          0          0          0          0   __rtentry.o
        12          0          0          0          0          0   __rtentry2.o
         6          0          0          0          0          0   __rtentry4.o
        52          8          0          0          0          0   __scatter.o
        28          0          0          0          0          0   __scatter_zi.o
        44          0          0          0          0        108   _printf_char.o
        48          6          0          0          0         96   _printf_char_common.o
        36          4          0          0          0         80   _printf_char_file.o
         6          0          0          0          0          0   _printf_d.o
       120         16          0          0          0         92   _printf_dec.o
       178          0          0          0          0         88   _printf_intcommon.o
         0          0          0          0          0          0   _printf_percent.o
         4          0          0          0          0          0   _printf_percent_end.o
         6          0          0          0          0          0   _printf_s.o
        82          0          0          0          0         80   _printf_str.o
        12          0          0          0          0         72   exit.o
         8          0          0          0          0         68   ferror.o
         6          0          0          0          0        152   heapauxi.o
         0          0          0          0          0          0   indicate_semi.o
         2          0          0          0          0          0   libinit.o
         2          0          0          0          0          0   libinit2.o
         2          0          0          0          0          0   libshutdown.o
         2          0          0          0          0          0   libshutdown2.o
         8          4          0          0         96         68   libspace.o
        24          4          0          0          0         84   noretval__2printf.o
       138          0          0          0          0         68   rt_memcpy_v6.o
       100          0          0          0          0         80   rt_memcpy_w.o
         2          0          0          0          0          0   rtexit.o
        10          0          0          0          0          0   rtexit2.o
        72          0          0          0          0         80   strcpy.o
        12          4          0          0          0         68   sys_exit.o
        74          0          0          0          0         80   sys_stackheap_outer.o
         2          0          0          0          0         68   use_no_semi.o

    ----------------------------------------------------------------------
      2368        382          0          0        100      48612   Library Totals
        12          0          0          0          4          0   (incl. Padding)

    ----------------------------------------------------------------------

      Code (inc. data)   RO Data    RW Data    ZI Data      Debug   Library Name

      1146        336          0          0          0      47028   ELF2_CM3_Lib.lib
      1210         46          0          0         96       1584   c_w.l

    ----------------------------------------------------------------------
      2368        382          0          0        100      48612   Library Totals

    ----------------------------------------------------------------------

==============================================================================


      Code (inc. data)   RO Data    RW Data    ZI Data      Debug   

      4612        650        168          8       2588      71976   Grand Totals
      4612        650        168          8       2588      71976   ELF Image Totals
      4612        650        168          8          0          0   ROM Totals

==============================================================================

    Total RO  Size (Code + RO Data)                 4780 (   4.67kB)
    Total RW  Size (RW Data + ZI Data)              2596 (   2.54kB)
    Total ROM Size (Code + RO Data + RW Data)       4788 (   4.68kB)

==============================================================================

