Component: ARM Compiler 5.05 update 2 (build 169) Tool: armlink [4d0f33]

==============================================================================

Section Cross References

    main.o(i.main) refers to printf3.o(i.__0printf$3) for __2printf
    main.o(i.main) refers to tasks.o(i.xTaskCreate) for xTaskCreate
    main.o(i.main) refers to tasks.o(i.vTaskStartScheduler) for vTaskStartScheduler
    main.o(i.main) refers to main.o(i.vTask1) for vTask1
    main.o(i.main) refers to main.o(i.vTask2) for vTask2
    main.o(i.vTask1) refers to printf3.o(i.__0printf$3) for __2printf
    main.o(i.vTask1) refers to tasks.o(i.vTaskDelay) for vTaskDelay
    main.o(i.vTask2) refers to printf3.o(i.__0printf$3) for __2printf
    main.o(i.vTask2) refers to tasks.o(i.vTaskDelay) for vTaskDelay
    startup_elf2.o(RESET) refers to startup_elf2.o(STACK) for __initial_sp
    startup_elf2.o(RESET) refers to startup_elf2.o(.text) for Reset_Handler
    startup_elf2.o(RESET) refers to port.o(.emb_text) for SVC_Handler
    startup_elf2.o(RESET) refers to port.o(i.SysTick_Handler) for SysTick_Handler
    startup_elf2.o(.text) refers to system_elf2.o(i.SystemInit) for SystemInit
    startup_elf2.o(.text) refers to entry.o(.ARM.Collect$$$$00000000) for __main
    system_elf2.o(i.SystemCoreClockUpdate) refers to system_elf2.o(.data) for SystemCoreClock
    system_elf2.o(i.SystemInit) refers to system_elf2.o(i.delay) for delay
    system_elf2.o(i.SystemInit) refers to syscon.o(i.HAL_SYSCON_HCLK_Src_Sel) for HAL_SYSCON_HCLK_Src_Sel
    system_elf2.o(i.SystemInit) refers to syscon.o(i.HAL_SYSCON_Set_HClk_Div) for HAL_SYSCON_Set_HClk_Div
    system_elf2.o(i.SystemInit) refers to syscon.o(i.HAL_SYSCON_Set_PClk0_Div) for HAL_SYSCON_Set_PClk0_Div
    system_elf2.o(i.SystemInit) refers to syscon.o(i.HAL_SYSCON_Set_PClk1_Div) for HAL_SYSCON_Set_PClk1_Div
    system_elf2.o(i.SystemInit) refers to syscon.o(i.HAL_SYSCON_Set_RTC_Div) for HAL_SYSCON_Set_RTC_Div
    system_elf2.o(i.SystemInit) refers to system_elf2.o(.data) for SystemCoreClock
    queue.o(i.prvCopyDataFromQueue) refers to memcpya.o(.text) for __aeabi_memcpy
    queue.o(i.prvCopyDataToQueue) refers to memcpya.o(.text) for __aeabi_memcpy
    queue.o(i.prvInitialiseNewQueue) refers to queue.o(i.xQueueGenericReset) for xQueueGenericReset
    queue.o(i.prvIsQueueEmpty) refers to port.o(i.vPortEnterCritical) for vPortEnterCritical
    queue.o(i.prvIsQueueEmpty) refers to port.o(i.vPortExitCritical) for vPortExitCritical
    queue.o(i.prvIsQueueFull) refers to port.o(i.vPortEnterCritical) for vPortEnterCritical
    queue.o(i.prvIsQueueFull) refers to port.o(i.vPortExitCritical) for vPortExitCritical
    queue.o(i.prvUnlockQueue) refers to port.o(i.vPortEnterCritical) for vPortEnterCritical
    queue.o(i.prvUnlockQueue) refers to tasks.o(i.xTaskRemoveFromEventList) for xTaskRemoveFromEventList
    queue.o(i.prvUnlockQueue) refers to tasks.o(i.vTaskMissedYield) for vTaskMissedYield
    queue.o(i.prvUnlockQueue) refers to port.o(i.vPortExitCritical) for vPortExitCritical
    queue.o(i.uxQueueMessagesWaiting) refers to port.o(i.vPortEnterCritical) for vPortEnterCritical
    queue.o(i.uxQueueMessagesWaiting) refers to port.o(i.vPortExitCritical) for vPortExitCritical
    queue.o(i.uxQueueSpacesAvailable) refers to port.o(i.vPortEnterCritical) for vPortEnterCritical
    queue.o(i.uxQueueSpacesAvailable) refers to port.o(i.vPortExitCritical) for vPortExitCritical
    queue.o(i.vQueueDelete) refers to heap_4.o(i.vPortFree) for vPortFree
    queue.o(i.xQueueGenericCreate) refers to heap_4.o(i.pvPortMalloc) for pvPortMalloc
    queue.o(i.xQueueGenericCreate) refers to queue.o(i.prvInitialiseNewQueue) for prvInitialiseNewQueue
    queue.o(i.xQueueGenericReceive) refers to port.o(i.vPortEnterCritical) for vPortEnterCritical
    queue.o(i.xQueueGenericReceive) refers to queue.o(i.prvCopyDataFromQueue) for prvCopyDataFromQueue
    queue.o(i.xQueueGenericReceive) refers to tasks.o(i.xTaskRemoveFromEventList) for xTaskRemoveFromEventList
    queue.o(i.xQueueGenericReceive) refers to port.o(i.vPortExitCritical) for vPortExitCritical
    queue.o(i.xQueueGenericReceive) refers to tasks.o(i.vTaskSetTimeOutState) for vTaskSetTimeOutState
    queue.o(i.xQueueGenericReceive) refers to tasks.o(i.vTaskSuspendAll) for vTaskSuspendAll
    queue.o(i.xQueueGenericReceive) refers to tasks.o(i.xTaskCheckForTimeOut) for xTaskCheckForTimeOut
    queue.o(i.xQueueGenericReceive) refers to queue.o(i.prvIsQueueEmpty) for prvIsQueueEmpty
    queue.o(i.xQueueGenericReceive) refers to tasks.o(i.vTaskPlaceOnEventList) for vTaskPlaceOnEventList
    queue.o(i.xQueueGenericReceive) refers to queue.o(i.prvUnlockQueue) for prvUnlockQueue
    queue.o(i.xQueueGenericReceive) refers to tasks.o(i.xTaskResumeAll) for xTaskResumeAll
    queue.o(i.xQueueGenericReset) refers to port.o(i.vPortEnterCritical) for vPortEnterCritical
    queue.o(i.xQueueGenericReset) refers to tasks.o(i.xTaskRemoveFromEventList) for xTaskRemoveFromEventList
[...]
    tasks.o(i.prvInitialiseTaskLists) refers to tasks.o(.data) for pxDelayedTaskList
    tasks.o(i.prvResetNextTaskUnblockTime) refers to tasks.o(.data) for pxDelayedTaskList
    tasks.o(i.prvTaskIsTaskSuspended) refers to tasks.o(.bss) for xSuspendedTaskList
    tasks.o(i.ulTaskNotifyTake) refers to port.o(i.vPortEnterCritical) for vPortEnterCritical
    tasks.o(i.ulTaskNotifyTake) refers to tasks.o(i.prvAddCurrentTaskToDelayedList) for prvAddCurrentTaskToDelayedList
    tasks.o(i.ulTaskNotifyTake) refers to port.o(i.vPortExitCritical) for vPortExitCritical
    tasks.o(i.ulTaskNotifyTake) refers to tasks.o(.data) for pxCurrentTCB
    tasks.o(i.uxTaskGetNumberOfTasks) refers to tasks.o(.data) for uxCurrentNumberOfTasks
    tasks.o(i.uxTaskPriorityGet) refers to port.o(i.vPortEnterCritical) for vPortEnterCritical
    tasks.o(i.uxTaskPriorityGet) refers to port.o(i.vPortExitCritical) for vPortExitCritical
    tasks.o(i.uxTaskPriorityGet) refers to tasks.o(.data) for pxCurrentTCB
    tasks.o(i.uxTaskPriorityGetFromISR) refers to tasks.o(.data) for pxCurrentTCB
    tasks.o(i.uxTaskResetEventItemValue) refers to tasks.o(.data) for pxCurrentTCB
    tasks.o(i.vTaskDelay) refers to tasks.o(i.vTaskSuspendAll) for vTaskSuspendAll
    tasks.o(i.vTaskDelay) refers to tasks.o(i.prvAddCurrentTaskToDelayedList) for prvAddCurrentTaskToDelayedList
    tasks.o(i.vTaskDelay) refers to tasks.o(i.xTaskResumeAll) for xTaskResumeAll
    tasks.o(i.vTaskDelayUntil) refers to tasks.o(i.vTaskSuspendAll) for vTaskSuspendAll
    tasks.o(i.vTaskDelayUntil) refers to tasks.o(i.prvAddCurrentTaskToDelayedList) for prvAddCurrentTaskToDelayedList
    tasks.o(i.vTaskDelayUntil) refers to tasks.o(i.xTaskResumeAll) for xTaskResumeAll
    tasks.o(i.vTaskDelayUntil) refers to tasks.o(.data) for xTickCount
    tasks.o(i.vTaskDelete) refers to port.o(i.vPortEnterCritical) for vPortEnterCritical
    tasks.o(i.vTaskDelete) refers to list.o(i.uxListRemove) for uxListRemove
    tasks.o(i.vTaskDelete) refers to list.o(i.vListInsertEnd) for vListInsertEnd
    tasks.o(i.vTaskDelete) refers to tasks.o(i.prvDeleteTCB) for prvDeleteTCB
    tasks.o(i.vTaskDelete) refers to tasks.o(i.prvResetNextTaskUnblockTime) for prvResetNextTaskUnblockTime
    tasks.o(i.vTaskDelete) refers to port.o(i.vPortExitCritical) for vPortExitCritical
    tasks.o(i.vTaskDelete) refers to tasks.o(.data) for pxCurrentTCB
    tasks.o(i.vTaskDelete) refers to tasks.o(.bss) for pxReadyTasksLists
    tasks.o(i.vTaskEndScheduler) refers to port.o(i.vPortEndScheduler) for vPortEndScheduler
    tasks.o(i.vTaskEndScheduler) refers to tasks.o(.data) for xSchedulerRunning
    tasks.o(i.vTaskMissedYield) refers to tasks.o(.data) for xYieldPending
    tasks.o(i.vTaskNotifyGiveFromISR) refers to list.o(i.uxListRemove) for uxListRemove
    tasks.o(i.vTaskNotifyGiveFromISR) refers to list.o(i.vListInsertEnd) for vListInsertEnd
    tasks.o(i.vTaskNotifyGiveFromISR) refers to tasks.o(.data) for uxSchedulerSuspended
    tasks.o(i.vTaskNotifyGiveFromISR) refers to tasks.o(.bss) for pxReadyTasksLists
    tasks.o(i.vTaskPlaceOnEventList) refers to list.o(i.vListInsert) for vListInsert
    tasks.o(i.vTaskPlaceOnEventList) refers to tasks.o(i.prvAddCurrentTaskToDelayedList) for prvAddCurrentTaskToDelayedList
    tasks.o(i.vTaskPlaceOnEventList) refers to tasks.o(.data) for pxCurrentTCB
    tasks.o(i.vTaskPlaceOnUnorderedEventList) refers to list.o(i.vListInsertEnd) for vListInsertEnd
    tasks.o(i.vTaskPlaceOnUnorderedEventList) refers to tasks.o(i.prvAddCurrentTaskToDelayedList) for prvAddCurrentTaskToDelayedList
    tasks.o(i.vTaskPlaceOnUnorderedEventList) refers to tasks.o(.data) for pxCurrentTCB
    tasks.o(i.vTaskPrioritySet) refers to port.o(i.vPortEnterCritical) for vPortEnterCritical
    tasks.o(i.vTaskPrioritySet) refers to list.o(i.uxListRemove) for uxListRemove
    tasks.o(i.vTaskPrioritySet) refers to list.o(i.vListInsertEnd) for vListInsertEnd
    tasks.o(i.vTaskPrioritySet) refers to port.o(i.vPortExitCritical) for vPortExitCritical
    tasks.o(i.vTaskPrioritySet) refers to tasks.o(.data) for pxCurrentTCB
    tasks.o(i.vTaskPrioritySet) refers to tasks.o(.bss) for pxReadyTasksLists
    tasks.o(i.vTaskResume) refers to port.o(i.vPortEnterCritical) for vPortEnterCritical
    tasks.o(i.vTaskResume) refers to tasks.o(i.prvTaskIsTaskSuspended) for prvTaskIsTaskSuspended
    tasks.o(i.vTaskResume) refers to list.o(i.uxListRemove) for uxListRemove
    tasks.o(i.vTaskResume) refers to list.o(i.vListInsertEnd) for vListInsertEnd
    tasks.o(i.vTaskResume) refers to port.o(i.vPortExitCritical) for vPortExitCritical
    tasks.o(i.vTaskResume) refers to tasks.o(.data) for pxCurrentTCB
    tasks.o(i.vTaskResume) refers to tasks.o(.bss) for pxReadyTasksLists
    tasks.o(i.vTaskSetTimeOutState) refers to tasks.o(.data) for xNumOfOverflows
    tasks.o(i.vTaskStartScheduler) refers to tasks.o(i.xTaskCreate) for xTaskCreate
    tasks.o(i.vTaskStartScheduler) refers to port.o(i.xPortStartScheduler) for xPortStartScheduler
    tasks.o(i.vTaskStartScheduler) refers to tasks.o(.data) for xIdleTaskHandle
    tasks.o(i.vTaskStartScheduler) refers to tasks.o(i.prvIdleTask) for prvIdleTask
    tasks.o(i.vTaskSuspend) refers to port.o(i.vPortEnterCritical) for vPortEnterCritical
    tasks.o(i.vTaskSuspend) refers to list.o(i.uxListRemove) for uxListRemove
    tasks.o(i.vTaskSuspend) refers to list.o(i.vListInsertEnd) for vListInsertEnd
    tasks.o(i.vTaskSuspend) refers to port.o(i.vPortExitCritical) for vPortExitCritical
    tasks.o(i.vTaskSuspend) refers to tasks.o(i.prvResetNextTaskUnblockTime) for prvResetNextTaskUnblockTime
    tasks.o(i.vTaskSuspend) refers to tasks.o(i.vTaskSwitchContext) for vTaskSwitchContext
    tasks.o(i.vTaskSuspend) refers to tasks.o(.data) for pxCurrentTCB
    tasks.o(i.vTaskSuspend) refers to tasks.o(.bss) for pxReadyTasksLists
    tasks.o(i.vTaskSuspendAll) refers to tasks.o(.data) for uxSchedulerSuspended
    tasks.o(i.vTaskSwitchContext) refers to tasks.o(.data) for uxSchedulerSuspended
    tasks.o(i.vTaskSwitchContext) refers to tasks.o(.bss) for pxReadyTasksLists
    tasks.o(i.xTaskCheckForTimeOut) refers to port.o(i.vPortEnterCritical) for vPortEnterCritical
    tasks.o(i.xTaskCheckForTimeOut) refers to tasks.o(i.vTaskSetTimeOutState) for vTaskSetTimeOutState
    tasks.o(i.xTaskCheckForTimeOut) refers to port.o(i.vPortExitCritical) for vPortExitCritical
    tasks.o(i.xTaskCheckForTimeOut) refers to tasks.o(.data) for xTickCount
    tasks.o(i.xTaskCreate) refers to heap_4.o(i.pvPortMalloc) for pvPortMalloc
    tasks.o(i.xTaskCreate) refers to heap_4.o(i.vPortFree) for vPortFree
    tasks.o(i.xTaskCreate) refers to tasks.o(i.prvInitialiseNewTask) for prvInitialiseNewTask
    tasks.o(i.xTaskCreate) refers to tasks.o(i.prvAddNewTaskToReadyList) for prvAddNewTaskToReadyList
    tasks.o(i.xTaskGenericNotify) refers to port.o(i.vPortEnterCritical) for vPortEnterCritical
    tasks.o(i.xTaskGenericNotify) refers to list.o(i.uxListRemove) for uxListRemove
    tasks.o(i.xTaskGenericNotify) refers to list.o(i.vListInsertEnd) for vListInsertEnd
    tasks.o(i.xTaskGenericNotify) refers to port.o(i.vPortExitCritical) for vPortExitCritical
    tasks.o(i.xTaskGenericNotify) refers to tasks.o(.data) for uxTopReadyPriority
    tasks.o(i.xTaskGenericNotify) refers to tasks.o(.bss) for pxReadyTasksLists
    tasks.o(i.xTaskGenericNotifyFromISR) refers to list.o(i.uxListRemove) for uxListRemove
    tasks.o(i.xTaskGenericNotifyFromISR) refers to list.o(i.vListInsertEnd) for vListInsertEnd
    tasks.o(i.xTaskGenericNotifyFromISR) refers to tasks.o(.data) for uxSchedulerSuspended
    tasks.o(i.xTaskGenericNotifyFromISR) refers to tasks.o(.bss) for pxReadyTasksLists
    tasks.o(i.xTaskGetTickCount) refers to tasks.o(.data) for xTickCount
    tasks.o(i.xTaskGetTickCountFromISR) refers to tasks.o(.data) for xTickCount
    tasks.o(i.xTaskIncrementTick) refers to tasks.o(i.prvResetNextTaskUnblockTime) for prvResetNextTaskUnblockTime
    tasks.o(i.xTaskIncrementTick) refers to list.o(i.uxListRemove) for uxListRemove
    tasks.o(i.xTaskIncrementTick) refers to list.o(i.vListInsertEnd) for vListInsertEnd
    tasks.o(i.xTaskIncrementTick) refers to tasks.o(.data) for uxSchedulerSuspended
    tasks.o(i.xTaskIncrementTick) refers to tasks.o(.bss) for pxReadyTasksLists
    tasks.o(i.xTaskNotifyStateClear) refers to port.o(i.vPortEnterCritical) for vPortEnterCritical
    tasks.o(i.xTaskNotifyStateClear) refers to port.o(i.vPortExitCritical) for vPortExitCritical
    tasks.o(i.xTaskNotifyStateClear) refers to tasks.o(.data) for pxCurrentTCB
    tasks.o(i.xTaskNotifyWait) refers to port.o(i.vPortEnterCritical) for vPortEnterCritical
    tasks.o(i.xTaskNotifyWait) refers to tasks.o(i.prvAddCurrentTaskToDelayedList) for prvAddCurrentTaskToDelayedList
    tasks.o(i.xTaskNotifyWait) refers to port.o(i.vPortExitCritical) for vPortExitCritical
    tasks.o(i.xTaskNotifyWait) refers to tasks.o(.data) for pxCurrentTCB
    tasks.o(i.xTaskRemoveFromEventList) refers to list.o(i.uxListRemove) for uxListRemove
    tasks.o(i.xTaskRemoveFromEventList) refers to list.o(i.vListInsertEnd) for vListInsertEnd
    tasks.o(i.xTaskRemoveFromEventList) refers to tasks.o(.data) for uxSchedulerSuspended
    tasks.o(i.xTaskRemoveFromEventList) refers to tasks.o(.bss) for pxReadyTasksLists
    tasks.o(i.xTaskRemoveFromUnorderedEventList) refers to list.o(i.uxListRemove) for uxListRemove
    tasks.o(i.xTaskRemoveFromUnorderedEventList) refers to list.o(i.vListInsertEnd) for vListInsertEnd
    tasks.o(i.xTaskRemoveFromUnorderedEventList) refers to tasks.o(.data) for uxTopReadyPriority
    tasks.o(i.xTaskRemoveFromUnorderedEventList) refers to tasks.o(.bss) for pxReadyTasksLists
    tasks.o(i.xTaskResumeAll) refers to port.o(i.vPortEnterCritical) for vPortEnterCritical
    tasks.o(i.xTaskResumeAll) refers to list.o(i.uxListRemove) for uxListRemove
    tasks.o(i.xTaskResumeAll) refers to list.o(i.vListInsertEnd) for vListInsertEnd
    tasks.o(i.xTaskResumeAll) refers to tasks.o(i.prvResetNextTaskUnblockTime) for prvResetNextTaskUnblockTime
    tasks.o(i.xTaskResumeAll) refers to tasks.o(i.xTaskIncrementTick) for xTaskIncrementTick
    tasks.o(i.xTaskResumeAll) refers to port.o(i.vPortExitCritical) for vPortExitCritical
    tasks.o(i.xTaskResumeAll) refers to tasks.o(.data) for uxSchedulerSuspended
    tasks.o(i.xTaskResumeAll) refers to tasks.o(.bss) for xPendingReadyList
    tasks.o(i.xTaskResumeFromISR) refers to tasks.o(i.prvTaskIsTaskSuspended) for prvTaskIsTaskSuspended
    tasks.o(i.xTaskResumeFromISR) refers to list.o(i.uxListRemove) for uxListRemove
    tasks.o(i.xTaskResumeFromISR) refers to list.o(i.vListInsertEnd) for vListInsertEnd
    tasks.o(i.xTaskResumeFromISR) refers to tasks.o(.data) for uxSchedulerSuspended
    tasks.o(i.xTaskResumeFromISR) refers to tasks.o(.bss) for pxReadyTasksLists
    port.o(.emb_text) refers to tasks.o(i.vTaskSwitchContext) for vTaskSwitchContext
    port.o(.emb_text) refers to tasks.o(.data) for pxCurrentTCB
    port.o(i.SysTick_Handler) refers to tasks.o(i.xTaskIncrementTick) for xTaskIncrementTick
    port.o(i.pxPortInitialiseStack) refers to port.o(i.prvTaskExitError) for prvTaskExitError
    port.o(i.vPortEnterCritical) refers to port.o(.data) for uxCriticalNesting
    port.o(i.vPortExitCritical) refers to port.o(.data) for uxCriticalNesting
    port.o(i.xPortStartScheduler) refers to port.o(i.vPortSetupTimerInterrupt) for vPortSetupTimerInterrupt
    port.o(i.xPortStartScheduler) refers to port.o(.emb_text) for __asm___6_port_c_39a90d8d__prvStartFirstTask
    port.o(i.xPortStartScheduler) refers to port.o(.data) for uxCriticalNesting
    heap_4.o(i.prvHeapInit) refers to heap_4.o(.bss) for ucHeap
    heap_4.o(i.prvHeapInit) refers to heap_4.o(.data) for xStart
    heap_4.o(i.prvInsertBlockIntoFreeList) refers to heap_4.o(.data) for xStart
    heap_4.o(i.pvPortMalloc) refers to tasks.o(i.vTaskSuspendAll) for vTaskSuspendAll
    heap_4.o(i.pvPortMalloc) refers to heap_4.o(i.prvHeapInit) for prvHeapInit
    heap_4.o(i.pvPortMalloc) refers to heap_4.o(i.prvInsertBlockIntoFreeList) for prvInsertBlockIntoFreeList
    heap_4.o(i.pvPortMalloc) refers to tasks.o(i.xTaskResumeAll) for xTaskResumeAll
    heap_4.o(i.pvPortMalloc) refers to heap_4.o(.data) for pxEnd
    heap_4.o(i.vPortFree) refers to tasks.o(i.vTaskSuspendAll) for vTaskSuspendAll
    heap_4.o(i.vPortFree) refers to heap_4.o(i.prvInsertBlockIntoFreeList) for prvInsertBlockIntoFreeList
    heap_4.o(i.vPortFree) refers to tasks.o(i.xTaskResumeAll) for xTaskResumeAll
    heap_4.o(i.vPortFree) refers to heap_4.o(.data) for xBlockAllocatedBit
    heap_4.o(i.xPortGetFreeHeapSize) refers to heap_4.o(.data) for xFreeBytesRemaining
    heap_4.o(i.xPortGetMinimumEverFreeHeapSize) refers to heap_4.o(.data) for xMinimumEverFreeBytesRemaining
    log.o(i.fputc) refers to segger_rtt.o(i.SEGGER_RTT_Write) for SEGGER_RTT_Write
    debug.o(i.__aeabi_assert) refers to printf3.o(i.__0printf$3) for __2printf
    segger_rtt.o(i.SEGGER_RTT_AllocDownBuffer) refers to segger_rtt.o(i._DoInit) for _DoInit
    segger_rtt.o(i.SEGGER_RTT_AllocDownBuffer) refers to segger_rtt.o(.bss) for _SEGGER_RTT
    segger_rtt.o(i.SEGGER_RTT_AllocUpBuffer) refers to segger_rtt.o(i._DoInit) for _DoInit
    segger_rtt.o(i.SEGGER_RTT_AllocUpBuffer) refers to segger_rtt.o(.bss) for _SEGGER_RTT
    segger_rtt.o(i.SEGGER_RTT_ConfigDownBuffer) refers to segger_rtt.o(i._DoInit) for _DoInit
    segger_rtt.o(i.SEGGER_RTT_ConfigDownBuffer) refers to segger_rtt.o(.bss) for _SEGGER_RTT
    segger_rtt.o(i.SEGGER_RTT_ConfigUpBuffer) refers to segger_rtt.o(i._DoInit) for _DoInit
    segger_rtt.o(i.SEGGER_RTT_ConfigUpBuffer) refers to segger_rtt.o(.bss) for _SEGGER_RTT
    segger_rtt.o(i.SEGGER_RTT_GetKey) refers to segger_rtt.o(i.SEGGER_RTT_Read) for SEGGER_RTT_Read
    segger_rtt.o(i.SEGGER_RTT_HasData) refers to segger_rtt.o(.bss) for _SEGGER_RTT
    segger_rtt.o(i.SEGGER_RTT_HasKey) refers to segger_rtt.o(i._DoInit) for _DoInit
    segger_rtt.o(i.SEGGER_RTT_HasKey) refers to segger_rtt.o(.bss) for _SEGGER_RTT
    segger_rtt.o(i.SEGGER_RTT_Init) refers to segger_rtt.o(i._DoInit) for _DoInit
    segger_rtt.o(i.SEGGER_RTT_Read) refers to segger_rtt.o(i.SEGGER_RTT_ReadNoLock) for SEGGER_RTT_ReadNoLock
    segger_rtt.o(i.SEGGER_RTT_ReadNoLock) refers to segger_rtt.o(i._DoInit) for _DoInit
    segger_rtt.o(i.SEGGER_RTT_ReadNoLock) refers to memcpya.o(.text) for __aeabi_memcpy
    segger_rtt.o(i.SEGGER_RTT_ReadNoLock) refers to segger_rtt.o(.bss) for _SEGGER_RTT
    segger_rtt.o(i.SEGGER_RTT_SetFlagsDownBuffer) refers to segger_rtt.o(i._DoInit) for _DoInit
    segger_rtt.o(i.SEGGER_RTT_SetFlagsDownBuffer) refers to segger_rtt.o(.bss) for _SEGGER_RTT
    segger_rtt.o(i.SEGGER_RTT_SetFlagsUpBuffer) refers to segger_rtt.o(i._DoInit) for _DoInit
    segger_rtt.o(i.SEGGER_RTT_SetFlagsUpBuffer) refers to segger_rtt.o(.bss) for _SEGGER_RTT
    segger_rtt.o(i.SEGGER_RTT_SetNameDownBuffer) refers to segger_rtt.o(i._DoInit) for _DoInit
    segger_rtt.o(i.SEGGER_RTT_SetNameDownBuffer) refers to segger_rtt.o(.bss) for _SEGGER_RTT
    segger_rtt.o(i.SEGGER_RTT_SetNameUpBuffer) refers to segger_rtt.o(i._DoInit) for _DoInit
    segger_rtt.o(i.SEGGER_RTT_SetNameUpBuffer) refers to segger_rtt.o(.bss) for _SEGGER_RTT
    segger_rtt.o(i.SEGGER_RTT_SetTerminal) refers to segger_rtt.o(i._DoInit) for _DoInit
    segger_rtt.o(i.SEGGER_RTT_SetTerminal) refers to segger_rtt.o(i._WriteBlocking) for _WriteBlocking
    segger_rtt.o(i.SEGGER_RTT_SetTerminal) refers to segger_rtt.o(i._GetAvailWriteSpace) for _GetAvailWriteSpace
    segger_rtt.o(i.SEGGER_RTT_SetTerminal) refers to segger_rtt.o(i._WriteNoCheck) for _WriteNoCheck
    segger_rtt.o(i.SEGGER_RTT_SetTerminal) refers to segger_rtt.o(.bss) for _SEGGER_RTT
    segger_rtt.o(i.SEGGER_RTT_SetTerminal) refers to segger_rtt.o(.data) for _aTerminalId
    segger_rtt.o(i.SEGGER_RTT_TerminalOut) refers to segger_rtt.o(i._DoInit) for _DoInit
    segger_rtt.o(i.SEGGER_RTT_TerminalOut) refers to strlen.o(.text) for strlen
    segger_rtt.o(i.SEGGER_RTT_TerminalOut) refers to segger_rtt.o(i._GetAvailWriteSpace) for _GetAvailWriteSpace
    segger_rtt.o(i.SEGGER_RTT_TerminalOut) refers to segger_rtt.o(i._PostTerminalSwitch) for _PostTerminalSwitch
    segger_rtt.o(i.SEGGER_RTT_TerminalOut) refers to segger_rtt.o(i._WriteBlocking) for _WriteBlocking
    segger_rtt.o(i.SEGGER_RTT_TerminalOut) refers to segger_rtt.o(.bss) for _SEGGER_RTT
    segger_rtt.o(i.SEGGER_RTT_TerminalOut) refers to segger_rtt.o(.data) for _ActiveTerminal
    segger_rtt.o(i.SEGGER_RTT_WaitKey) refers to segger_rtt.o(i.SEGGER_RTT_GetKey) for SEGGER_RTT_GetKey
    segger_rtt.o(i.SEGGER_RTT_Write) refers to segger_rtt.o(i._DoInit) for _DoInit
    segger_rtt.o(i.SEGGER_RTT_Write) refers to segger_rtt.o(i.SEGGER_RTT_WriteNoLock) for SEGGER_RTT_WriteNoLock
    segger_rtt.o(i.SEGGER_RTT_Write) refers to segger_rtt.o(.bss) for _SEGGER_RTT
    segger_rtt.o(i.SEGGER_RTT_WriteNoLock) refers to segger_rtt.o(i._GetAvailWriteSpace) for _GetAvailWriteSpace
    segger_rtt.o(i.SEGGER_RTT_WriteNoLock) refers to segger_rtt.o(i._WriteNoCheck) for _WriteNoCheck
    segger_rtt.o(i.SEGGER_RTT_WriteNoLock) refers to segger_rtt.o(i._WriteBlocking) for _WriteBlocking
    segger_rtt.o(i.SEGGER_RTT_WriteNoLock) refers to segger_rtt.o(.bss) for _SEGGER_RTT
    segger_rtt.o(i.SEGGER_RTT_WriteSkipNoLock) refers to memcpya.o(.text) for __aeabi_memcpy
    segger_rtt.o(i.SEGGER_RTT_WriteSkipNoLock) refers to segger_rtt.o(.bss) for _SEGGER_RTT
    segger_rtt.o(i.SEGGER_RTT_WriteString) refers to strlen.o(.text) for strlen
    segger_rtt.o(i.SEGGER_RTT_WriteString) refers to segger_rtt.o(i.SEGGER_RTT_Write) for SEGGER_RTT_Write
    segger_rtt.o(i.SEGGER_RTT_WriteWithOverwriteNoLock) refers to memcpya.o(.text) for __aeabi_memcpy
    segger_rtt.o(i.SEGGER_RTT_WriteWithOverwriteNoLock) refers to segger_rtt.o(.bss) for _SEGGER_RTT
    segger_rtt.o(i._DoInit) refers to strcpy.o(.text) for strcpy
    segger_rtt.o(i._DoInit) refers to segger_rtt.o(.bss) for _SEGGER_RTT
    segger_rtt.o(i._PostTerminalSwitch) refers to segger_rtt.o(i._WriteBlocking) for _WriteBlocking
    segger_rtt.o(i._PostTerminalSwitch) refers to segger_rtt.o(.data) for _aTerminalId
    segger_rtt.o(i._WriteBlocking) refers to memcpya.o(.text) for __aeabi_memcpy
    segger_rtt.o(i._WriteNoCheck) refers to memcpya.o(.text) for __aeabi_memcpy
    segger_rtt_printf.o(i.SEGGER_RTT_printf) refers to segger_rtt_printf.o(i.SEGGER_RTT_vprintf) for SEGGER_RTT_vprintf
    segger_rtt_printf.o(i.SEGGER_RTT_vprintf) refers to segger_rtt_printf.o(i._StoreChar) for _StoreChar
    segger_rtt_printf.o(i.SEGGER_RTT_vprintf) refers to segger_rtt_printf.o(i._PrintInt) for _PrintInt
    segger_rtt_printf.o(i.SEGGER_RTT_vprintf) refers to segger_rtt_printf.o(i._PrintUnsigned) for _PrintUnsigned
    segger_rtt_printf.o(i.SEGGER_RTT_vprintf) refers to segger_rtt.o(i.SEGGER_RTT_Write) for SEGGER_RTT_Write
    segger_rtt_printf.o(i._PrintInt) refers to segger_rtt_printf.o(i._StoreChar) for _StoreChar
    segger_rtt_printf.o(i._PrintInt) refers to segger_rtt_printf.o(i._PrintUnsigned) for _PrintUnsigned
    segger_rtt_printf.o(i._PrintUnsigned) refers to segger_rtt_printf.o(i._StoreChar) for _StoreChar
    segger_rtt_printf.o(i._PrintUnsigned) refers to segger_rtt_printf.o(.constdata) for _aV2C
    segger_rtt_printf.o(i._StoreChar) refers to segger_rtt.o(i.SEGGER_RTT_Write) for SEGGER_RTT_Write
    syscon.o(i.HAL_SYSCON_Clk_Enable) refers to syscon.o(i.sysc_awo_sw_clkg_set) for sysc_awo_sw_clkg_set
    syscon.o(i.HAL_SYSCON_Clk_Enable) refers to syscon.o(i.sysc_cpu_sw_clkg_set) for sysc_cpu_sw_clkg_set
    syscon.o(i.HAL_SYSCON_Clk_Enable) refers to debug.o(i.__aeabi_assert) for __aeabi_assert
    syscon.o(i.HAL_SYSCON_Function_IO_Set) refers to syscon.o(i.sysc_cpu_func_en_set) for sysc_cpu_func_en_set
    syscon.o(i.HAL_SYSCON_Function_IO_disable_all) refers to syscon.o(i.sysc_cpu_func_en_set) for sysc_cpu_func_en_set
    syscon.o(i.HAL_SYSCON_GPIO_Pull_Down) refers to syscon.o(i.sysc_awo_gpil_pd_setf) for sysc_awo_gpil_pd_setf
    syscon.o(i.HAL_SYSCON_GPIO_Pull_Up) refers to syscon.o(i.sysc_awo_gpil_pu_n_setf) for sysc_awo_gpil_pu_n_setf
    syscon.o(i.HAL_SYSCON_IO_Ctrl_Set) refers to debug.o(i.__aeabi_assert) for __aeabi_assert
    syscon.o(i.HAL_SYSCON_SW_Reset) refers to syscon.o(i.sysc_cpu_sw_rstn_set) for sysc_cpu_sw_rstn_set
    syscon.o(i.HAL_SYSCON_SW_Reset) refers to syscon.o(i.sysc_awo_sw_rstn_set) for sysc_awo_sw_rstn_set
    syscon.o(i.HAL_SYSCON_SW_Reset) refers to debug.o(i.__aeabi_assert) for __aeabi_assert
    syscon.o(i.HAL_SYSCON_Set_HClk_Div) refers to debug.o(i.__aeabi_assert) for __aeabi_assert
    syscon.o(i.HAL_SYSCON_Set_HClk_Div) refers to syscon.o(i.sysc_awo_div_update_set) for sysc_awo_div_update_set
    syscon.o(i.HAL_SYSCON_Set_PClk0_Div) refers to debug.o(i.__aeabi_assert) for __aeabi_assert
    syscon.o(i.HAL_SYSCON_Set_PClk1_Div) refers to debug.o(i.__aeabi_assert) for __aeabi_assert
    syscon.o(i.HAL_SYSCON_Set_PClk1_Div) refers to syscon.o(i.sysc_awo_div_update_set) for sysc_awo_div_update_set
    syscon.o(i.HAL_SYSCON_Set_RTC_Div) refers to debug.o(i.__aeabi_assert) for __aeabi_assert
    syscon.o(i.HAL_SYSCON_Set_RTC_Div) refers to syscon.o(i.sysc_awo_rtc_div_para_m1_setf) for sysc_awo_rtc_div_para_m1_setf
    syscon.o(i.HAL_SYSCON_Set_RTC_Div) refers to syscon.o(i.sysc_awo_div_update_set) for sysc_awo_div_update_set
    entry.o(.ARM.Collect$$$$00000000) refers (Special) to entry10a.o(.ARM.Collect$$$$0000000D) for __rt_final_cpp
    entry.o(.ARM.Collect$$$$00000000) refers (Special) to entry11a.o(.ARM.Collect$$$$0000000F) for __rt_final_exit
    entry.o(.ARM.Collect$$$$00000000) refers (Special) to entry7b.o(.ARM.Collect$$$$00000008) for _main_clock
    entry.o(.ARM.Collect$$$$00000000) refers (Special) to entry8b.o(.ARM.Collect$$$$0000000A) for _main_cpp_init
    entry.o(.ARM.Collect$$$$00000000) refers (Special) to entry9a.o(.ARM.Collect$$$$0000000B) for _main_init
    entry.o(.ARM.Collect$$$$00000000) refers (Special) to entry5.o(.ARM.Collect$$$$00000004) for _main_scatterload
    entry.o(.ARM.Collect$$$$00000000) refers (Special) to entry2.o(.ARM.Collect$$$$00000001) for _main_stk
    printfb.o(i.__0fprintf$bare) refers to printfb.o(i._printf_core) for _printf_core
    printfb.o(i.__0fprintf$bare) refers to log.o(i.fputc) for fputc
    printfb.o(i.__0printf$bare) refers to printfb.o(i._printf_core) for _printf_core
    printfb.o(i.__0printf$bare) refers to log.o(i.fputc) for fputc
    printfb.o(i.__0printf$bare) refers to log.o(.data) for __stdout
    printfb.o(i.__0snprintf$bare) refers to printfb.o(i._printf_core) for _printf_core
    printfb.o(i.__0snprintf$bare) refers to printfb.o(i._snputc) for _snputc
    printfb.o(i.__0sprintf$bare) refers to printfb.o(i._printf_core) for _printf_core
    printfb.o(i.__0sprintf$bare) refers to printfb.o(i._sputc) for _sputc
    printfb.o(i.__0vfprintf$bare) refers to printfb.o(i._printf_core) for _printf_core
    printfb.o(i.__0vfprintf$bare) refers to log.o(i.fputc) for fputc
    printfb.o(i.__0vprintf$bare) refers to printfb.o(i._printf_core) for _printf_core
    printfb.o(i.__0vprintf$bare) refers to log.o(i.fputc) for fputc
    printfb.o(i.__0vprintf$bare) refers to log.o(.data) for __stdout
    printfb.o(i.__0vsnprintf$bare) refers to printfb.o(i._printf_core) for _printf_core
    printfb.o(i.__0vsnprintf$bare) refers to printfb.o(i._snputc) for _snputc
    printfb.o(i.__0vsprintf$bare) refers to printfb.o(i._printf_core) for _printf_core
    printfb.o(i.__0vsprintf$bare) refers to printfb.o(i._sputc) for _sputc
    printf0.o(i.__0fprintf$0) refers to printf0.o(i._printf_core) for _printf_core
    printf0.o(i.__0fprintf$0) refers to log.o(i.fputc) for fputc
    printf0.o(i.__0printf$0) refers to printf0.o(i._printf_core) for _printf_core
    printf0.o(i.__0printf$0) refers to log.o(i.fputc) for fputc
    printf0.o(i.__0printf$0) refers to log.o(.data) for __stdout
    printf0.o(i.__0snprintf$0) refers to printf0.o(i._printf_core) for _printf_core
    printf0.o(i.__0snprintf$0) refers to printf0.o(i._snputc) for _snputc
    printf0.o(i.__0sprintf$0) refers to printf0.o(i._printf_core) for _printf_core
    printf0.o(i.__0sprintf$0) refers to printf0.o(i._sputc) for _sputc
    printf0.o(i.__0vfprintf$0) refers to printf0.o(i._printf_core) for _printf_core
    printf0.o(i.__0vfprintf$0) refers to log.o(i.fputc) for fputc
    printf0.o(i.__0vprintf$0) refers to printf0.o(i._printf_core) for _printf_core
    printf0.o(i.__0vprintf$0) refers to log.o(i.fputc) for fputc
    printf0.o(i.__0vprintf$0) refers to log.o(.data) for __stdout
    printf0.o(i.__0vsnprintf$0) refers to printf0.o(i._printf_core) for _printf_core
    printf0.o(i.__0vsnprintf$0) refers to printf0.o(i._snputc) for _snputc
    printf0.o(i.__0vsprintf$0) refers to printf0.o(i._printf_core) for _printf_core
    printf0.o(i.__0vsprintf$0) refers to printf0.o(i._sputc) for _sputc
    printf1.o(i.__0fprintf$1) refers to printf1.o(i._printf_core) for _printf_core
    printf1.o(i.__0fprintf$1) refers to log.o(i.fputc) for fputc
    printf1.o(i.__0printf$1) refers to printf1.o(i._printf_core) for _printf_core
    printf1.o(i.__0printf$1) refers to log.o(i.fputc) for fputc
    printf1.o(i.__0printf$1) refers to log.o(.data) for __stdout
    printf1.o(i.__0snprintf$1) refers to printf1.o(i._printf_core) for _printf_core
    printf1.o(i.__0snprintf$1) refers to printf1.o(i._snputc) for _snputc
    printf1.o(i.__0sprintf$1) refers to printf1.o(i._printf_core) for _printf_core
    printf1.o(i.__0sprintf$1) refers to printf1.o(i._sputc) for _sputc
    printf1.o(i.__0vfprintf$1) refers to printf1.o(i._printf_core) for _printf_core
    printf1.o(i.__0vfprintf$1) refers to log.o(i.fputc) for fputc
    printf1.o(i.__0vprintf$1) refers to printf1.o(i._printf_core) for _printf_core
    printf1.o(i.__0vprintf$1) refers to log.o(i.fputc) for fputc
    printf1.o(i.__0vprintf$1) refers to log.o(.data) for __stdout
    printf1.o(i.__0vsnprintf$1) refers to printf1.o(i._printf_core) for _printf_core
    printf1.o(i.__0vsnprintf$1) refers to printf1.o(i._snputc) for _snputc
    printf1.o(i.__0vsprintf$1) refers to printf1.o(i._printf_core) for _printf_core
    printf1.o(i.__0vsprintf$1) refers to printf1.o(i._sputc) for _sputc
    printf1.o(i._printf_core) refers to uidiv.o(.text) for __aeabi_uidivmod
    printf2.o(i.__0fprintf$2) refers to printf2.o(i._printf_core) for _printf_core
    printf2.o(i.__0fprintf$2) refers to log.o(i.fputc) for fputc
    printf2.o(i.__0printf$2) refers to printf2.o(i._printf_core) for _printf_core
    printf2.o(i.__0printf$2) refers to log.o(i.fputc) for fputc
    printf2.o(i.__0printf$2) refers to log.o(.data) for __stdout
    printf2.o(i.__0snprintf$2) refers to printf2.o(i._printf_core) for _printf_core
    printf2.o(i.__0snprintf$2) refers to printf2.o(i._snputc) for _snputc
    printf2.o(i.__0sprintf$2) refers to printf2.o(i._printf_core) for _printf_core
    printf2.o(i.__0sprintf$2) refers to printf2.o(i._sputc) for _sputc
    printf2.o(i.__0vfprintf$2) refers to printf2.o(i._printf_core) for _printf_core
    printf2.o(i.__0vfprintf$2) refers to log.o(i.fputc) for fputc
    printf2.o(i.__0vprintf$2) refers to printf2.o(i._printf_core) for _printf_core
    printf2.o(i.__0vprintf$2) refers to log.o(i.fputc) for fputc
    printf2.o(i.__0vprintf$2) refers to log.o(.data) for __stdout
    printf2.o(i.__0vsnprintf$2) refers to printf2.o(i._printf_core) for _printf_core
    printf2.o(i.__0vsnprintf$2) refers to printf2.o(i._snputc) for _snputc
    printf2.o(i.__0vsprintf$2) refers to printf2.o(i._printf_core) for _printf_core
    printf2.o(i.__0vsprintf$2) refers to printf2.o(i._sputc) for _sputc
    printf3.o(i.__0fprintf$3) refers to printf3.o(i._printf_core) for _printf_core
    printf3.o(i.__0fprintf$3) refers to log.o(i.fputc) for fputc
    printf3.o(i.__0printf$3) refers to printf3.o(i._printf_core) for _printf_core
    printf3.o(i.__0printf$3) refers to log.o(i.fputc) for fputc
    printf3.o(i.__0printf$3) refers to log.o(.data) for __stdout
    printf3.o(i.__0snprintf$3) refers to printf3.o(i._printf_core) for _printf_core
    printf3.o(i.__0snprintf$3) refers to printf3.o(i._snputc) for _snputc
    printf3.o(i.__0sprintf$3) refers to printf3.o(i._printf_core) for _printf_core
    printf3.o(i.__0sprintf$3) refers to printf3.o(i._sputc) for _sputc
    printf3.o(i.__0vfprintf$3) refers to printf3.o(i._printf_core) for _printf_core
    printf3.o(i.__0vfprintf$3) refers to log.o(i.fputc) for fputc
    printf3.o(i.__0vprintf$3) refers to printf3.o(i._printf_core) for _printf_core
    printf3.o(i.__0vprintf$3) refers to log.o(i.fputc) for fputc
    printf3.o(i.__0vprintf$3) refers to log.o(.data) for __stdout
    printf3.o(i.__0vsnprintf$3) refers to printf3.o(i._printf_core) for _printf_core
    printf3.o(i.__0vsnprintf$3) refers to printf3.o(i._snputc) for _snputc
    printf3.o(i.__0vsprintf$3) refers to printf3.o(i._printf_core) for _printf_core
    printf3.o(i.__0vsprintf$3) refers to printf3.o(i._sputc) for _sputc
    printf3.o(i._printf_core) refers to uidiv.o(.text) for __aeabi_uidivmod
    printf4.o(i.__0fprintf$4) refers to printf4.o(i._printf_core) for _printf_core
    printf4.o(i.__0fprintf$4) refers to log.o(i.fputc) for fputc
    printf4.o(i.__0printf$4) refers to printf4.o(i._printf_core) for _printf_core
    printf4.o(i.__0printf$4) refers to log.o(i.fputc) for fputc
    printf4.o(i.__0printf$4) refers to log.o(.data) for __stdout
    printf4.o(i.__0snprintf$4) refers to printf4.o(i._printf_core) for _printf_core
    printf4.o(i.__0snprintf$4) refers to printf4.o(i._snputc) for _snputc
    printf4.o(i.__0sprintf$4) refers to printf4.o(i._printf_core) for _printf_core
    printf4.o(i.__0sprintf$4) refers to printf4.o(i._sputc) for _sputc
    printf4.o(i.__0vfprintf$4) refers to printf4.o(i._printf_core) for _printf_core
    printf4.o(i.__0vfprintf$4) refers to log.o(i.fputc) for fputc
    printf4.o(i.__0vprintf$4) refers to printf4.o(i._printf_core) for _printf_core
    printf4.o(i.__0vprintf$4) refers to log.o(i.fputc) for fputc
    printf4.o(i.__0vprintf$4) refers to log.o(.data) for __stdout
    printf4.o(i.__0vsnprintf$4) refers to printf4.o(i._printf_core) for _printf_core
    printf4.o(i.__0vsnprintf$4) refers to printf4.o(i._snputc) for _snputc
    printf4.o(i.__0vsprintf$4) refers to printf4.o(i._printf_core) for _printf_core
    printf4.o(i.__0vsprintf$4) refers to printf4.o(i._sputc) for _sputc
    printf4.o(i._printf_core) refers to uldiv.o(.text) for __aeabi_uldivmod
    printf5.o(i.__0fprintf$5) refers to printf5.o(i._printf_core) for _printf_core
    printf5.o(i.__0fprintf$5) refers to log.o(i.fputc) for fputc
    printf5.o(i.__0printf$5) refers to printf5.o(i._printf_core) for _printf_core
    printf5.o(i.__0printf$5) refers to log.o(i.fputc) for fputc
    printf5.o(i.__0printf$5) refers to log.o(.data) for __stdout
    printf5.o(i.__0snprintf$5) refers to printf5.o(i._printf_core) for _printf_core
    printf5.o(i.__0snprintf$5) refers to printf5.o(i._snputc) for _snputc
    printf5.o(i.__0sprintf$5) refers to printf5.o(i._printf_core) for _printf_core
    printf5.o(i.__0sprintf$5) refers to printf5.o(i._sputc) for _sputc
    printf5.o(i.__0vfprintf$5) refers to printf5.o(i._printf_core) for _printf_core
    printf5.o(i.__0vfprintf$5) refers to log.o(i.fputc) for fputc
    printf5.o(i.__0vprintf$5) refers to printf5.o(i._printf_core) for _printf_core
    printf5.o(i.__0vprintf$5) refers to log.o(i.fputc) for fputc
    printf5.o(i.__0vprintf$5) refers to log.o(.data) for __stdout
    printf5.o(i.__0vsnprintf$5) refers to printf5.o(i._printf_core) for _printf_core
    printf5.o(i.__0vsnprintf$5) refers to printf5.o(i._snputc) for _snputc
    printf5.o(i.__0vsprintf$5) refers to printf5.o(i._printf_core) for _printf_core
    printf5.o(i.__0vsprintf$5) refers to printf5.o(i._sputc) for _sputc
    printf5.o(i._printf_core) refers to uldiv.o(.text) for __aeabi_uldivmod
    printf6.o(i.__0fprintf$6) refers to printf6.o(i._printf_core) for _printf_core
    printf6.o(i.__0fprintf$6) refers to log.o(i.fputc) for fputc
    printf6.o(i.__0printf$6) refers to printf6.o(i._printf_core) for _printf_core
    printf6.o(i.__0printf$6) refers to log.o(i.fputc) for fputc
    printf6.o(i.__0printf$6) refers to log.o(.data) for __stdout
    printf6.o(i.__0snprintf$6) refers to printf6.o(i._printf_core) for _printf_core
    printf6.o(i.__0snprintf$6) refers to printf6.o(i._snputc) for _snputc
    printf6.o(i.__0sprintf$6) refers to printf6.o(i._printf_core) for _printf_core
    printf6.o(i.__0sprintf$6) refers to printf6.o(i._sputc) for _sputc
    printf6.o(i.__0vfprintf$6) refers to printf6.o(i._printf_core) for _printf_core
    printf6.o(i.__0vfprintf$6) refers to log.o(i.fputc) for fputc
    printf6.o(i.__0vprintf$6) refers to printf6.o(i._printf_core) for _printf_core
    printf6.o(i.__0vprintf$6) refers to log.o(i.fputc) for fputc
    printf6.o(i.__0vprintf$6) refers to log.o(.data) for __stdout
    printf6.o(i.__0vsnprintf$6) refers to printf6.o(i._printf_core) for _printf_core
    printf6.o(i.__0vsnprintf$6) refers to printf6.o(i._snputc) for _snputc
    printf6.o(i.__0vsprintf$6) refers to printf6.o(i._printf_core) for _printf_core
    printf6.o(i.__0vsprintf$6) refers to printf6.o(i._sputc) for _sputc
    printf6.o(i._printf_core) refers to printf6.o(i._printf_pre_padding) for _printf_pre_padding
    printf6.o(i._printf_core) refers to uidiv.o(.text) for __aeabi_uidivmod
    printf6.o(i._printf_core) refers to printf6.o(i._printf_post_padding) for _printf_post_padding
    printf7.o(i.__0fprintf$7) refers to printf7.o(i._printf_core) for _printf_core
    printf7.o(i.__0fprintf$7) refers to log.o(i.fputc) for fputc
    printf7.o(i.__0printf$7) refers to printf7.o(i._printf_core) for _printf_core
    printf7.o(i.__0printf$7) refers to log.o(i.fputc) for fputc
    printf7.o(i.__0printf$7) refers to log.o(.data) for __stdout
    printf7.o(i.__0snprintf$7) refers to printf7.o(i._printf_core) for _printf_core
    printf7.o(i.__0snprintf$7) refers to printf7.o(i._snputc) for _snputc
    printf7.o(i.__0sprintf$7) refers to printf7.o(i._printf_core) for _printf_core
    printf7.o(i.__0sprintf$7) refers to printf7.o(i._sputc) for _sputc
    printf7.o(i.__0vfprintf$7) refers to printf7.o(i._printf_core) for _printf_core
    printf7.o(i.__0vfprintf$7) refers to log.o(i.fputc) for fputc
    printf7.o(i.__0vprintf$7) refers to printf7.o(i._printf_core) for _printf_core
    printf7.o(i.__0vprintf$7) refers to log.o(i.fputc) for fputc
    printf7.o(i.__0vprintf$7) refers to log.o(.data) for __stdout
    printf7.o(i.__0vsnprintf$7) refers to printf7.o(i._printf_core) for _printf_core
    printf7.o(i.__0vsnprintf$7) refers to printf7.o(i._snputc) for _snputc
    printf7.o(i.__0vsprintf$7) refers to printf7.o(i._printf_core) for _printf_core
    printf7.o(i.__0vsprintf$7) refers to printf7.o(i._sputc) for _sputc
    printf7.o(i._printf_core) refers to printf7.o(i._printf_pre_padding) for _printf_pre_padding
    printf7.o(i._printf_core) refers to uldiv.o(.text) for __aeabi_uldivmod
    printf7.o(i._printf_core) refers to printf7.o(i._printf_post_padding) for _printf_post_padding
    printf8.o(i.__0fprintf$8) refers to printf8.o(i._printf_core) for _printf_core
    printf8.o(i.__0fprintf$8) refers to log.o(i.fputc) for fputc
    printf8.o(i.__0printf$8) refers to printf8.o(i._printf_core) for _printf_core
    printf8.o(i.__0printf$8) refers to log.o(i.fputc) for fputc
    printf8.o(i.__0printf$8) refers to log.o(.data) for __stdout
    printf8.o(i.__0snprintf$8) refers to printf8.o(i._printf_core) for _printf_core
    printf8.o(i.__0snprintf$8) refers to printf8.o(i._snputc) for _snputc
    printf8.o(i.__0sprintf$8) refers to printf8.o(i._printf_core) for _printf_core
    printf8.o(i.__0sprintf$8) refers to printf8.o(i._sputc) for _sputc
    printf8.o(i.__0vfprintf$8) refers to printf8.o(i._printf_core) for _printf_core
    printf8.o(i.__0vfprintf$8) refers to log.o(i.fputc) for fputc
    printf8.o(i.__0vprintf$8) refers to printf8.o(i._printf_core) for _printf_core
    printf8.o(i.__0vprintf$8) refers to log.o(i.fputc) for fputc
    printf8.o(i.__0vprintf$8) refers to log.o(.data) for __stdout
    printf8.o(i.__0vsnprintf$8) refers to printf8.o(i._printf_core) for _printf_core
    printf8.o(i.__0vsnprintf$8) refers to printf8.o(i._snputc) for _snputc
    printf8.o(i.__0vsprintf$8) refers to printf8.o(i._printf_core) for _printf_core
    printf8.o(i.__0vsprintf$8) refers to printf8.o(i._sputc) for _sputc
    printf8.o(i._printf_core) refers to printf8.o(i._printf_pre_padding) for _printf_pre_padding
    printf8.o(i._printf_core) refers to uldiv.o(.text) for __aeabi_uldivmod
    printf8.o(i._printf_core) refers to printf8.o(i._printf_post_padding) for _printf_post_padding
    printfa.o(i.__0fprintf) refers (Special) to iusefp.o(.text) for __I$use$fp
    printfa.o(i.__0fprintf) refers to printfa.o(i._printf_core) for _printf_core
    printfa.o(i.__0fprintf) refers to log.o(i.fputc) for fputc
    printfa.o(i.__0printf) refers (Special) to iusefp.o(.text) for __I$use$fp
    printfa.o(i.__0printf) refers to printfa.o(i._printf_core) for _printf_core
    printfa.o(i.__0printf) refers to log.o(i.fputc) for fputc
    printfa.o(i.__0printf) refers to log.o(.data) for __stdout
    printfa.o(i.__0snprintf) refers (Special) to iusefp.o(.text) for __I$use$fp
    printfa.o(i.__0snprintf) refers to printfa.o(i._printf_core) for _printf_core
    printfa.o(i.__0snprintf) refers to printfa.o(i._snputc) for _snputc
    printfa.o(i.__0sprintf) refers (Special) to iusefp.o(.text) for __I$use$fp
    printfa.o(i.__0sprintf) refers to printfa.o(i._printf_core) for _printf_core
    printfa.o(i.__0sprintf) refers to printfa.o(i._sputc) for _sputc
    printfa.o(i.__0vfprintf) refers (Special) to iusefp.o(.text) for __I$use$fp
    printfa.o(i.__0vfprintf) refers to printfa.o(i._printf_core) for _printf_core
    printfa.o(i.__0vfprintf) refers to log.o(i.fputc) for fputc
    printfa.o(i.__0vprintf) refers (Special) to iusefp.o(.text) for __I$use$fp
    printfa.o(i.__0vprintf) refers to printfa.o(i._printf_core) for _printf_core
    printfa.o(i.__0vprintf) refers to log.o(i.fputc) for fputc
    printfa.o(i.__0vprintf) refers to log.o(.data) for __stdout
    printfa.o(i.__0vsnprintf) refers (Special) to iusefp.o(.text) for __I$use$fp
    printfa.o(i.__0vsnprintf) refers to printfa.o(i._printf_core) for _printf_core
    printfa.o(i.__0vsnprintf) refers to printfa.o(i._snputc) for _snputc
    printfa.o(i.__0vsprintf) refers (Special) to iusefp.o(.text) for __I$use$fp
    printfa.o(i.__0vsprintf) refers to printfa.o(i._printf_core) for _printf_core
    printfa.o(i.__0vsprintf) refers to printfa.o(i._sputc) for _sputc
    printfa.o(i._fp_digits) refers (Special) to iusefp.o(.text) for __I$use$fp
    printfa.o(i._fp_digits) refers to dmul.o(.text) for __aeabi_dmul
    printfa.o(i._fp_digits) refers to ddiv.o(.text) for __aeabi_ddiv
    printfa.o(i._fp_digits) refers to cdrcmple.o(.text) for __aeabi_cdrcmple
    printfa.o(i._fp_digits) refers to dadd.o(.text) for __aeabi_dadd
    printfa.o(i._fp_digits) refers to dfixul.o(.text) for __aeabi_d2ulz
    printfa.o(i._fp_digits) refers to uldiv.o(.text) for __aeabi_uldivmod
    printfa.o(i._printf_core) refers (Special) to iusefp.o(.text) for __I$use$fp
    printfa.o(i._printf_core) refers to printfa.o(i._printf_pre_padding) for _printf_pre_padding
    printfa.o(i._printf_core) refers to uldiv.o(.text) for __aeabi_uldivmod
    printfa.o(i._printf_core) refers to printfa.o(i._printf_post_padding) for _printf_post_padding
    printfa.o(i._printf_core) refers to printfa.o(i._fp_digits) for _fp_digits
    printfa.o(i._printf_core) refers to uidiv.o(.text) for __aeabi_uidivmod
    printfa.o(i._printf_post_padding) refers (Special) to iusefp.o(.text) for __I$use$fp
    printfa.o(i._printf_pre_padding) refers (Special) to iusefp.o(.text) for __I$use$fp
    printfa.o(i._snputc) refers (Special) to iusefp.o(.text) for __I$use$fp
    printfa.o(i._sputc) refers (Special) to iusefp.o(.text) for __I$use$fp
    entry2.o(.ARM.Collect$$$$00000001) refers to entry2.o(.ARM.Collect$$$$00002712) for __lit__00000000
    entry2.o(.ARM.Collect$$$$00002712) refers to startup_elf2.o(STACK) for __initial_sp
    entry2.o(__vectab_stack_and_reset_area) refers to startup_elf2.o(STACK) for __initial_sp
    entry2.o(__vectab_stack_and_reset_area) refers to entry.o(.ARM.Collect$$$$00000000) for __main
    entry5.o(.ARM.Collect$$$$00000004) refers to init.o(.text) for __scatterload
    entry9a.o(.ARM.Collect$$$$0000000B) refers to main.o(i.main) for main
    entry9b.o(.ARM.Collect$$$$0000000C) refers to main.o(i.main) for main
    uldiv.o(.text) refers to llushr.o(.text) for __aeabi_llsr
    uldiv.o(.text) refers to llshl.o(.text) for __aeabi_llsl
    dadd.o(.text) refers to llshl.o(.text) for __aeabi_llsl
    dadd.o(.text) refers to llsshr.o(.text) for __aeabi_lasr
    dadd.o(.text) refers to depilogue.o(.text) for _double_epilogue
    dmul.o(.text) refers to depilogue.o(.text) for _double_epilogue
    ddiv.o(.text) refers to depilogue.o(.text) for _double_round
    dfixul.o(.text) refers to llushr.o(.text) for __aeabi_llsr
    dfixul.o(.text) refers to llshl.o(.text) for __aeabi_llsl
    init.o(.text) refers to entry5.o(.ARM.Collect$$$$00000004) for __main_after_scatterload
    depilogue.o(.text) refers to llshl.o(.text) for __aeabi_llsl
    depilogue.o(.text) refers to llushr.o(.text) for __aeabi_llsr


==============================================================================

Removing Unused input sections from the image.

    Removing startup_elf2.o(HEAP), (256 bytes).
    Removing system_elf2.o(.rev16_text), (4 bytes).
    Removing system_elf2.o(.revsh_text), (4 bytes).
    Removing system_elf2.o(.rrx_text), (6 bytes).
    Removing system_elf2.o(i.SystemCoreClockUpdate), (16 bytes).
    Removing queue.o(i.prvCopyDataFromQueue), (42 bytes).
    Removing queue.o(i.prvCopyDataToQueue), (106 bytes).
    Removing queue.o(i.prvInitialiseNewQueue), (38 bytes).
    Removing queue.o(i.prvIsQueueEmpty), (26 bytes).
    Removing queue.o(i.prvIsQueueFull), (30 bytes).
    Removing queue.o(i.prvUnlockQueue), (126 bytes).
    Removing queue.o(i.uxQueueMessagesWaiting), (18 bytes).
    Removing queue.o(i.uxQueueMessagesWaitingFromISR), (6 bytes).
    Removing queue.o(i.uxQueueSpacesAvailable), (24 bytes).
    Removing queue.o(i.vQueueDelete), (14 bytes).
    Removing queue.o(i.xQueueGenericCreate), (56 bytes).
    Removing queue.o(i.xQueueGenericReceive), (316 bytes).
    Removing queue.o(i.xQueueGenericReset), (128 bytes).
    Removing queue.o(i.xQueueGenericSend), (280 bytes).
    Removing queue.o(i.xQueueGenericSendFromISR), (134 bytes).
    Removing queue.o(i.xQueueGiveFromISR), (120 bytes).
    Removing queue.o(i.xQueueIsQueueEmptyFromISR), (14 bytes).
    Removing queue.o(i.xQueueIsQueueFullFromISR), (18 bytes).
    Removing queue.o(i.xQueuePeekFromISR), (74 bytes).
    Removing queue.o(i.xQueueReceiveFromISR), (130 bytes).
    Removing tasks.o(i.pcTaskGetName), (24 bytes).
    Removing tasks.o(i.prvTaskIsTaskSuspended), (64 bytes).
    Removing tasks.o(i.ulTaskNotifyTake), (116 bytes).
    Removing tasks.o(i.uxTaskGetNumberOfTasks), (12 bytes).
    Removing tasks.o(i.uxTaskPriorityGet), (36 bytes).
    Removing tasks.o(i.uxTaskPriorityGetFromISR), (56 bytes).
    Removing tasks.o(i.uxTaskResetEventItemValue), (28 bytes).
    Removing tasks.o(i.vTaskDelayUntil), (116 bytes).
    Removing tasks.o(i.vTaskDelete), (204 bytes).
    Removing tasks.o(i.vTaskEndScheduler), (36 bytes).
    Removing tasks.o(i.vTaskMissedYield), (12 bytes).
    Removing tasks.o(i.vTaskNotifyGiveFromISR), (180 bytes).
    Removing tasks.o(i.vTaskPlaceOnEventList), (32 bytes).
    Removing tasks.o(i.vTaskPlaceOnUnorderedEventList), (44 bytes).
    Removing tasks.o(i.vTaskPrioritySet), (232 bytes).
    Removing tasks.o(i.vTaskResume), (120 bytes).
    Removing tasks.o(i.vTaskSetTimeOutState), (24 bytes).
    Removing tasks.o(i.vTaskSuspend), (188 bytes).
    Removing tasks.o(i.xTaskCheckForTimeOut), (92 bytes).
    Removing tasks.o(i.xTaskGenericNotify), (196 bytes).
    Removing tasks.o(i.xTaskGenericNotifyFromISR), (252 bytes).
    Removing tasks.o(i.xTaskGetTickCount), (12 bytes).
    Removing tasks.o(i.xTaskGetTickCountFromISR), (12 bytes).
    Removing tasks.o(i.xTaskNotifyStateClear), (52 bytes).
    Removing tasks.o(i.xTaskNotifyWait), (160 bytes).
    Removing tasks.o(i.xTaskRemoveFromEventList), (128 bytes).
    Removing tasks.o(i.xTaskRemoveFromUnorderedEventList), (112 bytes).
    Removing tasks.o(i.xTaskResumeFromISR), (152 bytes).
    Removing port.o(i.vPortEndScheduler), (2 bytes).
    Removing heap_4.o(i.vPortInitialiseBlocks), (2 bytes).
    Removing heap_4.o(i.xPortGetFreeHeapSize), (12 bytes).
    Removing heap_4.o(i.xPortGetMinimumEverFreeHeapSize), (12 bytes).
    Removing segger_rtt.o(i.SEGGER_RTT_AllocDownBuffer), (192 bytes).
    Removing segger_rtt.o(i.SEGGER_RTT_AllocUpBuffer), (192 bytes).
    Removing segger_rtt.o(i.SEGGER_RTT_ConfigDownBuffer), (168 bytes).
    Removing segger_rtt.o(i.SEGGER_RTT_ConfigUpBuffer), (168 bytes).
    Removing segger_rtt.o(i.SEGGER_RTT_GetKey), (32 bytes).
    Removing segger_rtt.o(i.SEGGER_RTT_HasData), (28 bytes).
    Removing segger_rtt.o(i.SEGGER_RTT_HasKey), (40 bytes).
    Removing segger_rtt.o(i.SEGGER_RTT_Init), (8 bytes).
    Removing segger_rtt.o(i.SEGGER_RTT_Read), (56 bytes).
    Removing segger_rtt.o(i.SEGGER_RTT_ReadNoLock), (152 bytes).
    Removing segger_rtt.o(i.SEGGER_RTT_SetFlagsDownBuffer), (84 bytes).
    Removing segger_rtt.o(i.SEGGER_RTT_SetFlagsUpBuffer), (84 bytes).
    Removing segger_rtt.o(i.SEGGER_RTT_SetNameDownBuffer), (84 bytes).
    Removing segger_rtt.o(i.SEGGER_RTT_SetNameUpBuffer), (84 bytes).
    Removing segger_rtt.o(i.SEGGER_RTT_SetTerminal), (156 bytes).
    Removing segger_rtt.o(i.SEGGER_RTT_TerminalOut), (256 bytes).
    Removing segger_rtt.o(i.SEGGER_RTT_WaitKey), (14 bytes).
    Removing segger_rtt.o(i.SEGGER_RTT_WriteSkipNoLock), (184 bytes).
    Removing segger_rtt.o(i.SEGGER_RTT_WriteString), (26 bytes).
    Removing segger_rtt.o(i.SEGGER_RTT_WriteWithOverwriteNoLock), (180 bytes).
    Removing segger_rtt.o(i._PostTerminalSwitch), (36 bytes).
    Removing segger_rtt.o(.data), (17 bytes).
    Removing segger_rtt_printf.o(i.SEGGER_RTT_printf), (34 bytes).
    Removing segger_rtt_printf.o(i.SEGGER_RTT_vprintf), (522 bytes).
    Removing segger_rtt_printf.o(i._PrintInt), (236 bytes).
    Removing segger_rtt_printf.o(i._PrintUnsigned), (236 bytes).
    Removing segger_rtt_printf.o(i._StoreChar), (68 bytes).
    Removing segger_rtt_printf.o(.constdata), (16 bytes).
    Removing syscon.o(.rev16_text), (4 bytes).
    Removing syscon.o(.revsh_text), (4 bytes).
    Removing syscon.o(.rrx_text), (6 bytes).
    Removing syscon.o(i.HAL_SYSCON_Clk_Enable), (192 bytes).
    Removing syscon.o(i.HAL_SYSCON_Function_IO_Set), (436 bytes).
    Removing syscon.o(i.HAL_SYSCON_Function_IO_disable_all), (10 bytes).
    Removing syscon.o(i.HAL_SYSCON_GPIO_IO_En), (36 bytes).
    Removing syscon.o(i.HAL_SYSCON_GPIO_Pull_Down), (44 bytes).
    Removing syscon.o(i.HAL_SYSCON_GPIO_Pull_Up), (44 bytes).
    Removing syscon.o(i.HAL_SYSCON_IO_Ctrl_Set), (136 bytes).
    Removing syscon.o(i.HAL_SYSCON_Retention_Enable), (36 bytes).
    Removing syscon.o(i.HAL_SYSCON_SW_Reset), (136 bytes).
    Removing syscon.o(i.HAL_SYSCON_Start_Cap_IO), (28 bytes).
    Removing syscon.o(i.sysc_awo_gpil_pd_setf), (20 bytes).
    Removing syscon.o(i.sysc_awo_gpil_pu_n_setf), (20 bytes).
    Removing syscon.o(i.sysc_awo_sw_clkg_set), (12 bytes).
    Removing syscon.o(i.sysc_awo_sw_rstn_set), (12 bytes).
    Removing syscon.o(i.sysc_cpu_func_en_set), (8 bytes).
    Removing syscon.o(i.sysc_cpu_sw_clkg_set), (8 bytes).
    Removing syscon.o(i.sysc_cpu_sw_rstn_set), (8 bytes).
    Removing dadd.o(.text), (334 bytes).
    Removing dmul.o(.text), (228 bytes).
    Removing ddiv.o(.text), (222 bytes).
    Removing dfixul.o(.text), (48 bytes).
    Removing cdrcmple.o(.text), (48 bytes).
    Removing depilogue.o(.text), (186 bytes).

111 unused section(s) (total 10325 bytes) removed from the image.

==============================================================================

Image Symbol Table

    Local Symbols

    Symbol Name                              Value     Ov Type        Size  Object(Section)

    ../clib/microlib/division.c              0x00000000   Number         0  uldiv.o ABSOLUTE
    ../clib/microlib/division.c              0x00000000   Number         0  uidiv.o ABSOLUTE
    ../clib/microlib/init/entry.s            0x00000000   Number         0  entry10a.o ABSOLUTE
    ../clib/microlib/init/entry.s            0x00000000   Number         0  entry9a.o ABSOLUTE
    ../clib/microlib/init/entry.s            0x00000000   Number         0  entry9b.o ABSOLUTE
    ../clib/microlib/init/entry.s            0x00000000   Number         0  entry10b.o ABSOLUTE
    ../clib/microlib/init/entry.s            0x00000000   Number         0  entry8b.o ABSOLUTE
    ../clib/microlib/init/entry.s            0x00000000   Number         0  entry11a.o ABSOLUTE
    ../clib/microlib/init/entry.s            0x00000000   Number         0  entry2.o ABSOLUTE
    ../clib/microlib/init/entry.s            0x00000000   Number         0  entry.o ABSOLUTE
    ../clib/microlib/init/entry.s            0x00000000   Number         0  entry7b.o ABSOLUTE
    ../clib/microlib/init/entry.s            0x00000000   Number         0  entry11b.o ABSOLUTE
    ../clib/microlib/init/entry.s            0x00000000   Number         0  entry7a.o ABSOLUTE
    ../clib/microlib/init/entry.s            0x00000000   Number         0  entry5.o ABSOLUTE
    ../clib/microlib/init/entry.s            0x00000000   Number         0  entry8a.o ABSOLUTE
    ../clib/microlib/longlong.c              0x00000000   Number         0  llshl.o ABSOLUTE
    ../clib/microlib/longlong.c              0x00000000   Number         0  llushr.o ABSOLUTE
    ../clib/microlib/longlong.c              0x00000000   Number         0  llsshr.o ABSOLUTE
    ../clib/microlib/printf/printf.c         0x00000000   Number         0  printf6.o ABSOLUTE
    ../clib/microlib/printf/printf.c         0x00000000   Number         0  printf7.o ABSOLUTE
    ../clib/microlib/printf/printf.c         0x00000000   Number         0  printf3.o ABSOLUTE
    ../clib/microlib/printf/printf.c         0x00000000   Number         0  printf8.o ABSOLUTE
    ../clib/microlib/printf/printf.c         0x00000000   Number         0  printfa.o ABSOLUTE
    ../clib/microlib/printf/printf.c         0x00000000   Number         0  printf2.o ABSOLUTE
    ../clib/microlib/printf/printf.c         0x00000000   Number         0  printf5.o ABSOLUTE
    ../clib/microlib/printf/printf.c         0x00000000   Number         0  printf4.o ABSOLUTE
    ../clib/microlib/printf/printf.c         0x00000000   Number         0  printfb.o ABSOLUTE
    ../clib/microlib/printf/printf.c         0x00000000   Number         0  printf0.o ABSOLUTE
    ../clib/microlib/printf/printf.c         0x00000000   Number         0  printf1.o ABSOLUTE
    ../clib/microlib/printf/stubs.s          0x00000000   Number         0  stubs.o ABSOLUTE
    ../clib/microlib/string/memcpy.c         0x00000000   Number         0  memcpya.o ABSOLUTE
    ../clib/microlib/string/memcpy.c         0x00000000   Number         0  memcpyb.o ABSOLUTE
    ../clib/microlib/string/strcpy.c         0x00000000   Number         0  strcpy.o ABSOLUTE
    ../clib/microlib/string/strlen.c         0x00000000   Number         0  strlen.o ABSOLUTE
    ../clib/microlib/stubs.s                 0x00000000   Number         0  iusefp.o ABSOLUTE
    ../fplib/microlib/fpadd.c                0x00000000   Number         0  dadd.o ABSOLUTE
    ../fplib/microlib/fpdiv.c                0x00000000   Number         0  ddiv.o ABSOLUTE
    ../fplib/microlib/fpepilogue.c           0x00000000   Number         0  depilogue.o ABSOLUTE
    ../fplib/microlib/fpfix.c                0x00000000   Number         0  dfixul.o ABSOLUTE
    ../fplib/microlib/fpmul.c                0x00000000   Number         0  dmul.o ABSOLUTE
    ..\..\..\ELF2_BSP\Debug\RTT\SEGGER_RTT.c 0x00000000   Number         0  segger_rtt.o ABSOLUTE
    ..\..\..\ELF2_BSP\Debug\RTT\SEGGER_RTT_printf.c 0x00000000   Number         0  segger_rtt_printf.o ABSOLUTE
    ..\..\..\ELF2_BSP\Debug\debug.c          0x00000000   Number         0  debug.o ABSOLUTE
    ..\..\..\ELF2_BSP\Debug\log.c            0x00000000   Number         0  log.o ABSOLUTE
    ..\..\..\ELF2_BSP\Device\ELF2\Source\ARM\startup_elf2.s 0x00000000   Number         0  startup_elf2.o ABSOLUTE
    ..\..\..\ELF2_BSP\Device\ELF2\Source\system_elf2.c 0x00000000   Number         0  system_elf2.o ABSOLUTE
    ..\..\..\ELF2_BSP\FreeRTOSv9.0.0\FreeRTOS\Source\list.c 0x00000000   Number         0  list.o ABSOLUTE
    ..\..\..\ELF2_BSP\FreeRTOSv9.0.0\FreeRTOS\Source\portable\Keil\ARM_CM3\port.c 0x00000000   Number         0  port.o ABSOLUTE
    ..\..\..\ELF2_BSP\FreeRTOSv9.0.0\FreeRTOS\Source\portable\MemMang\heap_4.c 0x00000000   Number         0  heap_4.o ABSOLUTE
    ..\..\..\ELF2_BSP\FreeRTOSv9.0.0\FreeRTOS\Source\queue.c 0x00000000   Number         0  queue.o ABSOLUTE
    ..\..\..\ELF2_BSP\FreeRTOSv9.0.0\FreeRTOS\Source\tasks.c 0x00000000   Number         0  tasks.o ABSOLUTE
    ..\..\..\ELF2_BSP\FreeRTOSv9.0.0\FreeRTOS\Source\timers.c 0x00000000   Number         0  timers.o ABSOLUTE
    ..\\..\\..\\ELF2_BSP\\Device\\ELF2\\Source\\system_elf2.c 0x00000000   Number         0  system_elf2.o ABSOLUTE
    ..\\..\\..\\ELF2_BSP\\FreeRTOSv9.0.0\\FreeRTOS\\Source\\portable\\Keil\\ARM_CM3\\port.c 0x00000000   Number         0  port.o ABSOLUTE
    ..\\sdk\\src\\soc\\driver\\syscon.c      0x00000000   Number         0  syscon.o ABSOLUTE
    ..\sdk\src\soc\driver\syscon.c           0x00000000   Number         0  syscon.o ABSOLUTE
    cdrcmple.s                               0x00000000   Number         0  cdrcmple.o ABSOLUTE
    dc.s                                     0x00000000   Number         0  dc.o ABSOLUTE
    handlers.s                               0x00000000   Number         0  handlers.o ABSOLUTE
    init.s                                   0x00000000   Number         0  init.o ABSOLUTE
    src\main.c                               0x00000000   Number         0  main.o ABSOLUTE
    .ARM.Collect$$$$00000000                 0x10040088   Section        0  entry.o(.ARM.Collect$$$$00000000)
    .ARM.Collect$$$$00000001                 0x10040088   Section        4  entry2.o(.ARM.Collect$$$$00000001)
    .ARM.Collect$$$$00000004                 0x1004008c   Section        4  entry5.o(.ARM.Collect$$$$00000004)
    .ARM.Collect$$$$00000008                 0x10040090   Section        0  entry7b.o(.ARM.Collect$$$$00000008)
    .ARM.Collect$$$$0000000A                 0x10040090   Section        0  entry8b.o(.ARM.Collect$$$$0000000A)
    .ARM.Collect$$$$0000000B                 0x10040090   Section        8  entry9a.o(.ARM.Collect$$$$0000000B)
    .ARM.Collect$$$$0000000D                 0x10040098   Section        0  entry10a.o(.ARM.Collect$$$$0000000D)
    .ARM.Collect$$$$0000000F                 0x10040098   Section        0  entry11a.o(.ARM.Collect$$$$0000000F)
    .ARM.Collect$$$$00002712                 0x10040098   Section        4  entry2.o(.ARM.Collect$$$$00002712)
    __lit__00000000                          0x10040098   Data           4  entry2.o(.ARM.Collect$$$$00002712)
    .emb_text                                0x1004009c   Section      150  port.o(.emb_text)
    .text                                    0x10040134   Section       36  startup_elf2.o(.text)
    .text                                    0x10040158   Section        0  memcpya.o(.text)
    .text                                    0x1004017c   Section        0  strcpy.o(.text)
    .text                                    0x1004018e   Section        0  uidiv.o(.text)
    .text                                    0x100401bc   Section       36  init.o(.text)
    i.HAL_SYSCON_HCLK_Src_Sel                0x100401e0   Section        0  syscon.o(i.HAL_SYSCON_HCLK_Src_Sel)
    i.HAL_SYSCON_Set_HClk_Div                0x100401f8   Section        0  syscon.o(i.HAL_SYSCON_Set_HClk_Div)
    i.HAL_SYSCON_Set_PClk0_Div               0x10040264   Section        0  syscon.o(i.HAL_SYSCON_Set_PClk0_Div)
    i.HAL_SYSCON_Set_PClk1_Div               0x100402d4   Section        0  syscon.o(i.HAL_SYSCON_Set_PClk1_Div)
    i.HAL_SYSCON_Set_RTC_Div                 0x10040340   Section        0  syscon.o(i.HAL_SYSCON_Set_RTC_Div)
    i.SEGGER_RTT_Write                       0x10040400   Section        0  segger_rtt.o(i.SEGGER_RTT_Write)
    i.SEGGER_RTT_WriteNoLock                 0x10040448   Section        0  segger_rtt.o(i.SEGGER_RTT_WriteNoLock)
    i.SysTick_Handler                        0x100404cc   Section        0  port.o(i.SysTick_Handler)
    i.SystemInit                             0x10040500   Section        0  system_elf2.o(i.SystemInit)
    i._DoInit                                0x1004057c   Section        0  segger_rtt.o(i._DoInit)
    _DoInit                                  0x1004057d   Thumb Code    74  segger_rtt.o(i._DoInit)
    i._GetAvailWriteSpace                    0x100405ec   Section        0  segger_rtt.o(i._GetAvailWriteSpace)
    _GetAvailWriteSpace                      0x100405ed   Thumb Code    28  segger_rtt.o(i._GetAvailWriteSpace)
    i._WriteBlocking                         0x10040608   Section        0  segger_rtt.o(i._WriteBlocking)
    _WriteBlocking                           0x10040609   Thumb Code   114  segger_rtt.o(i._WriteBlocking)
    i._WriteNoCheck                          0x1004067a   Section        0  segger_rtt.o(i._WriteNoCheck)
    _WriteNoCheck                            0x1004067b   Thumb Code    76  segger_rtt.o(i._WriteNoCheck)
    i.__0printf$3                            0x100406c8   Section        0  printf3.o(i.__0printf$3)
    i.__aeabi_assert                         0x100406e8   Section        0  debug.o(i.__aeabi_assert)
    i.__scatterload_copy                     0x10040728   Section       14  handlers.o(i.__scatterload_copy)
    i.__scatterload_null                     0x10040736   Section        2  handlers.o(i.__scatterload_null)
    i.__scatterload_zeroinit                 0x10040738   Section       14  handlers.o(i.__scatterload_zeroinit)
    i._printf_core                           0x10040748   Section        0  printf3.o(i._printf_core)
    _printf_core                             0x10040749   Thumb Code   436  printf3.o(i._printf_core)
    i.delay                                  0x10040900   Section        0  system_elf2.o(i.delay)
    delay                                    0x10040901   Thumb Code    24  system_elf2.o(i.delay)
    i.fputc                                  0x10040918   Section        0  log.o(i.fputc)
    i.main                                   0x1004092c   Section        0  main.o(i.main)
    i.prvAddCurrentTaskToDelayedList         0x1004098c   Section        0  tasks.o(i.prvAddCurrentTaskToDelayedList)
    prvAddCurrentTaskToDelayedList           0x1004098d   Thumb Code   124  tasks.o(i.prvAddCurrentTaskToDelayedList)
    i.prvAddNewTaskToReadyList               0x10040a24   Section        0  tasks.o(i.prvAddNewTaskToReadyList)
    prvAddNewTaskToReadyList                 0x10040a25   Thumb Code   150  tasks.o(i.prvAddNewTaskToReadyList)
    i.prvCheckTasksWaitingTermination        0x10040ad8   Section        0  tasks.o(i.prvCheckTasksWaitingTermination)
    prvCheckTasksWaitingTermination          0x10040ad9   Thumb Code    86  tasks.o(i.prvCheckTasksWaitingTermination)
    i.prvDeleteTCB                           0x10040b3c   Section        0  tasks.o(i.prvDeleteTCB)
    prvDeleteTCB                             0x10040b3d   Thumb Code    18  tasks.o(i.prvDeleteTCB)
    i.prvHeapInit                            0x10040b50   Section        0  heap_4.o(i.prvHeapInit)
    prvHeapInit                              0x10040b51   Thumb Code    98  heap_4.o(i.prvHeapInit)
    i.prvIdleTask                            0x10040bcc   Section        0  tasks.o(i.prvIdleTask)
    prvIdleTask                              0x10040bcd   Thumb Code    32  tasks.o(i.prvIdleTask)
    i.prvInitialiseNewTask                   0x10040bf4   Section        0  tasks.o(i.prvInitialiseNewTask)
    prvInitialiseNewTask                     0x10040bf5   Thumb Code   128  tasks.o(i.prvInitialiseNewTask)
    i.prvInitialiseTaskLists                 0x10040c74   Section        0  tasks.o(i.prvInitialiseTaskLists)
    prvInitialiseTaskLists                   0x10040c75   Thumb Code    70  tasks.o(i.prvInitialiseTaskLists)
    i.prvInsertBlockIntoFreeList             0x10040cdc   Section        0  heap_4.o(i.prvInsertBlockIntoFreeList)
    prvInsertBlockIntoFreeList               0x10040cdd   Thumb Code    96  heap_4.o(i.prvInsertBlockIntoFreeList)
    i.prvResetNextTaskUnblockTime            0x10040d44   Section        0  tasks.o(i.prvResetNextTaskUnblockTime)
    prvResetNextTaskUnblockTime              0x10040d45   Thumb Code    42  tasks.o(i.prvResetNextTaskUnblockTime)
    i.prvTaskExitError                       0x10040d78   Section        0  port.o(i.prvTaskExitError)
    prvTaskExitError                         0x10040d79   Thumb Code    22  port.o(i.prvTaskExitError)
    i.pvPortMalloc                           0x10040d90   Section        0  heap_4.o(i.pvPortMalloc)
    i.pxPortInitialiseStack                  0x10040e60   Section        0  port.o(i.pxPortInitialiseStack)
    i.sysc_awo_div_update_set                0x10040e84   Section        0  syscon.o(i.sysc_awo_div_update_set)
    sysc_awo_div_update_set                  0x10040e85   Thumb Code     6  syscon.o(i.sysc_awo_div_update_set)
    i.sysc_awo_rtc_div_para_m1_setf          0x10040e90   Section        0  syscon.o(i.sysc_awo_rtc_div_para_m1_setf)
    sysc_awo_rtc_div_para_m1_setf            0x10040e91   Thumb Code    14  syscon.o(i.sysc_awo_rtc_div_para_m1_setf)
    i.uxListRemove                           0x10040ea4   Section        0  list.o(i.uxListRemove)
    i.vListInitialise                        0x10040ecc   Section        0  list.o(i.vListInitialise)
    i.vListInitialiseItem                    0x10040ee6   Section        0  list.o(i.vListInitialiseItem)
    i.vListInsert                            0x10040eec   Section        0  list.o(i.vListInsert)
    i.vListInsertEnd                         0x10040f20   Section        0  list.o(i.vListInsertEnd)
    i.vPortEnterCritical                     0x10040f38   Section        0  port.o(i.vPortEnterCritical)
    i.vPortExitCritical                      0x10040f5c   Section        0  port.o(i.vPortExitCritical)
    i.vPortFree                              0x10040f7c   Section        0  heap_4.o(i.vPortFree)
    i.vPortSetupTimerInterrupt               0x10040fc4   Section        0  port.o(i.vPortSetupTimerInterrupt)
    i.vTask1                                 0x10040fd8   Section        0  main.o(i.vTask1)
    i.vTask2                                 0x10041004   Section        0  main.o(i.vTask2)
    i.vTaskDelay                             0x10041028   Section        0  tasks.o(i.vTaskDelay)
    i.vTaskStartScheduler                    0x1004105c   Section        0  tasks.o(i.vTaskStartScheduler)
    i.vTaskSuspendAll                        0x100410c0   Section        0  tasks.o(i.vTaskSuspendAll)
    i.vTaskSwitchContext                     0x100410d0   Section        0  tasks.o(i.vTaskSwitchContext)
    i.xPortStartScheduler                    0x10041130   Section        0  port.o(i.xPortStartScheduler)
    i.xTaskCreate                            0x10041164   Section        0  tasks.o(i.xTaskCreate)
    i.xTaskIncrementTick                     0x100411c4   Section        0  tasks.o(i.xTaskIncrementTick)
    i.xTaskResumeAll                         0x100412e0   Section        0  tasks.o(i.xTaskResumeAll)
    RESET                                    0x20000000   Section      136  startup_elf2.o(RESET)
    .data                                    0x20000088   Section        4  system_elf2.o(.data)
    .data                                    0x2000008c   Section       60  tasks.o(.data)
    pxDelayedTaskList                        0x20000090   Data           4  tasks.o(.data)
    pxOverflowDelayedTaskList                0x20000094   Data           4  tasks.o(.data)
    uxDeletedTasksWaitingCleanUp             0x20000098   Data           4  tasks.o(.data)
    uxCurrentNumberOfTasks                   0x2000009c   Data           4  tasks.o(.data)
    xTickCount                               0x200000a0   Data           4  tasks.o(.data)
    uxTopReadyPriority                       0x200000a4   Data           4  tasks.o(.data)
    xSchedulerRunning                        0x200000a8   Data           4  tasks.o(.data)
    uxPendedTicks                            0x200000ac   Data           4  tasks.o(.data)
    xYieldPending                            0x200000b0   Data           4  tasks.o(.data)
    xNumOfOverflows                          0x200000b4   Data           4  tasks.o(.data)
    uxTaskNumber                             0x200000b8   Data           4  tasks.o(.data)
    xNextTaskUnblockTime                     0x200000bc   Data           4  tasks.o(.data)
    xIdleTaskHandle                          0x200000c0   Data           4  tasks.o(.data)
    uxSchedulerSuspended                     0x200000c4   Data           4  tasks.o(.data)
    .data                                    0x200000c8   Section        4  port.o(.data)
    uxCriticalNesting                        0x200000c8   Data           4  port.o(.data)
    .data                                    0x200000cc   Section       24  heap_4.o(.data)
    xStart                                   0x200000cc   Data           8  heap_4.o(.data)
    pxEnd                                    0x200000d4   Data           4  heap_4.o(.data)
    xFreeBytesRemaining                      0x200000d8   Data           4  heap_4.o(.data)
    xMinimumEverFreeBytesRemaining           0x200000dc   Data           4  heap_4.o(.data)
    xBlockAllocatedBit                       0x200000e0   Data           4  heap_4.o(.data)
    .data                                    0x200000e4   Section        4  log.o(.data)
    .bss                                     0x200000e8   Section      200  tasks.o(.bss)
    pxReadyTasksLists                        0x200000e8   Data         100  tasks.o(.bss)
    xDelayedTaskList1                        0x2000014c   Data          20  tasks.o(.bss)
    xDelayedTaskList2                        0x20000160   Data          20  tasks.o(.bss)
    xPendingReadyList                        0x20000174   Data          20  tasks.o(.bss)
    xTasksWaitingTermination                 0x20000188   Data          20  tasks.o(.bss)
    xSuspendedTaskList                       0x2000019c   Data          20  tasks.o(.bss)
    .bss                                     0x200001b0   Section     8192  heap_4.o(.bss)
    ucHeap                                   0x200001b0   Data        8192  heap_4.o(.bss)
    .bss                                     0x200021b0   Section     1208  segger_rtt.o(.bss)
    _acUpBuffer                              0x20002258   Data        1024  segger_rtt.o(.bss)
    _acDownBuffer                            0x20002658   Data          16  segger_rtt.o(.bss)
    STACK                                    0x20002668   Section     1024  startup_elf2.o(STACK)

    Global Symbols

    Symbol Name                              Value     Ov Type        Size  Object(Section)

    BuildAttributes$$THM_ISAv4$P$D$K$B$S$PE$A:L22UL41UL21$X:L11$S22US41US21$IEEE1$IW$USESV6$~STKCKD$USESV7$~SHL$OSPACE$ROPI$EBA8$MICROLIB$REQ8$PRES8$EABIv2 0x00000000   Number         0  anon$$obj.o ABSOLUTE
    __ARM_use_no_argv                        0x00000000   Number         0  main.o ABSOLUTE
    _printf_a                                0x00000000   Number         0  stubs.o ABSOLUTE
    _printf_c                                0x00000000   Number         0  stubs.o ABSOLUTE
    _printf_charcount                        0x00000000   Number         0  stubs.o ABSOLUTE
    _printf_d                                0x00000000   Number         0  stubs.o ABSOLUTE
    _printf_e                                0x00000000   Number         0  stubs.o ABSOLUTE
    _printf_f                                0x00000000   Number         0  stubs.o ABSOLUTE
    _printf_flags                            0x00000000   Number         0  stubs.o ABSOLUTE
    _printf_fp_dec                           0x00000000   Number         0  stubs.o ABSOLUTE
    _printf_fp_hex                           0x00000000   Number         0  stubs.o ABSOLUTE
    _printf_g                                0x00000000   Number         0  stubs.o ABSOLUTE
    _printf_i                                0x00000000   Number         0  stubs.o ABSOLUTE
    _printf_int_dec                          0x00000000   Number         0  stubs.o ABSOLUTE
    _printf_l                                0x00000000   Number         0  stubs.o ABSOLUTE
    _printf_lc                               0x00000000   Number         0  stubs.o ABSOLUTE
    _printf_ll                               0x00000000   Number         0  stubs.o ABSOLUTE
    _printf_lld                              0x00000000   Number         0  stubs.o ABSOLUTE
    _printf_lli                              0x00000000   Number         0  stubs.o ABSOLUTE
    _printf_llo                              0x00000000   Number         0  stubs.o ABSOLUTE
    _printf_llu                              0x00000000   Number         0  stubs.o ABSOLUTE
    _printf_llx                              0x00000000   Number         0  stubs.o ABSOLUTE
    _printf_longlong_dec                     0x00000000   Number         0  stubs.o ABSOLUTE
    _printf_longlong_hex                     0x00000000   Number         0  stubs.o ABSOLUTE
    _printf_longlong_oct                     0x00000000   Number         0  stubs.o ABSOLUTE
    _printf_ls                               0x00000000   Number         0  stubs.o ABSOLUTE
    _printf_mbtowc                           0x00000000   Number         0  stubs.o ABSOLUTE
    _printf_n                                0x00000000   Number         0  stubs.o ABSOLUTE
    _printf_o                                0x00000000   Number         0  stubs.o ABSOLUTE
    _printf_p                                0x00000000   Number         0  stubs.o ABSOLUTE
    _printf_percent                          0x00000000   Number         0  stubs.o ABSOLUTE
    _printf_pre_padding                      0x00000000   Number         0  stubs.o ABSOLUTE
    _printf_return_value                     0x00000000   Number         0  stubs.o ABSOLUTE
    _printf_s                                0x00000000   Number         0  stubs.o ABSOLUTE
    _printf_sizespec                         0x00000000   Number         0  stubs.o ABSOLUTE
    _printf_str                              0x00000000   Number         0  stubs.o ABSOLUTE
    _printf_truncate_signed                  0x00000000   Number         0  stubs.o ABSOLUTE
    _printf_truncate_unsigned                0x00000000   Number         0  stubs.o ABSOLUTE
    _printf_u                                0x00000000   Number         0  stubs.o ABSOLUTE
    _printf_wc                               0x00000000   Number         0  stubs.o ABSOLUTE
    _printf_wctomb                           0x00000000   Number         0  stubs.o ABSOLUTE
    _printf_widthprec                        0x00000000   Number         0  stubs.o ABSOLUTE
    _printf_x                                0x00000000   Number         0  stubs.o ABSOLUTE
    __cpp_initialize__aeabi_                  - Undefined Weak Reference
    __cxa_finalize                            - Undefined Weak Reference
    __decompress                              - Undefined Weak Reference
    _clock_init                               - Undefined Weak Reference
    _microlib_exit                            - Undefined Weak Reference
    __Vectors_Size                           0x00000088   Number         0  startup_elf2.o ABSOLUTE
    __main                                   0x10040089   Thumb Code     0  entry.o(.ARM.Collect$$$$00000000)
    _main_stk                                0x10040089   Thumb Code     0  entry2.o(.ARM.Collect$$$$00000001)
    _main_scatterload                        0x1004008d   Thumb Code     0  entry5.o(.ARM.Collect$$$$00000004)
    __main_after_scatterload                 0x10040091   Thumb Code     0  entry5.o(.ARM.Collect$$$$00000004)
    _main_clock                              0x10040091   Thumb Code     0  entry7b.o(.ARM.Collect$$$$00000008)
    _main_cpp_init                           0x10040091   Thumb Code     0  entry8b.o(.ARM.Collect$$$$0000000A)
    _main_init                               0x10040091   Thumb Code     0  entry9a.o(.ARM.Collect$$$$0000000B)
    __rt_final_cpp                           0x10040099   Thumb Code     0  entry10a.o(.ARM.Collect$$$$0000000D)
    __rt_final_exit                          0x10040099   Thumb Code     0  entry11a.o(.ARM.Collect$$$$0000000F)
    SVC_Handler                              0x1004009d   Thumb Code    32  port.o(.emb_text)
    __asm___6_port_c_39a90d8d__prvStartFirstTask 0x100400c1   Thumb Code    28  port.o(.emb_text)
    PendSV_Handler                           0x100400e1   Thumb Code    72  port.o(.emb_text)
    vPortGetIPSR                             0x1004012d   Thumb Code     6  port.o(.emb_text)
    Reset_Handler                            0x10040135   Thumb Code     8  startup_elf2.o(.text)
    NMI_Handler                              0x1004013d   Thumb Code     2  startup_elf2.o(.text)
    HardFault_Handler                        0x1004013f   Thumb Code     2  startup_elf2.o(.text)
    MemManage_Handler                        0x10040141   Thumb Code     2  startup_elf2.o(.text)
    BusFault_Handler                         0x10040143   Thumb Code     2  startup_elf2.o(.text)
    UsageFault_Handler                       0x10040145   Thumb Code     2  startup_elf2.o(.text)
    DebugMon_Handler                         0x10040149   Thumb Code     2  startup_elf2.o(.text)
    ADCC0_IRQHandler                         0x1004014f   Thumb Code     0  startup_elf2.o(.text)
    ADCC1_IRQHandler                         0x1004014f   Thumb Code     0  startup_elf2.o(.text)
    ADCC2_IRQHandler                         0x1004014f   Thumb Code     0  startup_elf2.o(.text)
    ADCC3_IRQHandler                         0x1004014f   Thumb Code     0  startup_elf2.o(.text)
    ADCC4_IRQHandler                         0x1004014f   Thumb Code     0  startup_elf2.o(.text)
    ADCC5_IRQHandler                         0x1004014f   Thumb Code     0  startup_elf2.o(.text)
    DMAC_IRQHandler                          0x1004014f   Thumb Code     0  startup_elf2.o(.text)
    EXT_IRQHandler                           0x1004014f   Thumb Code     0  startup_elf2.o(.text)
    GPIO_IRQHandler                          0x1004014f   Thumb Code     0  startup_elf2.o(.text)
    I2C0_IRQHandler                          0x1004014f   Thumb Code     0  startup_elf2.o(.text)
    I2C1_IRQHandler                          0x1004014f   Thumb Code     0  startup_elf2.o(.text)
    I2S_IRQHandler                           0x1004014f   Thumb Code     0  startup_elf2.o(.text)
    QSPI_IRQHandler                          0x1004014f   Thumb Code     0  startup_elf2.o(.text)
    RTC_IRQHandler                           0x1004014f   Thumb Code     0  startup_elf2.o(.text)
    SPIM_IRQHandler                          0x1004014f   Thumb Code     0  startup_elf2.o(.text)
    TIMER_IRQHandler                         0x1004014f   Thumb Code     0  startup_elf2.o(.text)
    UART_IRQHandler                          0x1004014f   Thumb Code     0  startup_elf2.o(.text)
    WDT_IRQHandler                           0x1004014f   Thumb Code     0  startup_elf2.o(.text)
    __aeabi_memcpy                           0x10040159   Thumb Code    36  memcpya.o(.text)
    __aeabi_memcpy4                          0x10040159   Thumb Code     0  memcpya.o(.text)
    __aeabi_memcpy8                          0x10040159   Thumb Code     0  memcpya.o(.text)
    strcpy                                   0x1004017d   Thumb Code    18  strcpy.o(.text)
    __aeabi_uidiv                            0x1004018f   Thumb Code     0  uidiv.o(.text)
    __aeabi_uidivmod                         0x1004018f   Thumb Code    44  uidiv.o(.text)
    __scatterload                            0x100401bd   Thumb Code    28  init.o(.text)
    __scatterload_rt2                        0x100401bd   Thumb Code     0  init.o(.text)
    HAL_SYSCON_HCLK_Src_Sel                  0x100401e1   Thumb Code    18  syscon.o(i.HAL_SYSCON_HCLK_Src_Sel)
    HAL_SYSCON_Set_HClk_Div                  0x100401f9   Thumb Code    48  syscon.o(i.HAL_SYSCON_Set_HClk_Div)
    HAL_SYSCON_Set_PClk0_Div                 0x10040265   Thumb Code    54  syscon.o(i.HAL_SYSCON_Set_PClk0_Div)
    HAL_SYSCON_Set_PClk1_Div                 0x100402d5   Thumb Code    48  syscon.o(i.HAL_SYSCON_Set_PClk1_Div)
    HAL_SYSCON_Set_RTC_Div                   0x10040341   Thumb Code    90  syscon.o(i.HAL_SYSCON_Set_RTC_Div)
    SEGGER_RTT_Write                         0x10040401   Thumb Code    68  segger_rtt.o(i.SEGGER_RTT_Write)
    SEGGER_RTT_WriteNoLock                   0x10040449   Thumb Code   126  segger_rtt.o(i.SEGGER_RTT_WriteNoLock)
    SysTick_Handler                          0x100404cd   Thumb Code    46  port.o(i.SysTick_Handler)
    SystemInit                               0x10040501   Thumb Code   106  system_elf2.o(i.SystemInit)
    __0printf$3                              0x100406c9   Thumb Code    22  printf3.o(i.__0printf$3)
    __1printf$3                              0x100406c9   Thumb Code     0  printf3.o(i.__0printf$3)
    __2printf                                0x100406c9   Thumb Code     0  printf3.o(i.__0printf$3)
    __aeabi_assert                           0x100406e9   Thumb Code    24  debug.o(i.__aeabi_assert)
    __scatterload_copy                       0x10040729   Thumb Code    14  handlers.o(i.__scatterload_copy)
    __scatterload_null                       0x10040737   Thumb Code     2  handlers.o(i.__scatterload_null)
    __scatterload_zeroinit                   0x10040739   Thumb Code    14  handlers.o(i.__scatterload_zeroinit)
    fputc                                    0x10040919   Thumb Code    18  log.o(i.fputc)
    main                                     0x1004092d   Thumb Code    56  main.o(i.main)
    pvPortMalloc                             0x10040d91   Thumb Code   188  heap_4.o(i.pvPortMalloc)
    pxPortInitialiseStack                    0x10040e61   Thumb Code    30  port.o(i.pxPortInitialiseStack)
    uxListRemove                             0x10040ea5   Thumb Code    40  list.o(i.uxListRemove)
    vListInitialise                          0x10040ecd   Thumb Code    26  list.o(i.vListInitialise)
    vListInitialiseItem                      0x10040ee7   Thumb Code     6  list.o(i.vListInitialiseItem)
    vListInsert                              0x10040eed   Thumb Code    52  list.o(i.vListInsert)
    vListInsertEnd                           0x10040f21   Thumb Code    24  list.o(i.vListInsertEnd)
    vPortEnterCritical                       0x10040f39   Thumb Code    30  port.o(i.vPortEnterCritical)
    vPortExitCritical                        0x10040f5d   Thumb Code    28  port.o(i.vPortExitCritical)
    vPortFree                                0x10040f7d   Thumb Code    64  heap_4.o(i.vPortFree)
    vPortSetupTimerInterrupt                 0x10040fc5   Thumb Code    14  port.o(i.vPortSetupTimerInterrupt)
    vTask1                                   0x10040fd9   Thumb Code    18  main.o(i.vTask1)
    vTask2                                   0x10041005   Thumb Code    18  main.o(i.vTask2)
    vTaskDelay                               0x10041029   Thumb Code    46  tasks.o(i.vTaskDelay)
    vTaskStartScheduler                      0x1004105d   Thumb Code    72  tasks.o(i.vTaskStartScheduler)
    vTaskSuspendAll                          0x100410c1   Thumb Code    12  tasks.o(i.vTaskSuspendAll)
    vTaskSwitchContext                       0x100410d1   Thumb Code    76  tasks.o(i.vTaskSwitchContext)
    xPortStartScheduler                      0x10041131   Thumb Code    42  port.o(i.xPortStartScheduler)
    xTaskCreate                              0x10041165   Thumb Code    96  tasks.o(i.xTaskCreate)
    xTaskIncrementTick                       0x100411c5   Thumb Code   238  tasks.o(i.xTaskIncrementTick)
    xTaskResumeAll                           0x100412e1   Thumb Code   196  tasks.o(i.xTaskResumeAll)
    Region$$Table$$Base                      0x100413c8   Number         0  anon$$obj.o(Region$$Table)
    Region$$Table$$Limit                     0x100413f8   Number         0  anon$$obj.o(Region$$Table)
    __Vectors                                0x20000000   Data           4  startup_elf2.o(RESET)
    SystemCoreClock                          0x20000088   Data           4  system_elf2.o(.data)
    __Vectors_End                            0x20000088   Data           0  startup_elf2.o(RESET)
    pxCurrentTCB                             0x2000008c   Data           4  tasks.o(.data)
    __stdout                                 0x200000e4   Data           4  log.o(.data)
    _SEGGER_RTT                              0x200021b0   Data         168  segger_rtt.o(.bss)
    __initial_sp                             0x20002a68   Data           0  startup_elf2.o(STACK)



==============================================================================

Memory Map of the image

  Image Entry point : 0x10040089

  Load Region LR_FLASH (Base: 0x10040000, Size: 0x00001458, Max: 0x00040000, ABSOLUTE)

    Execution Region ER_FLASH (Base: 0x10040088, Size: 0x00001370, Max: 0x00040000, ABSOLUTE)

    Base Addr    Size         Type   Attr      Idx    E Section Name        Object

    0x10040088   0x00000000   Code   RO         1206  * .ARM.Collect$$$$00000000  mc_w.l(entry.o)
    0x10040088   0x00000004   Code   RO         1478    .ARM.Collect$$$$00000001  mc_w.l(entry2.o)
    0x1004008c   0x00000004   Code   RO         1481    .ARM.Collect$$$$00000004  mc_w.l(entry5.o)
    0x10040090   0x00000000   Code   RO         1483    .ARM.Collect$$$$00000008  mc_w.l(entry7b.o)
    0x10040090   0x00000000   Code   RO         1485    .ARM.Collect$$$$0000000A  mc_w.l(entry8b.o)
    0x10040090   0x00000008   Code   RO         1486    .ARM.Collect$$$$0000000B  mc_w.l(entry9a.o)
    0x10040098   0x00000000   Code   RO         1488    .ARM.Collect$$$$0000000D  mc_w.l(entry10a.o)
    0x10040098   0x00000000   Code   RO         1490    .ARM.Collect$$$$0000000F  mc_w.l(entry11a.o)
    0x10040098   0x00000004   Code   RO         1479    .ARM.Collect$$$$00002712  mc_w.l(entry2.o)
    0x1004009c   0x00000096   Code   RO          613    .emb_text           port.o
    0x10040132   0x00000002   PAD
    0x10040134   0x00000024   Code   RO           73    .text               startup_elf2.o
    0x10040158   0x00000024   Code   RO         1209    .text               mc_w.l(memcpya.o)
    0x1004017c   0x00000012   Code   RO         1213    .text               mc_w.l(strcpy.o)
    0x1004018e   0x0000002c   Code   RO         1492    .text               mc_w.l(uidiv.o)
    0x100401ba   0x00000002   PAD
    0x100401bc   0x00000024   Code   RO         1507    .text               mc_w.l(init.o)
    0x100401e0   0x00000018   Code   RO         1003    i.HAL_SYSCON_HCLK_Src_Sel  ELF2_CM3_Lib.lib(syscon.o)
    0x100401f8   0x0000006c   Code   RO         1007    i.HAL_SYSCON_Set_HClk_Div  ELF2_CM3_Lib.lib(syscon.o)
    0x10040264   0x00000070   Code   RO         1008    i.HAL_SYSCON_Set_PClk0_Div  ELF2_CM3_Lib.lib(syscon.o)
    0x100402d4   0x0000006c   Code   RO         1009    i.HAL_SYSCON_Set_PClk1_Div  ELF2_CM3_Lib.lib(syscon.o)
    0x10040340   0x000000c0   Code   RO         1010    i.HAL_SYSCON_Set_RTC_Div  ELF2_CM3_Lib.lib(syscon.o)
    0x10040400   0x00000048   Code   RO          801    i.SEGGER_RTT_Write  segger_rtt.o
    0x10040448   0x00000084   Code   RO          802    i.SEGGER_RTT_WriteNoLock  segger_rtt.o
    0x100404cc   0x00000034   Code   RO          614    i.SysTick_Handler   port.o
    0x10040500   0x0000007c   Code   RO           82    i.SystemInit        system_elf2.o
    0x1004057c   0x00000070   Code   RO          806    i._DoInit           segger_rtt.o
    0x100405ec   0x0000001c   Code   RO          807    i._GetAvailWriteSpace  segger_rtt.o
    0x10040608   0x00000072   Code   RO          809    i._WriteBlocking    segger_rtt.o
    0x1004067a   0x0000004c   Code   RO          810    i._WriteNoCheck     segger_rtt.o
    0x100406c6   0x00000002   PAD
    0x100406c8   0x00000020   Code   RO         1306    i.__0printf$3       mc_w.l(printf3.o)
    0x100406e8   0x00000040   Code   RO          762    i.__aeabi_assert    debug.o
    0x10040728   0x0000000e   Code   RO         1519    i.__scatterload_copy  mc_w.l(handlers.o)
    0x10040736   0x00000002   Code   RO         1520    i.__scatterload_null  mc_w.l(handlers.o)
    0x10040738   0x0000000e   Code   RO         1521    i.__scatterload_zeroinit  mc_w.l(handlers.o)
    0x10040746   0x00000002   PAD
    0x10040748   0x000001b8   Code   RO         1313    i._printf_core      mc_w.l(printf3.o)
    0x10040900   0x00000018   Code   RO           83    i.delay             system_elf2.o
    0x10040918   0x00000012   Code   RO          733    i.fputc             log.o
    0x1004092a   0x00000002   PAD
    0x1004092c   0x00000060   Code   RO            1    i.main              main.o
    0x1004098c   0x00000098   Code   RO          331    i.prvAddCurrentTaskToDelayedList  tasks.o
    0x10040a24   0x000000b4   Code   RO          332    i.prvAddNewTaskToReadyList  tasks.o
    0x10040ad8   0x00000064   Code   RO          333    i.prvCheckTasksWaitingTermination  tasks.o
    0x10040b3c   0x00000012   Code   RO          334    i.prvDeleteTCB      tasks.o
    0x10040b4e   0x00000002   PAD
    0x10040b50   0x0000007c   Code   RO          684    i.prvHeapInit       heap_4.o
    0x10040bcc   0x00000028   Code   RO          335    i.prvIdleTask       tasks.o
    0x10040bf4   0x00000080   Code   RO          336    i.prvInitialiseNewTask  tasks.o
    0x10040c74   0x00000068   Code   RO          337    i.prvInitialiseTaskLists  tasks.o
    0x10040cdc   0x00000068   Code   RO          685    i.prvInsertBlockIntoFreeList  heap_4.o
    0x10040d44   0x00000034   Code   RO          338    i.prvResetNextTaskUnblockTime  tasks.o
    0x10040d78   0x00000016   Code   RO          615    i.prvTaskExitError  port.o
    0x10040d8e   0x00000002   PAD
    0x10040d90   0x000000d0   Code   RO          686    i.pvPortMalloc      heap_4.o
    0x10040e60   0x00000024   Code   RO          616    i.pxPortInitialiseStack  port.o
    0x10040e84   0x0000000c   Code   RO         1012    i.sysc_awo_div_update_set  ELF2_CM3_Lib.lib(syscon.o)
    0x10040e90   0x00000014   Code   RO         1015    i.sysc_awo_rtc_div_para_m1_setf  ELF2_CM3_Lib.lib(syscon.o)
    0x10040ea4   0x00000028   Code   RO          144    i.uxListRemove      list.o
    0x10040ecc   0x0000001a   Code   RO          145    i.vListInitialise   list.o
    0x10040ee6   0x00000006   Code   RO          146    i.vListInitialiseItem  list.o
    0x10040eec   0x00000034   Code   RO          147    i.vListInsert       list.o
    0x10040f20   0x00000018   Code   RO          148    i.vListInsertEnd    list.o
    0x10040f38   0x00000024   Code   RO          618    i.vPortEnterCritical  port.o
    0x10040f5c   0x00000020   Code   RO          619    i.vPortExitCritical  port.o
    0x10040f7c   0x00000048   Code   RO          687    i.vPortFree         heap_4.o
    0x10040fc4   0x00000014   Code   RO          620    i.vPortSetupTimerInterrupt  port.o
    0x10040fd8   0x0000002c   Code   RO            2    i.vTask1            main.o
    0x10041004   0x00000024   Code   RO            3    i.vTask2            main.o
    0x10041028   0x00000034   Code   RO          345    i.vTaskDelay        tasks.o
    0x1004105c   0x00000064   Code   RO          356    i.vTaskStartScheduler  tasks.o
    0x100410c0   0x00000010   Code   RO          358    i.vTaskSuspendAll   tasks.o
    0x100410d0   0x00000060   Code   RO          359    i.vTaskSwitchContext  tasks.o
    0x10041130   0x00000034   Code   RO          621    i.xPortStartScheduler  port.o
    0x10041164   0x00000060   Code   RO          361    i.xTaskCreate       tasks.o
    0x100411c4   0x0000011c   Code   RO          366    i.xTaskIncrementTick  tasks.o
    0x100412e0   0x000000e8   Code   RO          371    i.xTaskResumeAll    tasks.o
    0x100413c8   0x00000030   Data   RO         1517    Region$$Table       anon$$obj.o


    Execution Region ISR_VECTOR (Base: 0x20000000, Size: 0x00000088, Max: 0xffffffff, ABSOLUTE)

    Base Addr    Size         Type   Attr      Idx    E Section Name        Object

    0x20000000   0x00000088   Data   RO           72    RESET               startup_elf2.o


    Execution Region INT_CALLBACK_TBL (Base: 0x20000088, Size: 0x00000000, Max: 0xffffffff, ABSOLUTE)

    **** No section assigned to this execution region ****


    Execution Region CODE_IN_RAM (Base: 0x20000088, Size: 0x00000000, Max: 0xffffffff, ABSOLUTE)

    **** No section assigned to this execution region ****


    Execution Region DATA_IN_RAM (Base: 0x20000088, Size: 0x000029e0, Max: 0xffffffff, ABSOLUTE)

    Base Addr    Size         Type   Attr      Idx    E Section Name        Object

    0x20000088   0x00000004   Data   RW           84    .data               system_elf2.o
    0x2000008c   0x0000003c   Data   RW          374    .data               tasks.o
    0x200000c8   0x00000004   Data   RW          622    .data               port.o
    0x200000cc   0x00000018   Data   RW          692    .data               heap_4.o
    0x200000e4   0x00000004   Data   RW          734    .data               log.o
    0x200000e8   0x000000c8   Zero   RW          373    .bss                tasks.o
    0x200001b0   0x00002000   Zero   RW          691    .bss                heap_4.o
    0x200021b0   0x000004b8   Zero   RW          811    .bss                segger_rtt.o
    0x20002668   0x00000400   Zero   RW           70    STACK               startup_elf2.o


==============================================================================

Image component sizes


      Code (inc. data)   RO Data    RW Data    ZI Data      Debug   Object Name

        64         40          0          0          0        601   debug.o
       508         62          0         24       8192       4407   heap_4.o
       148          0          0          0          0       5086   list.o
        18          0          0          4          0       2542   log.o
       176         84          0          0          0      13329   main.o
       400         50          0          4          0      10064   port.o
       534         48          0          0       1208       8038   segger_rtt.o
        36          8        136          0       1024        896   startup_elf2.o
       148         18          0          4          0       1411   system_elf2.o
      1650        264          0         60        200      23101   tasks.o

    ----------------------------------------------------------------------
      3692        574        184         96      10624      69475   Object Totals
         0          0         48          0          0          0   (incl. Generated)
        10          0          0          0          0          0   (incl. Padding)

    ----------------------------------------------------------------------

      Code (inc. data)   RO Data    RW Data    ZI Data      Debug   Library Member Name

       576        298          0          0          0      32375   syscon.o
         0          0          0          0          0          0   entry.o
         0          0          0          0          0          0   entry10a.o
         0          0          0          0          0          0   entry11a.o
         8          4          0          0          0          0   entry2.o
         4          0          0          0          0          0   entry5.o
         0          0          0          0          0          0   entry7b.o
         0          0          0          0          0          0   entry8b.o
         8          4          0          0          0          0   entry9a.o
        30          0          0          0          0          0   handlers.o
        36          8          0          0          0         68   init.o
        36          0          0          0          0         68   memcpya.o
       472         14          0          0          0        184   printf3.o
        18          0          0          0          0         68   strcpy.o
        44          0          0          0          0         80   uidiv.o

    ----------------------------------------------------------------------
      1236        328          0          0          0      32843   Library Totals
         4          0          0          0          0          0   (incl. Padding)

    ----------------------------------------------------------------------

      Code (inc. data)   RO Data    RW Data    ZI Data      Debug   Library Name

       576        298          0          0          0      32375   ELF2_CM3_Lib.lib
       656         30          0          0          0        468   mc_w.l

    ----------------------------------------------------------------------
      1236        328          0          0          0      32843   Library Totals

    ----------------------------------------------------------------------

==============================================================================


      Code (inc. data)   RO Data    RW Data    ZI Data      Debug   

      4928        902        184         96      10624      99714   Grand Totals
      4928        902        184         96      10624      99714   ELF Image Totals
      4928        902        184         96          0          0   ROM Totals

==============================================================================

    Total RO  Size (Code + RO Data)                 5112 (   4.99kB)
    Total RW  Size (RW Data + ZI Data)             10720 (  10.47kB)
    Total ROM Size (Code + RO Data + RW Data)       5208 (   5.09kB)

==============================================================================

