<html>
<body>
<pre>
<h1>µVision Build Log</h1>
<h2>Tool Versions:</h2>
IDE-Version: ¦ÌVision V5.15
Copyright (C) 2015 ARM Ltd and ARM Germany GmbH. All rights reserved.
License Information: A AutoBVT, Microsoft, LIC=HN08T-RCE1H-8SAYU-SFWR2-ST45E-EQ3HD
 
Tool Versions:
Toolchain:       MDK-ARM Standard  Version: 5.15.0
Toolchain Path:  C:\Keil_v5\ARM\ARMCC\Bin
C Compiler:      Armcc.exe V5.05 update 2 (build 169)
Assembler:       Armasm.exe V5.05 update 2 (build 169)
Linker/Locator:  ArmLink.exe V5.05 update 2 (build 169)
Library Manager: ArmAr.exe V5.05 update 2 (build 169)
Hex Converter:   FromElf.exe V5.05 update 2 (build 169)
CPU DLL:         SARMCM3.DLL V5.15.0
Dialog DLL:      DCM.DLL V1.13.2.0
Target DLL:      Segger\JL2CM3.dll V2.99.15.0
Dialog DLL:      TCM.DLL V1.14.5.0
 
<h2>Project:</h2>
G:\ELF2_SOC_Shanghai\trunk\Demo\I2C_Demo\KEIL\demo.uvprojx
Project File Date:  08/07/2018

<h2>Output:</h2>
*** Using Compiler 'V5.06 update 5 (build 528)', folder: 'C:\Keil_v5\ARM\ARMCC\Bin'
Rebuild target 'demo'
compiling main.c...
compiling system_elf2.c...
assembling startup_elf2.s...
compiling int_register.c...
compiling intc.c...
compiling debug.c...
compiling log.c...
compiling SEGGER_RTT.c...
compiling SEGGER_RTT_printf.c...
compiling test_gpio.c...
compiling test_i2c.c...
linking...
Program Size: Code=6992 RO-data=184 RW-data=1176 ZI-data=2584  
After Build - User command #1: fromelf -c -v -a --output=demo.asm Objects\demo.axf
After Build - User command #2: fromelf --bin --output=demo.bin Objects\demo.axf
".\Objects\demo.axf" - 0 Error(s), 0 Warning(s).

<h2>Collection of Component include folders:</h2>
  G:\ELF2_SOC_Shanghai\trunk\Demo\I2C_Demo\KEIL\RTE
  C:\Keil_v5\ARM\PACK\ARM\CMSIS\4.3.0\Device\ARM\ARMCM3\Include

<h2>Collection of Component Files used:</h2>
</pre>
</body>
</html>
