<html>
<body>
<pre>
<h1>µVision Build Log</h1>
<h2>Tool Versions:</h2>
IDE-Version: ¦ÌVision V5.24.2.0
Copyright (C) 2017 ARM Ltd and ARM Germany GmbH. All rights reserved.
License Information: rgerg gegsdg, srgrg, LIC=TIVPC-73R9Q-MMT9I-TFZZU-DYAS6-Z9VQJ
 
Tool Versions:
Toolchain:       MDK-ARM Plus  Version: 5.24.1
Toolchain Path:  D:\keil\ARM\ARMCC\Bin
C Compiler:      Armcc.exe V5.06 update 5 (build 528)
Assembler:       Armasm.exe V5.06 update 5 (build 528)
Linker/Locator:  ArmLink.exe V5.06 update 5 (build 528)
Library Manager: ArmAr.exe V5.06 update 5 (build 528)
Hex Converter:   FromElf.exe V5.06 update 5 (build 528)
CPU DLL:         SARMCM3.DLL V5.24.1
Dialog DLL:      DCM.DLL V1.16.0.0
Target DLL:      Segger\JL2CM3.dll V2.99.26.0
Dialog DLL:      TCM.DLL V1.32.0.0
 
<h2>Project:</h2>
E:\ELF2_SOC\trunk\Basic_Demo\ADC_Demo\KEIL\demo.uvprojx
Project File Date:  08/15/2018

<h2>Output:</h2>
*** Using Compiler 'V5.06 update 5 (build 528)', folder: 'D:\keil\ARM\ARMCC\Bin'
Rebuild target 'demo'
compiling main.c...
assembling startup_elf2.s...
compiling system_elf2.c...
compiling int_register.c...
compiling debug.c...
compiling log.c...
compiling intc.c...
compiling SEGGER_RTT.c...
compiling SEGGER_RTT_printf.c...
compiling test_gpio.c...
compiling test_adc.c...
src\test_adc.c(52): warning:  #188-D: enumerated type mixed with another type
  	HAL_ADCCM_Single_Channel(ADC_IN4, ADCC_CONTINUOUS_MODE, ADC_INT_EOC|ADC_INT_OVERRUN|ADC_INT_EOS);
src\test_adc.c: 1 warning, 0 errors
linking...
Program Size: Code=6880 RO-data=204 RW-data=156 ZI-data=2652  
After Build - User command #1: fromelf -c -v -a --output=demo.asm Objects\demo.axf
After Build - User command #2: fromelf --bin --output=demo.bin Objects\demo.axf
".\Objects\demo.axf" - 0 Error(s), 1 Warning(s).

<h2>Software Packages used:</h2>

Package Vendor: ARM
                http://www.keil.com/pack/ARM.CMSIS.5.3.0.pack
                ARM.CMSIS.5.3.0
                CMSIS (Cortex Microcontroller Software Interface Standard)

<h2>Collection of Component include folders:</h2>
  .\RTE\_demo
  D:\keil\ARM\PACK\ARM\CMSIS\5.3.0\Device\ARM\ARMCM3\Include

<h2>Collection of Component Files used:</h2>
Build Time Elapsed:  00:00:03
</pre>
</body>
</html>
